07:27:00 on lesson-run6, Assembly 1
07:27:26 on lesson-run6, Assembly 1
07:27:26 about to click Insert on the assembly toolbar at (190, 58)
07:27:26 clicked Insert on the assembly toolbar -> 02-b-done-insert-on-the-assembly-toolbar.png
07:27:54 on lesson-run6, Assembly 1
07:27:54 about to click the Other documents tab at (396, 135)
07:27:55 clicked the Other documents tab -> 04-b-done-the-other-documents-tab.png
07:28:34 on lesson-run6, Assembly 1
07:28:34 about to click the home icon, to list every document at (266, 182)
07:28:35 clicked the home icon, to list every document -> 06-b-done-the-home-icon-to-list-every-document.png
07:29:03 on lesson-run6, Assembly 1
07:29:03 about to click the search box at (398, 183)
07:29:04 clicked the search box -> 08-b-done-the-search-box.png
07:29:41 on lesson-run6, Assembly 1
07:30:22 on lesson-run6, Assembly 1
07:30:22 about to click the torso-run6 document in the results at (358, 218)
07:30:23 clicked the torso-run6 document in the results -> 11-b-done-the-torso-run6-document-in-the-results.png
07:30:56 on lesson-run6, Assembly 1
07:30:56 about to click the Torso part, which inserts one instance at (451, 380)
07:30:58 clicked the Torso part, which inserts one instance -> 14-b-done-the-torso-part-which-inserts-one-instance.png
07:31:58 on lesson-run6, Assembly 1
07:31:58 about to click the green tick, which keeps the inserted instance at (503, 93)
07:31:59 clicked the green tick, which keeps the inserted instance -> 16-b-done-the-green-tick-which-keeps-the-inserted-instance.png
07:34:22 on lesson-run6, Assembly 1
07:34:22 about to click Insert on the assembly toolbar at (190, 58)
07:34:23 clicked Insert on the assembly toolbar -> 17-b-done-insert-on-the-assembly-toolbar.png
07:34:26 about to click the Other documents tab at (396, 135)
07:34:26 clicked the Other documents tab -> 18-b-done-the-other-documents-tab.png
07:34:28 about to click the home icon, to search every document at (266, 182)
07:34:29 clicked the home icon, to search every document -> 19-b-done-the-home-icon-to-search-every-document.png
07:34:32 about to click the search box at (398, 183)
07:34:33 clicked the search box -> 20-b-done-the-search-box.png
07:34:39 about to click the head-run6 document at (357, 218)
07:34:39 clicked the head-run6 document -> 21-b-done-the-head-run6-document.png
07:35:06 on lesson-run6, Assembly 1
07:35:06 about to click Insert on the assembly toolbar at (190, 58)
07:35:07 clicked Insert on the assembly toolbar -> 22-b-done-insert-on-the-assembly-toolbar.png
07:35:10 about to click the Other documents tab at (396, 135)
07:35:11 clicked the Other documents tab -> 23-b-done-the-other-documents-tab.png
07:35:13 about to click the home icon, to search every document at (266, 182)
07:35:14 clicked the home icon, to search every document -> 24-b-done-the-home-icon-to-search-every-document.png
07:35:16 about to click the search box at (398, 183)
07:35:17 clicked the search box -> 25-b-done-the-search-box.png
07:35:23 about to click the head-run6 document at (357, 257)
07:35:24 clicked the head-run6 document -> 26-b-done-the-head-run6-document.png
07:37:18 on lesson-run6, Assembly 1
07:37:20 about to click Insert on the assembly toolbar at (190, 58)
07:37:21 clicked Insert on the assembly toolbar -> 27-b-done-insert-on-the-assembly-toolbar.png
07:37:24 about to click the Other documents tab at (396, 135)
07:37:25 clicked the Other documents tab -> 28-b-done-the-other-documents-tab.png
07:37:27 about to click the home icon, to search every document at (266, 182)
07:37:28 clicked the home icon, to search every document -> 29-b-done-the-home-icon-to-search-every-document.png
07:37:30 about to click the search box at (398, 183)
07:37:31 clicked the search box -> 30-b-done-the-search-box.png
07:37:37 about to click the head-run6 document at (357, 257)
07:37:38 clicked the head-run6 document -> 31-b-done-the-head-run6-document.png
07:38:48 on lesson-run6, Assembly 1
07:38:50 about to click Insert on the assembly toolbar at (190, 58)
07:38:51 clicked Insert on the assembly toolbar -> 32-b-done-insert-on-the-assembly-toolbar.png
07:38:54 about to click the Other documents tab at (396, 135)
07:38:55 clicked the Other documents tab -> 33-b-done-the-other-documents-tab.png
07:38:57 about to click the home icon, to search every document at (266, 182)
07:38:57 clicked the home icon, to search every document -> 34-b-done-the-home-icon-to-search-every-document.png
07:39:00 about to click the search box at (398, 183)
07:39:01 clicked the search box -> 35-b-done-the-search-box.png
07:39:07 about to click the head-run6 document at (357, 257)
07:39:08 clicked the head-run6 document -> 36-b-done-the-head-run6-document.png
07:39:13 head-run6 is open at version head-run6-mates-2026-08-15
07:39:13 about to click the Head part (instance 1) at (451, 380)
07:39:14 clicked the Head part (instance 1) -> 38-b-done-the-head-part-instance-1.png
07:39:17 about to click the home icon, to search every document at (266, 182)
07:39:18 clicked the home icon, to search every document -> 39-b-done-the-home-icon-to-search-every-document.png
07:39:20 about to click the search box at (398, 183)
07:39:21 clicked the search box -> 40-b-done-the-search-box.png
07:39:27 about to click the limb-socket-clevis-run6 document at (402, 257)
07:39:28 clicked the limb-socket-clevis-run6 document -> 41-b-done-the-limb-socket-clevis-run6-document.png
07:39:33 limb-socket-clevis-run6 is open at version limb-socket-clevis-run6-named-2026-08-15
07:39:33 about to click the Upper limb part (instance 1) at (451, 380)
07:39:40 clicked the Upper limb part (instance 1) -> 43-b-done-the-upper-limb-part-instance-1.png
07:39:43 about to click the Upper limb part (instance 2) at (451, 380)
07:39:46 clicked the Upper limb part (instance 2) -> 44-b-done-the-upper-limb-part-instance-2.png
07:39:49 about to click the Upper limb part (instance 3) at (451, 380)
07:39:52 clicked the Upper limb part (instance 3) -> 45-b-done-the-upper-limb-part-instance-3.png
07:39:55 about to click the Upper limb part (instance 4) at (451, 380)
07:39:58 clicked the Upper limb part (instance 4) -> 46-b-done-the-upper-limb-part-instance-4.png
07:40:01 about to click the home icon, to search every document at (266, 182)
07:40:02 clicked the home icon, to search every document -> 47-b-done-the-home-icon-to-search-every-document.png
07:40:04 about to click the search box at (398, 183)
07:40:05 clicked the search box -> 48-b-done-the-search-box.png
07:40:11 about to click the limb-blade-ball-run6 document at (392, 257)
07:40:12 clicked the limb-blade-ball-run6 document -> 49-b-done-the-limb-blade-ball-run6-document.png
07:40:17 limb-blade-ball-run6 is open at version limb-blade-ball-run6-named-2026-08-15
07:40:17 about to click the Lower limb part (instance 1) at (451, 380)
07:40:47 clicked the Lower limb part (instance 1) -> 51-b-done-the-lower-limb-part-instance-1.png
07:40:50 about to click the Lower limb part (instance 2) at (451, 380)
07:41:01 clicked the Lower limb part (instance 2) -> 52-b-done-the-lower-limb-part-instance-2.png
07:41:04 about to click the Lower limb part (instance 3) at (451, 380)
07:41:07 clicked the Lower limb part (instance 3) -> 53-b-done-the-lower-limb-part-instance-3.png
07:41:10 about to click the Lower limb part (instance 4) at (451, 380)
07:41:13 clicked the Lower limb part (instance 4) -> 54-b-done-the-lower-limb-part-instance-4.png
07:41:16 about to click the home icon, to search every document at (266, 182)
07:41:17 clicked the home icon, to search every document -> 55-b-done-the-home-icon-to-search-every-document.png
07:41:19 about to click the search box at (398, 183)
07:41:20 clicked the search box -> 56-b-done-the-search-box.png
07:41:26 about to click the hand-run6 document at (357, 257)
07:41:27 clicked the hand-run6 document -> 57-b-done-the-hand-run6-document.png
07:41:32 hand-run6 is open at version hand-run6-mates-2026-08-15
07:41:32 about to click the Gripper part (instance 1) at (451, 380)
07:41:43 clicked the Gripper part (instance 1) -> 59-b-done-the-gripper-part-instance-1.png
07:41:46 about to click the Gripper part (instance 2) at (451, 380)
07:41:49 clicked the Gripper part (instance 2) -> 60-b-done-the-gripper-part-instance-2.png
07:41:52 about to click the home icon, to search every document at (266, 182)
07:41:53 clicked the home icon, to search every document -> 61-b-done-the-home-icon-to-search-every-document.png
07:41:55 about to click the search box at (398, 183)
07:41:56 clicked the search box -> 62-b-done-the-search-box.png
07:42:02 about to click the foot-run6 document at (353, 257)
07:42:03 clicked the foot-run6 document -> 63-b-done-the-foot-run6-document.png
07:42:08 foot-run6 is open at version foot-run6-mates-2026-08-15
07:42:08 about to click the Foot part (instance 1) at (451, 380)
07:42:19 clicked the Foot part (instance 1) -> 65-b-done-the-foot-part-instance-1.png
07:42:22 about to click the Foot part (instance 2) at (451, 380)
07:42:28 clicked the Foot part (instance 2) -> 66-b-done-the-foot-part-instance-2.png
07:42:31 about to click the green tick, which keeps every inserted instance at (503, 93)
07:42:36 clicked the green tick, which keeps every inserted instance -> 67-b-done-the-green-tick-which-keeps-every-inserted-instan.png
07:43:34 on lesson-run6, Assembly 1
07:43:34 about to click the arrow beside Torso <1>, to see its mate connectors at (50, 209)
07:43:37 clicked the arrow beside Torso <1>, to see its mate connectors -> 69-b-done-the-arrow-beside-torso-1-to-see-its-mate-connect.png
07:44:33 on lesson-run6, Assembly 1
07:44:33 about to click the arrow beside Torso <1>, to fold it up again at (50, 209)
07:44:34 clicked the arrow beside Torso <1>, to fold it up again -> 71-b-done-the-arrow-beside-torso-1-to-fold-it-up-again.png
07:44:35 about to click the Torso <1> row at (140, 209)
07:44:38 clicked the Torso <1> row -> 72-b-done-the-torso-1-row.png
07:44:55 on lesson-run6, Assembly 1
07:44:55 about to click Fix in the context menu at (289, 410)
07:45:01 clicked Fix in the context menu -> 74-b-done-fix-in-the-context-menu.png
07:46:15 on lesson-run6, Assembly 1
07:46:15 about to click the arrow beside Torso <1>, to open it at (50, 209)
07:46:18 clicked the arrow beside Torso <1>, to open it -> 76-b-done-the-arrow-beside-torso-1-to-open-it.png
07:46:19 about to click the arrow beside Head <1>, to open it at (50, 365)
07:46:22 clicked the arrow beside Head <1>, to open it -> 77-b-done-the-arrow-beside-head-1-to-open-it.png
07:46:24 about to click the Ball mate on the toolbar at (492, 58)
07:46:29 clicked the Ball mate on the toolbar -> 78-b-done-the-ball-mate-on-the-toolbar.png
07:46:31 about to click Neck of Torso <1> at (140, 235)
07:46:41 clicked Neck of Torso <1> -> 80-b-done-neck-of-torso-1.png
07:46:42 about to click Neck socket of Head <1> at (140, 391)
07:46:52 clicked Neck socket of Head <1> -> 81-b-done-neck-socket-of-head-1.png
07:46:53 about to click the green tick at (424, 93)
07:46:59 clicked the green tick -> 83-b-done-the-green-tick.png
07:47:02 about to click the Ball 1 row, to rename it at (140, 807)
07:47:08 clicked the Ball 1 row, to rename it -> 84-b-done-the-ball-1-row-to-rename-it.png
07:47:08 about to click Rename in the context menu at (275, 542)
07:47:11 clicked Rename in the context menu -> 85-b-done-rename-in-the-context-menu.png
07:47:15 renamed 'Ball 1' to 'Neck'
07:47:15 about to click the arrow beside Torso <1>, to fold up it at (50, 209)
07:47:18 clicked the arrow beside Torso <1>, to fold up it -> 87-b-done-the-arrow-beside-torso-1-to-fold-up-it.png
07:47:19 about to click the arrow beside Head <1>, to fold up it at (50, 235)
07:47:22 clicked the arrow beside Head <1>, to fold up it -> 88-b-done-the-arrow-beside-head-1-to-fold-up-it.png
07:48:04 on lesson-run6, Assembly 1
07:48:04 about to click the arrow beside Torso <1>, to open it at (50, 209)
07:48:07 clicked the arrow beside Torso <1>, to open it -> 90-b-done-the-arrow-beside-torso-1-to-open-it.png
07:48:09 about to click the arrow beside Upper limb <1>, to open it at (50, 391)
07:48:12 clicked the arrow beside Upper limb <1>, to open it -> 91-b-done-the-arrow-beside-upper-limb-1-to-open-it.png
07:48:13 about to click the Ball mate on the toolbar at (492, 58)
07:48:19 clicked the Ball mate on the toolbar -> 92-b-done-the-ball-mate-on-the-toolbar.png
07:48:21 about to click Shoulder R of Torso <1> at (140, 261)
07:48:30 clicked Shoulder R of Torso <1> -> 94-b-done-shoulder-r-of-torso-1.png
07:48:32 about to click Socket of Upper limb <1> at (140, 443)
07:48:41 clicked Socket of Upper limb <1> -> 95-b-done-socket-of-upper-limb-1.png
07:48:43 about to click the green tick at (424, 93)
07:48:48 clicked the green tick -> 97-b-done-the-green-tick.png
07:49:43 on lesson-run6, Assembly 1
07:49:43 about to click the Ball 1 row, to rename it at (140, 859)
07:49:49 clicked the Ball 1 row, to rename it -> 99-b-done-the-ball-1-row-to-rename-it.png
07:49:49 about to click Rename in the context menu at (275, 594)
07:49:52 clicked Rename in the context menu -> 100-b-done-rename-in-the-context-menu.png
07:49:56 renamed 'Ball 1' to 'Right shoulder'
07:49:56 about to click the arrow beside Torso <1>, to fold up it at (50, 209)
07:49:59 clicked the arrow beside Torso <1>, to fold up it -> 102-b-done-the-arrow-beside-torso-1-to-fold-up-it.png
07:50:00 about to click the arrow beside Upper limb <1>, to fold up it at (50, 261)
07:50:03 clicked the arrow beside Upper limb <1>, to fold up it -> 103-b-done-the-arrow-beside-upper-limb-1-to-fold-up-it.png
07:50:05 about to click the arrow beside Torso <1>, to open it at (50, 209)
07:50:08 clicked the arrow beside Torso <1>, to open it -> 104-b-done-the-arrow-beside-torso-1-to-open-it.png
07:50:09 about to click the arrow beside Upper limb <2>, to open it at (50, 417)
07:50:12 clicked the arrow beside Upper limb <2>, to open it -> 105-b-done-the-arrow-beside-upper-limb-2-to-open-it.png
07:50:14 about to click the Ball mate on the toolbar at (492, 58)
07:50:19 clicked the Ball mate on the toolbar -> 106-b-done-the-ball-mate-on-the-toolbar.png
07:50:21 about to click Shoulder L of Torso <1> at (140, 313)
07:50:30 clicked Shoulder L of Torso <1> -> 108-b-done-shoulder-l-of-torso-1.png
07:50:32 about to click Socket of Upper limb <2> at (140, 469)
07:50:41 clicked Socket of Upper limb <2> -> 109-b-done-socket-of-upper-limb-2.png
07:50:43 about to click the green tick at (424, 93)
07:50:48 clicked the green tick -> 111-b-done-the-green-tick.png
07:52:22 on lesson-run6, Assembly 1
07:52:22 about to click the Ball 1 row, to rename it at (140, 885)
07:52:28 clicked the Ball 1 row, to rename it -> 113-b-done-the-ball-1-row-to-rename-it.png
07:52:28 about to click Rename in the context menu at (275, 620)
07:52:31 clicked Rename in the context menu -> 114-b-done-rename-in-the-context-menu.png
07:52:35 renamed 'Ball 1' to 'Left shoulder'
07:52:35 about to click the arrow beside Torso <1>, to fold up it at (50, 209)
07:52:38 clicked the arrow beside Torso <1>, to fold up it -> 116-b-done-the-arrow-beside-torso-1-to-fold-up-it.png
07:52:39 about to click the arrow beside Upper limb <2>, to fold up it at (50, 287)
07:52:42 clicked the arrow beside Upper limb <2>, to fold up it -> 117-b-done-the-arrow-beside-upper-limb-2-to-fold-up-it.png
07:52:44 about to click the arrow beside Torso <1>, to open it at (50, 209)
07:52:47 clicked the arrow beside Torso <1>, to open it -> 118-b-done-the-arrow-beside-torso-1-to-open-it.png
07:52:48 about to click the arrow beside Upper limb <3>, to open it at (50, 443)
07:52:51 clicked the arrow beside Upper limb <3>, to open it -> 119-b-done-the-arrow-beside-upper-limb-3-to-open-it.png
07:52:53 about to click the Ball mate on the toolbar at (492, 58)
07:52:58 clicked the Ball mate on the toolbar -> 120-b-done-the-ball-mate-on-the-toolbar.png
07:53:00 about to click Hip R of Torso <1> at (140, 287)
07:53:09 clicked Hip R of Torso <1> -> 122-b-done-hip-r-of-torso-1.png
07:53:11 about to click Socket of Upper limb <3> at (140, 495)
07:53:20 clicked Socket of Upper limb <3> -> 123-b-done-socket-of-upper-limb-3.png
07:53:22 about to click the green tick at (424, 93)
07:53:27 clicked the green tick -> 125-b-done-the-green-tick.png
07:53:30 about to click the Ball 1 row, to rename it at (140, 911)
07:53:35 clicked the Ball 1 row, to rename it -> 126-b-done-the-ball-1-row-to-rename-it.png
07:53:35 about to click Rename in the context menu at (275, 646)
07:53:38 clicked Rename in the context menu -> 127-b-done-rename-in-the-context-menu.png
07:53:41 renamed 'Ball 1' to 'Right hip'
07:53:41 about to click the arrow beside Torso <1>, to fold up it at (50, 209)
07:53:44 clicked the arrow beside Torso <1>, to fold up it -> 129-b-done-the-arrow-beside-torso-1-to-fold-up-it.png
07:53:46 about to click the arrow beside Upper limb <3>, to fold up it at (50, 313)
07:53:49 clicked the arrow beside Upper limb <3>, to fold up it -> 130-b-done-the-arrow-beside-upper-limb-3-to-fold-up-it.png
07:53:50 about to click the arrow beside Torso <1>, to open it at (50, 209)
07:53:53 clicked the arrow beside Torso <1>, to open it -> 132-b-done-the-arrow-beside-torso-1-to-open-it.png
07:53:55 about to click the arrow beside Upper limb <4>, to open it at (50, 469)
07:53:58 clicked the arrow beside Upper limb <4>, to open it -> 133-b-done-the-arrow-beside-upper-limb-4-to-open-it.png
07:53:59 about to click the Ball mate on the toolbar at (492, 58)
07:54:05 clicked the Ball mate on the toolbar -> 134-b-done-the-ball-mate-on-the-toolbar.png
07:54:07 about to click Hip L of Torso <1> at (140, 339)
07:54:15 clicked Hip L of Torso <1> -> 136-b-done-hip-l-of-torso-1.png
07:54:17 about to click Socket of Upper limb <4> at (140, 521)
07:54:28 clicked Socket of Upper limb <4> -> 137-b-done-socket-of-upper-limb-4.png
07:54:30 about to click the green tick at (424, 93)
07:54:36 clicked the green tick -> 139-b-done-the-green-tick.png
07:54:38 about to click the Ball 1 row, to rename it at (140, 937)
07:54:43 clicked the Ball 1 row, to rename it -> 140-b-done-the-ball-1-row-to-rename-it.png
07:54:43 about to click Rename in the context menu at (275, 672)
07:54:46 clicked Rename in the context menu -> 141-b-done-rename-in-the-context-menu.png
07:54:49 renamed 'Ball 1' to 'Left hip'
07:54:49 about to click the arrow beside Torso <1>, to fold up it at (50, 209)
07:54:52 clicked the arrow beside Torso <1>, to fold up it -> 143-b-done-the-arrow-beside-torso-1-to-fold-up-it.png
07:54:54 about to click the arrow beside Upper limb <4>, to fold up it at (50, 339)
07:54:57 clicked the arrow beside Upper limb <4>, to fold up it -> 144-b-done-the-arrow-beside-upper-limb-4-to-fold-up-it.png
07:55:18 on lesson-run6, Assembly 1
07:55:18 about to click the arrow beside Upper limb <1>, to open it at (50, 261)
07:55:21 clicked the arrow beside Upper limb <1>, to open it -> 146-b-done-the-arrow-beside-upper-limb-1-to-open-it.png
07:55:23 about to click the arrow beside Lower limb <1>, to open it at (50, 417)
07:55:26 clicked the arrow beside Lower limb <1>, to open it -> 147-b-done-the-arrow-beside-lower-limb-1-to-open-it.png
07:55:27 about to click the Revolute mate on the toolbar at (322, 58)
07:55:33 clicked the Revolute mate on the toolbar -> 148-b-done-the-revolute-mate-on-the-toolbar.png
07:55:35 about to click Hinge of Upper limb <1> at (140, 287)
07:55:43 clicked Hinge of Upper limb <1> -> 150-b-done-hinge-of-upper-limb-1.png
07:55:45 about to click Hinge of Lower limb <1> at (140, 469)
07:55:57 clicked Hinge of Lower limb <1> -> 151-b-done-hinge-of-lower-limb-1.png
07:55:59 about to click the green tick at (424, 93)
07:56:04 clicked the green tick -> 153-b-done-the-green-tick.png
07:56:07 about to click the Revolute 1 row, to rename it at (140, 885)
07:56:12 clicked the Revolute 1 row, to rename it -> 154-b-done-the-revolute-1-row-to-rename-it.png
07:56:12 about to click Rename in the context menu at (275, 597)
07:56:15 clicked Rename in the context menu -> 155-b-done-rename-in-the-context-menu.png
07:56:18 renamed 'Revolute 1' to 'Right elbow'
07:56:18 about to click the arrow beside Upper limb <1>, to fold up it at (50, 261)
07:56:21 clicked the arrow beside Upper limb <1>, to fold up it -> 157-b-done-the-arrow-beside-upper-limb-1-to-fold-up-it.png
07:56:23 about to click the arrow beside Lower limb <1>, to fold up it at (50, 365)
07:56:26 clicked the arrow beside Lower limb <1>, to fold up it -> 158-b-done-the-arrow-beside-lower-limb-1-to-fold-up-it.png
07:56:27 about to click the arrow beside Upper limb <2>, to open it at (50, 287)
07:56:30 clicked the arrow beside Upper limb <2>, to open it -> 160-b-done-the-arrow-beside-upper-limb-2-to-open-it.png
07:56:32 about to click the arrow beside Lower limb <2>, to open it at (50, 443)
07:56:35 clicked the arrow beside Lower limb <2>, to open it -> 161-b-done-the-arrow-beside-lower-limb-2-to-open-it.png
07:56:36 about to click the Revolute mate on the toolbar at (322, 58)
07:56:42 clicked the Revolute mate on the toolbar -> 162-b-done-the-revolute-mate-on-the-toolbar.png
07:56:44 about to click Hinge of Upper limb <2> at (140, 313)
07:56:53 clicked Hinge of Upper limb <2> -> 164-b-done-hinge-of-upper-limb-2.png
07:56:54 about to click Hinge of Lower limb <2> at (140, 495)
07:57:03 clicked Hinge of Lower limb <2> -> 165-b-done-hinge-of-lower-limb-2.png
07:57:05 about to click the green tick at (424, 93)
07:57:11 clicked the green tick -> 167-b-done-the-green-tick.png
07:57:13 about to click the Revolute 1 row, to rename it at (140, 911)
07:57:19 clicked the Revolute 1 row, to rename it -> 168-b-done-the-revolute-1-row-to-rename-it.png
07:57:19 about to click Rename in the context menu at (275, 623)
07:57:21 clicked Rename in the context menu -> 169-b-done-rename-in-the-context-menu.png
07:57:25 renamed 'Revolute 1' to 'Left elbow'
07:57:25 about to click the arrow beside Upper limb <2>, to fold up it at (50, 287)
07:57:28 clicked the arrow beside Upper limb <2>, to fold up it -> 171-b-done-the-arrow-beside-upper-limb-2-to-fold-up-it.png
07:57:29 about to click the arrow beside Lower limb <2>, to fold up it at (50, 391)
07:57:32 clicked the arrow beside Lower limb <2>, to fold up it -> 172-b-done-the-arrow-beside-lower-limb-2-to-fold-up-it.png
07:57:34 about to click the arrow beside Upper limb <3>, to open it at (50, 313)
07:57:37 clicked the arrow beside Upper limb <3>, to open it -> 174-b-done-the-arrow-beside-upper-limb-3-to-open-it.png
07:57:38 about to click the arrow beside Lower limb <3>, to open it at (50, 469)
07:57:41 clicked the arrow beside Lower limb <3>, to open it -> 175-b-done-the-arrow-beside-lower-limb-3-to-open-it.png
07:57:43 about to click the Revolute mate on the toolbar at (322, 58)
07:57:48 clicked the Revolute mate on the toolbar -> 176-b-done-the-revolute-mate-on-the-toolbar.png
07:57:50 about to click Hinge of Upper limb <3> at (140, 339)
07:57:58 clicked Hinge of Upper limb <3> -> 178-b-done-hinge-of-upper-limb-3.png
07:58:00 about to click Hinge of Lower limb <3> at (140, 521)
07:58:09 clicked Hinge of Lower limb <3> -> 179-b-done-hinge-of-lower-limb-3.png
07:58:11 about to click the green tick at (424, 93)
07:58:16 clicked the green tick -> 181-b-done-the-green-tick.png
07:58:18 about to click the Revolute 1 row, to rename it at (140, 937)
07:58:23 clicked the Revolute 1 row, to rename it -> 182-b-done-the-revolute-1-row-to-rename-it.png
07:58:23 about to click Rename in the context menu at (275, 649)
07:58:26 clicked Rename in the context menu -> 183-b-done-rename-in-the-context-menu.png
07:58:29 renamed 'Revolute 1' to 'Right knee'
07:58:29 about to click the arrow beside Upper limb <3>, to fold up it at (50, 313)
07:58:32 clicked the arrow beside Upper limb <3>, to fold up it -> 185-b-done-the-arrow-beside-upper-limb-3-to-fold-up-it.png
07:58:33 about to click the arrow beside Lower limb <3>, to fold up it at (50, 417)
07:58:36 clicked the arrow beside Lower limb <3>, to fold up it -> 186-b-done-the-arrow-beside-lower-limb-3-to-fold-up-it.png
07:58:38 about to click the arrow beside Upper limb <4>, to open it at (50, 339)
07:58:40 clicked the arrow beside Upper limb <4>, to open it -> 188-b-done-the-arrow-beside-upper-limb-4-to-open-it.png
07:58:42 about to click the arrow beside Lower limb <4>, to open it at (50, 495)
07:58:45 clicked the arrow beside Lower limb <4>, to open it -> 189-b-done-the-arrow-beside-lower-limb-4-to-open-it.png
07:58:46 about to click the Revolute mate on the toolbar at (322, 58)
07:58:51 clicked the Revolute mate on the toolbar -> 190-b-done-the-revolute-mate-on-the-toolbar.png
07:58:53 about to click Hinge of Upper limb <4> at (140, 365)
07:59:01 clicked Hinge of Upper limb <4> -> 192-b-done-hinge-of-upper-limb-4.png
07:59:03 about to click Hinge of Lower limb <4> at (140, 547)
07:59:11 clicked Hinge of Lower limb <4> -> 193-b-done-hinge-of-lower-limb-4.png
07:59:13 about to click the green tick at (424, 93)
07:59:18 clicked the green tick -> 195-b-done-the-green-tick.png
07:59:20 about to click the Revolute 1 row, to rename it at (140, 963)
07:59:25 clicked the Revolute 1 row, to rename it -> 196-b-done-the-revolute-1-row-to-rename-it.png
07:59:25 about to click Rename in the context menu at (275, 675)
07:59:27 clicked Rename in the context menu -> 197-b-done-rename-in-the-context-menu.png
07:59:31 renamed 'Revolute 1' to 'Left knee'
07:59:31 about to click the arrow beside Upper limb <4>, to fold up it at (50, 327)
07:59:36 clicked the arrow beside Upper limb <4>, to fold up it -> 199-b-done-the-arrow-beside-upper-limb-4-to-fold-up-it.png
07:59:37 about to click the arrow beside Lower limb <4>, to fold up it at (50, 443)
07:59:40 clicked the arrow beside Lower limb <4>, to fold up it -> 200-b-done-the-arrow-beside-lower-limb-4-to-fold-up-it.png
07:59:42 about to click the arrow beside Lower limb <1>, to open it at (50, 365)
07:59:44 clicked the arrow beside Lower limb <1>, to open it -> 202-b-done-the-arrow-beside-lower-limb-1-to-open-it.png
07:59:46 about to click the arrow beside Gripper <1>, to open it at (50, 521)
07:59:48 clicked the arrow beside Gripper <1>, to open it -> 203-b-done-the-arrow-beside-gripper-1-to-open-it.png
07:59:50 about to click the Ball mate on the toolbar at (492, 58)
07:59:57 clicked the Ball mate on the toolbar -> 204-b-done-the-ball-mate-on-the-toolbar.png
07:59:59 about to click Ball of Lower limb <1> at (140, 391)
08:00:07 clicked Ball of Lower limb <1> -> 206-b-done-ball-of-lower-limb-1.png
08:00:09 about to click Socket of Gripper <1> at (140, 547)
08:00:19 clicked Socket of Gripper <1> -> 207-b-done-socket-of-gripper-1.png
08:00:21 about to click the green tick at (424, 93)
08:00:25 clicked the green tick -> 209-b-done-the-green-tick.png
08:00:28 about to click the Ball 1 row, to rename it at (140, 963)
08:00:33 clicked the Ball 1 row, to rename it -> 210-b-done-the-ball-1-row-to-rename-it.png
08:00:33 about to click Rename in the context menu at (275, 698)
08:00:35 clicked Rename in the context menu -> 211-b-done-rename-in-the-context-menu.png
08:00:38 renamed 'Ball 1' to 'Right wrist'
08:00:38 about to click the arrow beside Lower limb <1>, to fold up it at (50, 353)
08:00:43 clicked the arrow beside Lower limb <1>, to fold up it -> 213-b-done-the-arrow-beside-lower-limb-1-to-fold-up-it.png
08:00:45 about to click the arrow beside Gripper <1>, to fold up it at (50, 469)
08:00:48 clicked the arrow beside Gripper <1>, to fold up it -> 214-b-done-the-arrow-beside-gripper-1-to-fold-up-it.png
08:00:49 about to click the arrow beside Lower limb <2>, to open it at (50, 391)
08:00:52 clicked the arrow beside Lower limb <2>, to open it -> 216-b-done-the-arrow-beside-lower-limb-2-to-open-it.png
08:00:53 about to click the arrow beside Gripper <2>, to open it at (50, 547)
08:00:58 clicked the arrow beside Gripper <2>, to open it -> 217-b-done-the-arrow-beside-gripper-2-to-open-it.png
08:01:00 about to click the Ball mate on the toolbar at (492, 58)
08:01:07 clicked the Ball mate on the toolbar -> 218-b-done-the-ball-mate-on-the-toolbar.png
08:01:09 about to click Ball of Lower limb <2> at (140, 405)
08:01:17 clicked Ball of Lower limb <2> -> 220-b-done-ball-of-lower-limb-2.png
08:01:19 about to click Socket of Gripper <2> at (140, 561)
08:01:29 clicked Socket of Gripper <2> -> 221-b-done-socket-of-gripper-2.png
08:01:31 about to click the green tick at (424, 93)
08:01:35 clicked the green tick -> 223-b-done-the-green-tick.png
08:01:38 about to click the Ball 1 row, to rename it at (140, 977)
08:01:39 clicked the Ball 1 row, to rename it -> 224-b-done-the-ball-1-row-to-rename-it.png
08:01:39 about to click Rename in the context menu at (196, 756)
08:01:41 clicked Rename in the context menu -> 225-b-done-rename-in-the-context-menu.png
08:02:30 on lesson-run6, Assembly 1
08:02:30 about to click the Ball 1 row, to rename it at (140, 977)
08:02:33 clicked the Ball 1 row, to rename it -> 227-b-done-the-ball-1-row-to-rename-it.png
08:02:33 about to click Rename in the context menu at (196, 756)
08:02:35 clicked Rename in the context menu -> 228-b-done-rename-in-the-context-menu.png
08:02:39 about to click the Ball 1 row, to rename it at (140, 977)
08:02:41 clicked the Ball 1 row, to rename it -> 230-b-done-the-ball-1-row-to-rename-it.png
08:02:41 about to click Rename in the context menu at (196, 756)
08:02:44 clicked Rename in the context menu -> 231-b-done-rename-in-the-context-menu.png
08:02:48 about to click the Ball 1 row, to rename it at (140, 977)
08:02:50 clicked the Ball 1 row, to rename it -> 233-b-done-the-ball-1-row-to-rename-it.png
08:02:50 about to click Rename in the context menu at (196, 756)
08:02:53 clicked Rename in the context menu -> 234-b-done-rename-in-the-context-menu.png
08:02:57 about to click the Ball 1 row, to rename it at (140, 977)
08:02:59 clicked the Ball 1 row, to rename it -> 236-b-done-the-ball-1-row-to-rename-it.png
08:02:59 about to click Rename in the context menu at (196, 756)
08:03:02 clicked Rename in the context menu -> 237-b-done-rename-in-the-context-menu.png
08:04:00 about to click the Part Studio tab at (180, 984)
08:04:03 clicked the Part Studio tab -> 240-b-done-the-part-studio-tab.png
08:04:04 about to click Rename in the tab menu at (196, 756)
08:04:07 clicked Rename in the tab menu -> 241-b-done-rename-in-the-tab-menu.png
08:05:08 on lesson-run6, Assembly 1
08:05:08 about to click the arrow beside Lower limb <2>, to fold up it at (50, 379)
08:05:13 clicked the arrow beside Lower limb <2>, to fold up it -> 242-b-done-the-arrow-beside-lower-limb-2-to-fold-up-it.png
08:05:15 about to click the arrow beside Gripper <2>, to fold up it at (50, 495)
08:05:18 clicked the arrow beside Gripper <2>, to fold up it -> 243-b-done-the-arrow-beside-gripper-2-to-fold-up-it.png
08:05:19 about to click the Ball 1 row, to rename it at (140, 911)
08:05:24 clicked the Ball 1 row, to rename it -> 244-b-done-the-ball-1-row-to-rename-it.png
08:05:24 about to click Rename in the context menu at (275, 623)
08:05:27 clicked Rename in the context menu -> 245-b-done-rename-in-the-context-menu.png
08:05:30 renamed 'Ball 1' to 'Left wrist'
08:05:30 about to click the arrow beside Lower limb <3>, to open it at (50, 417)
08:05:33 clicked the arrow beside Lower limb <3>, to open it -> 247-b-done-the-arrow-beside-lower-limb-3-to-open-it.png
08:05:34 about to click the arrow beside Foot <1>, to open it at (50, 573)
08:05:37 clicked the arrow beside Foot <1>, to open it -> 248-b-done-the-arrow-beside-foot-1-to-open-it.png
08:05:38 about to click the Ball mate on the toolbar at (492, 58)
08:05:46 clicked the Ball mate on the toolbar -> 249-b-done-the-ball-mate-on-the-toolbar.png
08:05:48 about to click Ball of Lower limb <3> at (140, 405)
08:05:55 clicked Ball of Lower limb <3> -> 251-b-done-ball-of-lower-limb-3.png
08:05:57 about to click Socket of Foot <1> at (140, 561)
08:06:07 clicked Socket of Foot <1> -> 252-b-done-socket-of-foot-1.png
08:06:09 about to click the green tick at (424, 93)
08:06:14 clicked the green tick -> 254-b-done-the-green-tick.png
08:06:16 about to click the arrow beside Lower limb <3>, to fold up it at (50, 379)
08:06:19 clicked the arrow beside Lower limb <3>, to fold up it -> 255-b-done-the-arrow-beside-lower-limb-3-to-fold-up-it.png
08:06:20 about to click the arrow beside Foot <1>, to fold up it at (50, 509)
08:06:26 clicked the arrow beside Foot <1>, to fold up it -> 256-b-done-the-arrow-beside-foot-1-to-fold-up-it.png
08:07:24 on lesson-run6, Assembly 1
08:07:24 about to click the Ball 1 row, to rename it at (140, 937)
08:07:29 clicked the Ball 1 row, to rename it -> 258-b-done-the-ball-1-row-to-rename-it.png
08:07:29 about to click Rename in the context menu at (275, 649)
08:07:31 clicked Rename in the context menu -> 259-b-done-rename-in-the-context-menu.png
08:07:34 renamed 'Ball 1' to 'Right ankle'
08:07:34 about to click the arrow beside Lower limb <4>, to open it at (50, 443)
08:07:37 clicked the arrow beside Lower limb <4>, to open it -> 261-b-done-the-arrow-beside-lower-limb-4-to-open-it.png
08:07:39 about to click the arrow beside Foot <2>, to open it at (50, 599)
08:07:41 clicked the arrow beside Foot <2>, to open it -> 262-b-done-the-arrow-beside-foot-2-to-open-it.png
08:07:43 about to click the Ball mate on the toolbar at (492, 58)
08:07:50 clicked the Ball mate on the toolbar -> 263-b-done-the-ball-mate-on-the-toolbar.png
08:07:52 about to click Ball of Lower limb <4> at (140, 405)
08:08:00 clicked Ball of Lower limb <4> -> 265-b-done-ball-of-lower-limb-4.png
08:08:01 about to click Socket of Foot <2> at (140, 561)
08:08:11 clicked Socket of Foot <2> -> 266-b-done-socket-of-foot-2.png
08:08:13 about to click the green tick at (424, 93)
08:08:18 clicked the green tick -> 268-b-done-the-green-tick.png
08:08:20 about to click the arrow beside Lower limb <4>, to fold up it at (50, 379)
08:08:23 clicked the arrow beside Lower limb <4>, to fold up it -> 269-b-done-the-arrow-beside-lower-limb-4-to-fold-up-it.png
08:08:25 about to click the arrow beside Foot <2>, to fold up it at (50, 509)
08:08:27 clicked the arrow beside Foot <2>, to fold up it -> 270-b-done-the-arrow-beside-foot-2-to-fold-up-it.png
08:08:29 about to click the Ball 1 row, to rename it at (140, 951)
08:08:33 clicked the Ball 1 row, to rename it -> 271-b-done-the-ball-1-row-to-rename-it.png
08:08:33 about to click Rename in the context menu at (275, 686)
08:08:36 clicked Rename in the context menu -> 272-b-done-rename-in-the-context-menu.png
08:08:39 renamed 'Ball 1' to 'Left ankle'
08:09:00 on lesson-run6, Assembly 1
