06:42:04 about to click the reference geometry group on the toolbar at (1080, 58)
06:42:05 clicked the reference geometry group on the toolbar -> 01-b-done-the-reference-geometry-group-on-the-toolbar.png
06:42:07 about to click the green tick at (424, 93)
06:42:08 clicked the green tick -> 02-b-done-the-green-tick.png
06:42:10 about to click the Mate connector 1 row, to delete it at (140, 630)
06:42:11 clicked the Mate connector 1 row, to delete it -> 03-b-done-the-mate-connector-1-row-to-delete-it.png
06:42:11 about to click Delete in the context menu at (260, 903)
06:42:12 clicked Delete in the context menu -> 04-b-done-delete-in-the-context-menu.png
06:42:14 deleted 'Mate connector 1'
06:42:14 about to click the reference geometry group on the toolbar at (1080, 58)
06:42:15 clicked the reference geometry group on the toolbar -> 05-b-done-the-reference-geometry-group-on-the-toolbar.png
06:42:17 about to click the green tick at (424, 93)
06:42:17 clicked the green tick -> 06-b-done-the-green-tick.png
06:42:20 about to click the Mate connector 1 row, to delete it at (140, 630)
06:42:21 clicked the Mate connector 1 row, to delete it -> 07-b-done-the-mate-connector-1-row-to-delete-it.png
06:42:21 about to click Delete in the context menu at (260, 903)
06:42:22 clicked Delete in the context menu -> 08-b-done-delete-in-the-context-menu.png
06:42:24 deleted 'Mate connector 1'
06:42:24 about to click the reference geometry group on the toolbar at (1080, 58)
06:42:24 clicked the reference geometry group on the toolbar -> 09-b-done-the-reference-geometry-group-on-the-toolbar.png
06:42:26 about to click the green tick at (424, 93)
06:42:27 clicked the green tick -> 10-b-done-the-green-tick.png
06:42:30 about to click the Mate connector 1 row, to delete it at (140, 630)
06:42:31 clicked the Mate connector 1 row, to delete it -> 11-b-done-the-mate-connector-1-row-to-delete-it.png
06:42:31 about to click Delete in the context menu at (260, 903)
06:42:32 clicked Delete in the context menu -> 12-b-done-delete-in-the-context-menu.png
06:42:33 deleted 'Mate connector 1'
06:43:29 about to click the reference geometry group on the toolbar at (1080, 58)
06:43:30 clicked the reference geometry group on the toolbar -> 13-b-done-the-reference-geometry-group-on-the-toolbar.png
06:43:32 about to click the reference geometry dropdown arrow at (1100, 58)
06:43:33 clicked the reference geometry dropdown arrow -> 14-b-done-the-reference-geometry-dropdown-arrow.png
06:43:33 about to click Mate connector in the list at (1140, 754)
06:43:33 clicked Mate connector in the list -> 15-b-done-mate-connector-in-the-list.png
06:43:41 about to click the green tick at (424, 93)
06:43:42 clicked the green tick -> 16-b-done-the-green-tick.png
06:45:22 about to click the Mate connector 1 row, to delete it at (140, 629)
06:45:23 clicked the Mate connector 1 row, to delete it -> 17-b-done-the-mate-connector-1-row-to-delete-it.png
06:45:23 about to click Delete in the context menu at (289, 835)
06:45:24 clicked Delete in the context menu -> 18-b-done-delete-in-the-context-menu.png
06:45:26 deleted 'Mate connector 1'
06:45:26 about to click the reference geometry group on the toolbar at (1080, 58)
06:45:27 clicked the reference geometry group on the toolbar -> 19-b-done-the-reference-geometry-group-on-the-toolbar.png
06:45:28 about to click the face for Neck at (920, 280)
06:45:29 clicked the face for Neck -> 22-b-done-the-face-for-neck.png
06:45:29 Neck: Origin entity Face of Revolve neck stud × | Select owner entity Torso × | Attach to Face of Revolve neck stud ×
06:45:29 about to click the green tick at (424, 93)
06:45:30 clicked the green tick -> 24-b-done-the-green-tick.png
06:45:33 about to click the Mate connector 1 row, to rename it at (140, 629)
06:45:34 clicked the Mate connector 1 row, to rename it -> 25-b-done-the-mate-connector-1-row-to-rename-it.png
06:45:34 about to click Rename in the context menu at (251, 653)
06:45:35 clicked Rename in the context menu -> 26-b-done-rename-in-the-context-menu.png
06:45:36 renamed 'Mate connector 1' to 'Neck'
06:46:14 about to click the reference geometry group on the toolbar at (1080, 58)
06:46:15 clicked the reference geometry group on the toolbar -> 29-b-done-the-reference-geometry-group-on-the-toolbar.png
06:46:17 about to click the reference geometry dropdown arrow at (1100, 58)
06:46:17 clicked the reference geometry dropdown arrow -> 30-b-done-the-reference-geometry-dropdown-arrow.png
06:46:17 about to click Mate connector in the list at (1140, 754)
06:46:18 clicked Mate connector in the list -> 31-b-done-mate-connector-in-the-list.png
06:46:25 about to click the green tick at (424, 93)
06:46:26 clicked the green tick -> 32-b-done-the-green-tick.png
06:46:28 about to click the green tick at (424, 93)
06:46:29 clicked the green tick -> 33-b-done-the-green-tick.png
06:46:32 about to click the green tick at (424, 93)
06:46:33 clicked the green tick -> 34-b-done-the-green-tick.png
06:46:35 about to click the green tick at (424, 93)
06:46:36 clicked the green tick -> 35-b-done-the-green-tick.png
06:47:22 about to click the reference geometry group on the toolbar at (1080, 58)
06:47:23 clicked the reference geometry group on the toolbar -> 36-b-done-the-reference-geometry-group-on-the-toolbar.png
06:47:26 about to click the green tick at (424, 93)
06:47:27 clicked the green tick -> 37-b-done-the-green-tick.png
06:47:30 about to click the Mate connector 1 row, to delete it at (140, 630)
06:47:31 clicked the Mate connector 1 row, to delete it -> 38-b-done-the-mate-connector-1-row-to-delete-it.png
06:47:31 about to click Delete in the context menu at (260, 903)
06:47:32 clicked Delete in the context menu -> 39-b-done-delete-in-the-context-menu.png
06:47:33 deleted 'Mate connector 1'
06:47:33 about to click the reference geometry group on the toolbar at (1080, 58)
06:47:34 clicked the reference geometry group on the toolbar -> 40-b-done-the-reference-geometry-group-on-the-toolbar.png
06:47:36 about to click the green tick at (424, 93)
06:47:37 clicked the green tick -> 41-b-done-the-green-tick.png
06:47:40 about to click the Mate connector 1 row, to delete it at (140, 630)
06:47:41 clicked the Mate connector 1 row, to delete it -> 42-b-done-the-mate-connector-1-row-to-delete-it.png
06:47:41 about to click Delete in the context menu at (260, 903)
06:47:42 clicked Delete in the context menu -> 43-b-done-delete-in-the-context-menu.png
06:47:43 deleted 'Mate connector 1'
06:47:43 about to click the reference geometry group on the toolbar at (1080, 58)
06:47:44 clicked the reference geometry group on the toolbar -> 44-b-done-the-reference-geometry-group-on-the-toolbar.png
06:47:46 about to click the green tick at (424, 93)
06:47:47 clicked the green tick -> 45-b-done-the-green-tick.png
06:47:49 about to click the Mate connector 1 row, to delete it at (140, 630)
06:47:50 clicked the Mate connector 1 row, to delete it -> 46-b-done-the-mate-connector-1-row-to-delete-it.png
06:47:50 about to click Delete in the context menu at (260, 903)
06:47:51 clicked Delete in the context menu -> 47-b-done-delete-in-the-context-menu.png
06:47:53 deleted 'Mate connector 1'
06:48:49 about to click the reference geometry group on the toolbar at (1080, 58)
06:48:50 clicked the reference geometry group on the toolbar -> 48-b-done-the-reference-geometry-group-on-the-toolbar.png
06:51:30 about to click the reference geometry group on the toolbar at (1080, 58)
06:51:31 clicked the reference geometry group on the toolbar -> 49-b-done-the-reference-geometry-group-on-the-toolbar.png
06:53:49 about to click the reference geometry group on the toolbar at (1080, 58)
06:53:52 clicked the reference geometry group on the toolbar -> 50-b-done-the-reference-geometry-group-on-the-toolbar.png
06:53:53 about to click the reference geometry dropdown arrow at (1100, 58)
06:53:54 clicked the reference geometry dropdown arrow -> 51-b-done-the-reference-geometry-dropdown-arrow.png
06:53:54 about to click Mate connector in the list at (1140, 754)
06:53:55 clicked Mate connector in the list -> 52-b-done-mate-connector-in-the-list.png
06:56:47 about to click the reference geometry group on the toolbar at (1080, 58)
06:56:48 clicked the reference geometry group on the toolbar -> 53-b-done-the-reference-geometry-group-on-the-toolbar.png
06:59:27 about to click the reference geometry group on the toolbar at (1080, 58)
06:59:28 clicked the reference geometry group on the toolbar -> 54-b-done-the-reference-geometry-group-on-the-toolbar.png
07:00:47 about to click the reference geometry group on the toolbar at (1080, 58)
07:00:48 clicked the reference geometry group on the toolbar -> 55-b-done-the-reference-geometry-group-on-the-toolbar.png
07:00:49 about to click the reference geometry dropdown arrow at (1100, 58)
07:00:54 clicked the reference geometry dropdown arrow -> 56-b-done-the-reference-geometry-dropdown-arrow.png
07:00:54 about to click Mate connector in the list at (1140, 754)
07:01:00 clicked Mate connector in the list -> 57-b-done-mate-connector-in-the-list.png
07:01:06 about to click the green tick at (424, 93)
07:01:08 clicked the green tick -> 58-b-done-the-green-tick.png
07:01:11 about to click the Mate connector 1 row, to delete it at (140, 630)
07:01:11 clicked the Mate connector 1 row, to delete it -> 59-b-done-the-mate-connector-1-row-to-delete-it.png
07:01:12 about to click Delete in the context menu at (251, 859)
07:01:13 clicked Delete in the context menu -> 60-b-done-delete-in-the-context-menu.png
07:01:14 deleted 'Mate connector 1'
07:01:14 about to click the reference geometry group on the toolbar at (1080, 58)
07:01:16 clicked the reference geometry group on the toolbar -> 61-b-done-the-reference-geometry-group-on-the-toolbar.png
07:01:18 about to click the green tick at (424, 93)
07:01:19 clicked the green tick -> 62-b-done-the-green-tick.png
07:01:22 about to click the Mate connector 1 row, to delete it at (140, 630)
07:01:23 clicked the Mate connector 1 row, to delete it -> 63-b-done-the-mate-connector-1-row-to-delete-it.png
07:01:23 about to click Delete in the context menu at (251, 859)
07:01:25 clicked Delete in the context menu -> 64-b-done-delete-in-the-context-menu.png
07:01:26 deleted 'Mate connector 1'
07:01:26 about to click the reference geometry group on the toolbar at (1080, 58)
07:01:28 clicked the reference geometry group on the toolbar -> 65-b-done-the-reference-geometry-group-on-the-toolbar.png
07:01:30 about to click the green tick at (424, 93)
07:01:32 clicked the green tick -> 66-b-done-the-green-tick.png
07:01:35 about to click the Mate connector 1 row, to delete it at (140, 630)
07:01:36 clicked the Mate connector 1 row, to delete it -> 67-b-done-the-mate-connector-1-row-to-delete-it.png
07:01:36 about to click Delete in the context menu at (251, 859)
07:01:37 clicked Delete in the context menu -> 68-b-done-delete-in-the-context-menu.png
07:01:39 deleted 'Mate connector 1'
07:02:33 about to click the reference geometry group on the toolbar at (1080, 58)
07:02:34 clicked the reference geometry group on the toolbar -> 69-b-done-the-reference-geometry-group-on-the-toolbar.png
07:03:19 about to click the reference geometry group on the toolbar at (1080, 58)
07:03:21 clicked the reference geometry group on the toolbar -> 70-b-done-the-reference-geometry-group-on-the-toolbar.png
07:03:51 about to click the reference geometry group on the toolbar at (1080, 58)
07:03:53 clicked the reference geometry group on the toolbar -> 71-b-done-the-reference-geometry-group-on-the-toolbar.png
07:05:57 about to click the reference geometry group on the toolbar at (1080, 58)
07:05:58 clicked the reference geometry group on the toolbar -> 72-b-done-the-reference-geometry-group-on-the-toolbar.png
07:06:00 about to click the reference geometry dropdown arrow at (1100, 58)
07:06:01 clicked the reference geometry dropdown arrow -> 73-b-done-the-reference-geometry-dropdown-arrow.png
07:06:01 about to click Mate connector in the list at (1140, 754)
07:06:02 clicked Mate connector in the list -> 74-b-done-mate-connector-in-the-list.png
07:07:16 about to click the reference geometry group on the toolbar at (1080, 58)
07:07:18 clicked the reference geometry group on the toolbar -> 75-b-done-the-reference-geometry-group-on-the-toolbar.png
07:07:19 about to click the reference geometry dropdown arrow at (1100, 58)
07:07:20 clicked the reference geometry dropdown arrow -> 76-b-done-the-reference-geometry-dropdown-arrow.png
07:07:20 about to click Mate connector in the list at (1140, 754)
07:07:21 clicked Mate connector in the list -> 77-b-done-mate-connector-in-the-list.png
07:07:23 about to click the green tick at (424, 93)
07:07:24 clicked the green tick -> 78-b-done-the-green-tick.png
07:07:26 about to click the Mate connector 1 row, to delete it at (140, 629)
07:07:27 clicked the Mate connector 1 row, to delete it -> 79-b-done-the-mate-connector-1-row-to-delete-it.png
07:07:27 about to click Delete in the context menu at (260, 902)
07:07:28 clicked Delete in the context menu -> 80-b-done-delete-in-the-context-menu.png
07:07:30 deleted 'Mate connector 1'
07:07:30 about to click the reference geometry group on the toolbar at (1080, 58)
07:07:31 clicked the reference geometry group on the toolbar -> 81-b-done-the-reference-geometry-group-on-the-toolbar.png
07:07:32 about to click the green tick at (424, 93)
07:07:33 clicked the green tick -> 82-b-done-the-green-tick.png
07:07:36 about to click the Mate connector 1 row, to delete it at (140, 629)
07:07:37 clicked the Mate connector 1 row, to delete it -> 83-b-done-the-mate-connector-1-row-to-delete-it.png
07:07:37 about to click Delete in the context menu at (260, 902)
07:07:38 clicked Delete in the context menu -> 84-b-done-delete-in-the-context-menu.png
07:07:39 deleted 'Mate connector 1'
07:07:39 about to click the reference geometry group on the toolbar at (1080, 58)
07:07:40 clicked the reference geometry group on the toolbar -> 85-b-done-the-reference-geometry-group-on-the-toolbar.png
07:07:42 about to click the green tick at (424, 93)
07:07:43 clicked the green tick -> 86-b-done-the-green-tick.png
07:07:46 about to click the Mate connector 1 row, to delete it at (140, 629)
07:07:47 clicked the Mate connector 1 row, to delete it -> 87-b-done-the-mate-connector-1-row-to-delete-it.png
07:07:47 about to click Delete in the context menu at (260, 902)
07:07:48 clicked Delete in the context menu -> 88-b-done-delete-in-the-context-menu.png
07:07:49 deleted 'Mate connector 1'
07:08:40 about to click the reference geometry group on the toolbar at (1080, 58)
07:08:41 clicked the reference geometry group on the toolbar -> 89-b-done-the-reference-geometry-group-on-the-toolbar.png
07:08:43 about to click the green tick at (424, 93)
07:08:44 clicked the green tick -> 90-b-done-the-green-tick.png
07:08:47 about to click the Mate connector 1 row, to delete it at (140, 629)
07:08:47 clicked the Mate connector 1 row, to delete it -> 91-b-done-the-mate-connector-1-row-to-delete-it.png
07:08:47 about to click Delete in the context menu at (260, 902)
07:08:48 clicked Delete in the context menu -> 92-b-done-delete-in-the-context-menu.png
07:08:50 deleted 'Mate connector 1'
07:08:50 about to click the reference geometry group on the toolbar at (1080, 58)
07:08:51 clicked the reference geometry group on the toolbar -> 93-b-done-the-reference-geometry-group-on-the-toolbar.png
07:08:53 about to click the green tick at (424, 93)
07:08:53 clicked the green tick -> 94-b-done-the-green-tick.png
07:08:56 about to click the Mate connector 1 row, to delete it at (140, 629)
07:08:57 clicked the Mate connector 1 row, to delete it -> 95-b-done-the-mate-connector-1-row-to-delete-it.png
07:08:57 about to click Delete in the context menu at (260, 902)
07:08:58 clicked Delete in the context menu -> 96-b-done-delete-in-the-context-menu.png
07:09:00 deleted 'Mate connector 1'
07:09:00 about to click the reference geometry group on the toolbar at (1080, 58)
07:09:01 clicked the reference geometry group on the toolbar -> 97-b-done-the-reference-geometry-group-on-the-toolbar.png
07:09:02 about to click the green tick at (424, 93)
07:09:03 clicked the green tick -> 98-b-done-the-green-tick.png
07:09:06 about to click the Mate connector 1 row, to delete it at (140, 629)
07:09:07 clicked the Mate connector 1 row, to delete it -> 99-b-done-the-mate-connector-1-row-to-delete-it.png
07:09:07 about to click Delete in the context menu at (260, 902)
07:09:08 clicked Delete in the context menu -> 100-b-done-delete-in-the-context-menu.png
07:09:09 deleted 'Mate connector 1'
07:10:04 about to click the reference geometry group on the toolbar at (1080, 58)
07:10:05 clicked the reference geometry group on the toolbar -> 101-b-done-the-reference-geometry-group-on-the-toolbar.png
07:10:07 about to click the green tick at (424, 93)
07:10:08 clicked the green tick -> 102-b-done-the-green-tick.png
07:10:11 about to click the Mate connector 1 row, to delete it at (140, 629)
07:10:12 clicked the Mate connector 1 row, to delete it -> 103-b-done-the-mate-connector-1-row-to-delete-it.png
07:10:12 about to click Delete in the context menu at (260, 902)
07:10:12 clicked Delete in the context menu -> 104-b-done-delete-in-the-context-menu.png
07:10:14 deleted 'Mate connector 1'
07:10:14 about to click the reference geometry group on the toolbar at (1080, 58)
07:10:15 clicked the reference geometry group on the toolbar -> 105-b-done-the-reference-geometry-group-on-the-toolbar.png
07:10:17 about to click the green tick at (424, 93)
07:10:17 clicked the green tick -> 106-b-done-the-green-tick.png
07:10:20 about to click the Mate connector 1 row, to delete it at (140, 629)
07:10:21 clicked the Mate connector 1 row, to delete it -> 107-b-done-the-mate-connector-1-row-to-delete-it.png
07:10:21 about to click Delete in the context menu at (260, 902)
07:10:22 clicked Delete in the context menu -> 108-b-done-delete-in-the-context-menu.png
07:10:24 deleted 'Mate connector 1'
07:10:45 about to click the reference geometry group on the toolbar at (1080, 58)
07:10:46 clicked the reference geometry group on the toolbar -> 109-b-done-the-reference-geometry-group-on-the-toolbar.png
07:10:48 about to click the green tick at (424, 93)
07:10:48 clicked the green tick -> 110-b-done-the-green-tick.png
07:10:51 about to click the Mate connector 1 row, to delete it at (140, 629)
07:10:52 clicked the Mate connector 1 row, to delete it -> 111-b-done-the-mate-connector-1-row-to-delete-it.png
07:10:52 about to click Delete in the context menu at (260, 902)
07:10:53 clicked Delete in the context menu -> 112-b-done-delete-in-the-context-menu.png
07:10:55 deleted 'Mate connector 1'
07:10:55 about to click the reference geometry group on the toolbar at (1080, 58)
07:10:55 clicked the reference geometry group on the toolbar -> 113-b-done-the-reference-geometry-group-on-the-toolbar.png
07:10:57 about to click the green tick at (424, 93)
07:10:58 clicked the green tick -> 114-b-done-the-green-tick.png
07:11:01 about to click the Mate connector 1 row, to delete it at (140, 629)
07:11:02 clicked the Mate connector 1 row, to delete it -> 115-b-done-the-mate-connector-1-row-to-delete-it.png
07:11:02 about to click Delete in the context menu at (260, 902)
07:11:03 clicked Delete in the context menu -> 116-b-done-delete-in-the-context-menu.png
07:11:04 deleted 'Mate connector 1'
07:11:04 about to click the reference geometry group on the toolbar at (1080, 58)
07:11:05 clicked the reference geometry group on the toolbar -> 117-b-done-the-reference-geometry-group-on-the-toolbar.png
07:11:12 about to click the green tick at (424, 93)
07:11:13 clicked the green tick -> 118-b-done-the-green-tick.png
07:11:15 about to click the green tick at (424, 93)
07:11:16 clicked the green tick -> 119-b-done-the-green-tick.png
07:11:19 about to click the green tick at (424, 93)
07:11:20 clicked the green tick -> 120-b-done-the-green-tick.png
07:11:22 about to click the green tick at (424, 93)
07:11:23 clicked the green tick -> 121-b-done-the-green-tick.png
07:13:04 about to click the reference geometry group on the toolbar at (1080, 58)
07:13:05 clicked the reference geometry group on the toolbar -> 122-b-done-the-reference-geometry-group-on-the-toolbar.png
07:13:07 about to click the green tick at (424, 93)
07:13:07 clicked the green tick -> 123-b-done-the-green-tick.png
07:13:10 about to click the Mate connector 1 row, to delete it at (140, 629)
07:13:11 clicked the Mate connector 1 row, to delete it -> 124-b-done-the-mate-connector-1-row-to-delete-it.png
07:13:11 about to click Delete in the context menu at (260, 902)
07:13:12 clicked Delete in the context menu -> 125-b-done-delete-in-the-context-menu.png
07:13:14 deleted 'Mate connector 1'
07:13:14 about to click the reference geometry group on the toolbar at (1080, 58)
07:13:15 clicked the reference geometry group on the toolbar -> 126-b-done-the-reference-geometry-group-on-the-toolbar.png
07:13:17 about to click the green tick at (424, 93)
07:13:18 clicked the green tick -> 127-b-done-the-green-tick.png
07:13:20 about to click the Mate connector 1 row, to delete it at (140, 629)
07:13:21 clicked the Mate connector 1 row, to delete it -> 128-b-done-the-mate-connector-1-row-to-delete-it.png
07:13:21 about to click Delete in the context menu at (260, 902)
07:13:22 clicked Delete in the context menu -> 129-b-done-delete-in-the-context-menu.png
07:13:24 deleted 'Mate connector 1'
07:13:24 about to click the reference geometry group on the toolbar at (1080, 58)
07:13:25 clicked the reference geometry group on the toolbar -> 130-b-done-the-reference-geometry-group-on-the-toolbar.png
07:13:26 about to click the green tick at (424, 93)
07:13:27 clicked the green tick -> 131-b-done-the-green-tick.png
07:13:30 about to click the Mate connector 1 row, to delete it at (140, 629)
07:13:31 clicked the Mate connector 1 row, to delete it -> 132-b-done-the-mate-connector-1-row-to-delete-it.png
07:13:31 about to click Delete in the context menu at (260, 902)
07:13:32 clicked Delete in the context menu -> 133-b-done-delete-in-the-context-menu.png
07:13:34 deleted 'Mate connector 1'
07:13:34 about to click the reference geometry group on the toolbar at (1080, 58)
07:13:34 clicked the reference geometry group on the toolbar -> 134-b-done-the-reference-geometry-group-on-the-toolbar.png
07:13:36 about to click the green tick at (424, 93)
07:13:37 clicked the green tick -> 135-b-done-the-green-tick.png
07:13:40 about to click the Mate connector 1 row, to delete it at (140, 629)
07:13:41 clicked the Mate connector 1 row, to delete it -> 136-b-done-the-mate-connector-1-row-to-delete-it.png
07:13:41 about to click Delete in the context menu at (260, 902)
07:13:42 clicked Delete in the context menu -> 137-b-done-delete-in-the-context-menu.png
07:13:43 deleted 'Mate connector 1'
07:15:27 about to click the reference geometry group on the toolbar at (1080, 58)
07:15:28 clicked the reference geometry group on the toolbar -> 138-b-done-the-reference-geometry-group-on-the-toolbar.png
07:15:30 about to click the green tick at (424, 93)
07:15:30 clicked the green tick -> 139-b-done-the-green-tick.png
07:15:33 about to click the Mate connector 1 row, to delete it at (140, 629)
07:15:34 clicked the Mate connector 1 row, to delete it -> 140-b-done-the-mate-connector-1-row-to-delete-it.png
07:15:34 about to click Delete in the context menu at (260, 902)
07:15:35 clicked Delete in the context menu -> 141-b-done-delete-in-the-context-menu.png
07:15:37 deleted 'Mate connector 1'
07:15:37 about to click the reference geometry group on the toolbar at (1080, 58)
07:15:38 clicked the reference geometry group on the toolbar -> 142-b-done-the-reference-geometry-group-on-the-toolbar.png
07:15:39 about to click the green tick at (424, 93)
07:15:40 clicked the green tick -> 143-b-done-the-green-tick.png
07:15:43 about to click the Mate connector 1 row, to delete it at (140, 629)
07:15:44 clicked the Mate connector 1 row, to delete it -> 144-b-done-the-mate-connector-1-row-to-delete-it.png
07:15:44 about to click Delete in the context menu at (260, 902)
07:15:45 clicked Delete in the context menu -> 145-b-done-delete-in-the-context-menu.png
07:15:47 deleted 'Mate connector 1'
07:15:47 about to click the reference geometry group on the toolbar at (1080, 58)
07:15:47 clicked the reference geometry group on the toolbar -> 146-b-done-the-reference-geometry-group-on-the-toolbar.png
07:15:49 about to click the green tick at (424, 93)
07:15:50 clicked the green tick -> 147-b-done-the-green-tick.png
07:15:53 about to click the Mate connector 1 row, to delete it at (140, 629)
07:15:54 clicked the Mate connector 1 row, to delete it -> 148-b-done-the-mate-connector-1-row-to-delete-it.png
07:15:54 about to click Delete in the context menu at (260, 902)
07:15:55 clicked Delete in the context menu -> 149-b-done-delete-in-the-context-menu.png
07:15:56 deleted 'Mate connector 1'
