09:04:42 on hand-run6: https://cad.onshape.com/documents/8887c2fc2657197fce7057c5/w/cb725dfa0b7a907f9ecc3d0e/e/96e1f40644cfe1ce9bc50181
09:04:42 about to click the document menu, left of the name at (155, 20)
09:04:43 clicked the document menu, left of the name -> 02-b-done-the-document-menu-left-of-the-name.png
09:05:05 about to click Copy workspace… in the document menu at (252, 182)
09:05:06 clicked Copy workspace… in the document menu -> 04-b-done-copy-workspace-in-the-document-menu.png
09:05:37 about to click Owned by me, in the Copy document to list at (583, 238)
09:05:38 clicked Owned by me, in the Copy document to list -> 06-b-done-owned-by-me-in-the-copy-document-to-list.png
09:05:41 about to click the Coach Mike Experiments folder at (435, 20)
09:05:41 clicked the Coach Mike Experiments folder -> 08-b-done-the-coach-mike-experiments-folder.png
09:06:12 about to click Open, to drill into Owned by me at (982, 487)
09:06:13 clicked Open, to drill into Owned by me -> 11-b-done-open-to-drill-into-owned-by-me.png
09:06:41 about to click the home icon in the destination picker at (529, 204)
09:06:42 clicked the home icon in the destination picker -> 13-b-done-the-home-icon-in-the-destination-picker.png
09:06:45 about to click Spires Robotics in the destination picker at (595, 202)
09:06:45 clicked Spires Robotics in the destination picker -> 15-b-done-spires-robotics-in-the-destination-picker.png
09:06:47 about to click Open, to drill into Spires Robotics at (982, 527)
09:06:48 clicked Open, to drill into Spires Robotics -> 16-b-done-open-to-drill-into-spires-robotics.png
09:07:10 about to click Open, to drill into Spires Robotics at (984, 426)
09:07:11 clicked Open, to drill into Spires Robotics -> 18-b-done-open-to-drill-into-spires-robotics.png
09:08:15 about to click Cancel, to start the copy from a clean dialog at (1053, 466)
09:08:16 clicked Cancel, to start the copy from a clean dialog -> 20-b-done-cancel-to-start-the-copy-from-a-clean-dialog.png
09:08:40 on hand-run6, about to copy it to hand-run6p2
09:08:40 about to click the document menu, left of the name at (155, 20)
09:08:41 clicked the document menu, left of the name -> 21-b-done-the-document-menu-left-of-the-name.png
09:08:43 about to click Copy workspace… in the document menu at (252, 182)
09:08:44 clicked Copy workspace… in the document menu -> 22-b-done-copy-workspace-in-the-document-menu.png
09:08:47 about to click Spires Robotics in the destination picker at (595, 202)
09:08:48 clicked Spires Robotics in the destination picker -> 24-b-done-spires-robotics-in-the-destination-picker.png
09:08:50 about to click Open, into Spires Robotics at (984, 426)
09:08:51 clicked Open, into Spires Robotics -> 25-b-done-open-into-spires-robotics.png
09:08:54 about to click Coach Mike Experiments in the destination picker at (623, 242)
09:08:55 clicked Coach Mike Experiments in the destination picker -> 26-b-done-coach-mike-experiments-in-the-destination-picker.png
09:08:57 about to click Open, into Coach Mike Experiments at (984, 466)
09:08:58 clicked Open, into Coach Mike Experiments -> 27-b-done-open-into-coach-mike-experiments.png
09:09:01 about to click the Document name field at (800, 126)
09:09:01 clicked the Document name field -> 28-b-done-the-document-name-field.png
09:09:02 about to click Copy here, for hand-run6p2 at (969, 466)
09:09:03 clicked Copy here, for hand-run6p2 -> 30-b-done-copy-here-for-hand-run6p2.png
09:09:09 landed on https://cad.onshape.com/documents/687ba12f3c03ad636149de3c/w/57f3bbf1b64d1db245baade8/e/177e2575a194158fb5722fcc
09:09:30 on ball-socket-run61, about to copy it to ball-socket-run6p2
09:09:30 about to click the document menu, left of the name at (155, 20)
09:09:31 clicked the document menu, left of the name -> 32-b-done-the-document-menu-left-of-the-name.png
09:09:33 about to click Copy workspace… in the document menu at (252, 182)
09:09:34 clicked Copy workspace… in the document menu -> 33-b-done-copy-workspace-in-the-document-menu.png
09:09:37 about to click Spires Robotics in the destination picker at (595, 202)
09:09:38 clicked Spires Robotics in the destination picker -> 35-b-done-spires-robotics-in-the-destination-picker.png
09:09:40 about to click Open, into Spires Robotics at (984, 426)
09:09:41 clicked Open, into Spires Robotics -> 36-b-done-open-into-spires-robotics.png
09:09:44 about to click Coach Mike Experiments in the destination picker at (623, 242)
09:09:45 clicked Coach Mike Experiments in the destination picker -> 37-b-done-coach-mike-experiments-in-the-destination-picker.png
09:09:47 about to click Open, into Coach Mike Experiments at (984, 466)
09:09:48 clicked Open, into Coach Mike Experiments -> 38-b-done-open-into-coach-mike-experiments.png
09:09:51 about to click the Document name field at (800, 126)
09:09:51 clicked the Document name field -> 39-b-done-the-document-name-field.png
09:09:52 about to click Copy here, for ball-socket-run6p2 at (969, 466)
09:09:53 clicked Copy here, for ball-socket-run6p2 -> 41-b-done-copy-here-for-ball-socket-run6p2.png
09:09:59 landed on https://cad.onshape.com/documents/1df3d1ad853b645af8fdf3ec/w/0b1ad1a481bb3f91ff794f8e/e/a3df132532aa65285f651922
09:10:20 on hinge-run61, about to copy it to hinge-run6p2
09:10:20 about to click the document menu, left of the name at (155, 20)
09:10:24 clicked the document menu, left of the name -> 43-b-done-the-document-menu-left-of-the-name.png
09:10:27 about to click Copy workspace… in the document menu at (252, 182)
09:10:28 clicked Copy workspace… in the document menu -> 44-b-done-copy-workspace-in-the-document-menu.png
09:10:31 about to click Spires Robotics in the destination picker at (595, 202)
09:10:31 clicked Spires Robotics in the destination picker -> 46-b-done-spires-robotics-in-the-destination-picker.png
09:10:33 about to click Open, into Spires Robotics at (984, 426)
09:10:34 clicked Open, into Spires Robotics -> 47-b-done-open-into-spires-robotics.png
09:10:37 about to click Coach Mike Experiments in the destination picker at (623, 242)
09:10:38 clicked Coach Mike Experiments in the destination picker -> 48-b-done-coach-mike-experiments-in-the-destination-picker.png
09:10:40 about to click Open, into Coach Mike Experiments at (984, 466)
09:10:41 clicked Open, into Coach Mike Experiments -> 49-b-done-open-into-coach-mike-experiments.png
09:10:44 about to click the Document name field at (800, 126)
09:10:45 clicked the Document name field -> 50-b-done-the-document-name-field.png
09:10:46 about to click Copy here, for hinge-run6p2 at (969, 466)
09:10:47 clicked Copy here, for hinge-run6p2 -> 52-b-done-copy-here-for-hinge-run6p2.png
09:10:54 landed on https://cad.onshape.com/documents/8992e7671fc940bc71c76470/w/182646b07fa1fee5a7111270/e/e3cecf409a60a33a04fc87b2
