09:35:34 about to click the document menu, left of the name at (155, 20)
09:35:35 clicked the document menu, left of the name -> 02-b-done-the-document-menu-left-of-the-name.png
09:35:37 about to click Copy workspace… in the document menu at (252, 182)
09:35:38 clicked Copy workspace… in the document menu -> 03-b-done-copy-workspace-in-the-document-menu.png
09:35:41 about to click Spires Robotics in the destination picker at (595, 202)
09:35:42 clicked Spires Robotics in the destination picker -> 05-b-done-spires-robotics-in-the-destination-picker.png
09:35:44 about to click Open, into Spires Robotics at (984, 426)
09:35:45 clicked Open, into Spires Robotics -> 06-b-done-open-into-spires-robotics.png
09:35:48 about to click Coach Mike Experiments in the destination picker at (623, 242)
09:35:49 clicked Coach Mike Experiments in the destination picker -> 07-b-done-coach-mike-experiments-in-the-destination-picker.png
09:35:51 about to click Open, into Coach Mike Experiments at (984, 466)
09:35:51 clicked Open, into Coach Mike Experiments -> 08-b-done-open-into-coach-mike-experiments.png
09:35:54 about to click the Document name field at (800, 126)
09:35:55 clicked the Document name field -> 09-b-done-the-document-name-field.png
09:35:56 about to click Copy here, for head-run6p2 at (969, 466)
09:35:57 clicked Copy here, for head-run6p2 -> 11-b-done-copy-here-for-head-run6p2.png
09:36:03 landed on https://cad.onshape.com/documents/36548bf3cc01ccd6d995e836/w/947a8c7cde9dd5347a3e4b05/e/5171bf18d621b74aa575cbc7
09:36:03 head-run6p2 -> 36548bf3cc01ccd6d995e836 / 947a8c7cde9dd5347a3e4b05
09:36:13 about to click the document menu, left of the name at (155, 20)
09:36:14 clicked the document menu, left of the name -> 14-b-done-the-document-menu-left-of-the-name.png
09:36:17 about to click Copy workspace… in the document menu at (252, 182)
09:36:18 clicked Copy workspace… in the document menu -> 15-b-done-copy-workspace-in-the-document-menu.png
09:36:21 about to click Spires Robotics in the destination picker at (595, 202)
09:36:22 clicked Spires Robotics in the destination picker -> 17-b-done-spires-robotics-in-the-destination-picker.png
09:36:24 about to click Open, into Spires Robotics at (984, 426)
09:36:24 clicked Open, into Spires Robotics -> 18-b-done-open-into-spires-robotics.png
09:36:27 about to click Coach Mike Experiments in the destination picker at (623, 242)
09:36:28 clicked Coach Mike Experiments in the destination picker -> 19-b-done-coach-mike-experiments-in-the-destination-picker.png
09:36:30 about to click Open, into Coach Mike Experiments at (984, 466)
09:36:31 clicked Open, into Coach Mike Experiments -> 20-b-done-open-into-coach-mike-experiments.png
09:36:34 about to click the Document name field at (800, 126)
09:36:35 clicked the Document name field -> 21-b-done-the-document-name-field.png
09:36:36 about to click Copy here, for foot-run6p2 at (969, 466)
09:36:37 clicked Copy here, for foot-run6p2 -> 23-b-done-copy-here-for-foot-run6p2.png
09:36:43 landed on https://cad.onshape.com/documents/c73640fb09bed63291487613/w/db06f2909ecabc4ca8771e9a/e/539e37317b97d0e660372420
09:36:43 foot-run6p2 -> c73640fb09bed63291487613 / db06f2909ecabc4ca8771e9a
09:36:55 about to click the document menu, left of the name at (155, 20)
09:36:56 clicked the document menu, left of the name -> 26-b-done-the-document-menu-left-of-the-name.png
09:36:58 about to click Copy workspace… in the document menu at (252, 182)
09:36:59 clicked Copy workspace… in the document menu -> 27-b-done-copy-workspace-in-the-document-menu.png
09:37:02 about to click Spires Robotics in the destination picker at (595, 202)
09:37:03 clicked Spires Robotics in the destination picker -> 29-b-done-spires-robotics-in-the-destination-picker.png
09:37:05 about to click Open, into Spires Robotics at (984, 426)
09:37:06 clicked Open, into Spires Robotics -> 30-b-done-open-into-spires-robotics.png
09:37:09 about to click Coach Mike Experiments in the destination picker at (623, 242)
09:37:10 clicked Coach Mike Experiments in the destination picker -> 31-b-done-coach-mike-experiments-in-the-destination-picker.png
09:37:12 about to click Open, into Coach Mike Experiments at (984, 466)
09:37:13 clicked Open, into Coach Mike Experiments -> 32-b-done-open-into-coach-mike-experiments.png
09:37:16 about to click the Document name field at (800, 126)
09:37:17 clicked the Document name field -> 33-b-done-the-document-name-field.png
09:37:17 about to click Copy here, for limb-socket-clevis-run6p2 at (969, 466)
09:37:18 clicked Copy here, for limb-socket-clevis-run6p2 -> 35-b-done-copy-here-for-limb-socket-clevis-run6p2.png
09:37:25 landed on https://cad.onshape.com/documents/d389d4bcac551466cd085dc6/w/75c4b792f2532132583d76a2/e/7d0d7380b5863d696c550dda
09:37:29 limb-socket-clevis-run6p2 -> d389d4bcac551466cd085dc6 / 75c4b792f2532132583d76a2
09:37:41 about to click the document menu, left of the name at (155, 20)
09:37:42 clicked the document menu, left of the name -> 38-b-done-the-document-menu-left-of-the-name.png
09:37:45 about to click Copy workspace… in the document menu at (252, 182)
09:37:45 clicked Copy workspace… in the document menu -> 39-b-done-copy-workspace-in-the-document-menu.png
09:37:48 about to click Spires Robotics in the destination picker at (595, 202)
09:37:49 clicked Spires Robotics in the destination picker -> 41-b-done-spires-robotics-in-the-destination-picker.png
09:37:51 about to click Open, into Spires Robotics at (984, 426)
09:37:52 clicked Open, into Spires Robotics -> 42-b-done-open-into-spires-robotics.png
09:37:55 about to click Coach Mike Experiments in the destination picker at (623, 242)
09:37:56 clicked Coach Mike Experiments in the destination picker -> 43-b-done-coach-mike-experiments-in-the-destination-picker.png
09:37:58 about to click Open, into Coach Mike Experiments at (984, 466)
09:37:59 clicked Open, into Coach Mike Experiments -> 44-b-done-open-into-coach-mike-experiments.png
09:38:02 about to click the Document name field at (800, 126)
09:38:03 clicked the Document name field -> 45-b-done-the-document-name-field.png
09:38:04 about to click Copy here, for limb-blade-ball-run6p2 at (969, 466)
09:38:05 clicked Copy here, for limb-blade-ball-run6p2 -> 47-b-done-copy-here-for-limb-blade-ball-run6p2.png
09:38:11 landed on https://cad.onshape.com/documents/b9521f3376e6ce4bd8fb6918/w/a2fd0717e1e6f047dbe23500/e/2a1fee39417cadb88f6e55c9
09:38:15 limb-blade-ball-run6p2 -> b9521f3376e6ce4bd8fb6918 / a2fd0717e1e6f047dbe23500
09:38:25 about to click the document menu, left of the name at (155, 20)
09:38:25 clicked the document menu, left of the name -> 50-b-done-the-document-menu-left-of-the-name.png
09:38:28 about to click Copy workspace… in the document menu at (252, 182)
09:38:29 clicked Copy workspace… in the document menu -> 51-b-done-copy-workspace-in-the-document-menu.png
09:38:32 about to click Spires Robotics in the destination picker at (595, 202)
09:38:33 clicked Spires Robotics in the destination picker -> 53-b-done-spires-robotics-in-the-destination-picker.png
09:38:35 about to click Open, into Spires Robotics at (984, 426)
09:38:36 clicked Open, into Spires Robotics -> 54-b-done-open-into-spires-robotics.png
09:38:39 about to click Coach Mike Experiments in the destination picker at (623, 242)
09:38:40 clicked Coach Mike Experiments in the destination picker -> 55-b-done-coach-mike-experiments-in-the-destination-picker.png
09:38:42 about to click Open, into Coach Mike Experiments at (984, 466)
09:38:42 clicked Open, into Coach Mike Experiments -> 56-b-done-open-into-coach-mike-experiments.png
09:38:45 about to click the Document name field at (800, 126)
09:38:46 clicked the Document name field -> 57-b-done-the-document-name-field.png
09:38:47 about to click Copy here, for torso-run6p2 at (969, 466)
09:38:48 clicked Copy here, for torso-run6p2 -> 59-b-done-copy-here-for-torso-run6p2.png
09:38:54 landed on https://cad.onshape.com/documents/af426b86c07e7073904f3cc8/w/38ab90e5deef0fe4051a2040/e/c98b651bcb90ee28636fb646
09:38:54 torso-run6p2 -> af426b86c07e7073904f3cc8 / 38ab90e5deef0fe4051a2040
10:05:59 dropping the first foot-run6p2 c73640fb09bed63291487613, which lost its sole groove to the cut
10:05:59 delete returned 200
10:06:09 about to click the document menu, left of the name at (155, 20)
10:06:10 clicked the document menu, left of the name -> 62-b-done-the-document-menu-left-of-the-name.png
10:06:13 about to click Copy workspace… in the document menu at (252, 182)
10:06:14 clicked Copy workspace… in the document menu -> 63-b-done-copy-workspace-in-the-document-menu.png
10:06:17 about to click Spires Robotics in the destination picker at (595, 202)
10:06:17 clicked Spires Robotics in the destination picker -> 65-b-done-spires-robotics-in-the-destination-picker.png
10:06:19 about to click Open, into Spires Robotics at (984, 426)
10:06:20 clicked Open, into Spires Robotics -> 66-b-done-open-into-spires-robotics.png
10:06:23 about to click Coach Mike Experiments in the destination picker at (623, 242)
10:06:24 clicked Coach Mike Experiments in the destination picker -> 67-b-done-coach-mike-experiments-in-the-destination-picker.png
10:06:26 about to click Open, into Coach Mike Experiments at (984, 466)
10:06:27 clicked Open, into Coach Mike Experiments -> 68-b-done-open-into-coach-mike-experiments.png
10:06:30 about to click the Document name field at (800, 126)
10:06:31 clicked the Document name field -> 69-b-done-the-document-name-field.png
10:06:32 about to click Copy here, for foot-run6p2 at (969, 466)
10:06:33 clicked Copy here, for foot-run6p2 -> 71-b-done-copy-here-for-foot-run6p2.png
10:06:39 landed on https://cad.onshape.com/documents/1b213610593cf1eabfbae1c5/w/9e85d3c55ddf44b1c4f47295/e/13dc4a8d67a300c68aa99fff
10:06:39 foot-run6p2 is now 1b213610593cf1eabfbae1c5 / 9e85d3c55ddf44b1c4f47295
