09:42:54 tree before the cut: ['Default geometry', 'Origin', 'Top', 'Front', 'Right', 'Foot outline', 'Foot plate', 'Top round', 'Collar circle', 'Ankle collar', 'Ball profile', 'Ankle ball', 'Ankle cavity from the ball', 'Slit profile', 'Relief slit', 'Four slits', 'Groove profile', 'Sole groove', 'Sole ribs', 'Socket', '', 'Parts (1)', 'Foot']
09:42:54 about to select the Collar circle row, the first feature that re-creates a joint at (140, 365)
09:42:55 selected the Collar circle row, the first feature that re-creates a joint -> 02-a-select-the-collar-circle-row-the-first-feature-that-re-.png
09:43:27 tree before the cut: ['Default geometry', 'Origin', 'Top', 'Front', 'Right', 'Foot outline', 'Foot plate', 'Top round', 'Collar circle', 'Ankle collar', 'Ball profile', 'Ankle ball', 'Ankle cavity from the ball', 'Slit profile', 'Relief slit', 'Four slits', 'Groove profile', 'Sole groove', 'Sole ribs', 'Socket', '', 'Parts (1)', 'Foot']
09:43:27 about to select the Collar circle row, the first feature that re-creates a joint at (140, 365)
09:43:28 selected the Collar circle row, the first feature that re-creates a joint -> 04-a-select-the-collar-circle-row-the-first-feature-that-re-.png
09:43:28 about to click the Socket row, with Shift, to take the whole tail at (140, 651)
09:43:29 clicked the Socket row, with Shift, to take the whole tail -> 05-b-done-the-socket-row-with-shift-to-take-the-whole-tail.png
09:43:30 about to click the picked rows, to open their menu at (140, 651)
09:43:31 clicked the picked rows, to open their menu -> 07-b-done-the-picked-rows-to-open-their-menu.png
09:43:33 about to click Delete in the context menu at (270, 877)
09:43:33 clicked Delete in the context menu -> 08-b-done-delete-in-the-context-menu.png
09:43:37 tree after the cut: ['Default geometry', 'Origin', 'Top', 'Front', 'Right', 'Foot outline', 'Foot plate', 'Top round', '', 'Parts (1)', 'Foot']
09:43:38 about to press Alt+c to alt-c, which opens the tool search
09:43:38 pressed Alt+c to alt-c, which opens the tool search -> 10-b-done-alt-c-which-opens-the-tool-search.png
09:43:45 about to click the Derived result, which arms the tool at (1120, 159)
09:43:46 clicked the Derived result, which arms the tool -> 11-b-done-the-derived-result-which-arms-the-tool.png
09:43:49 Derived armed after about 3 s
09:43:49 about to click Select Part Studio…, which opens the document picker at (368, 148)
09:43:50 clicked Select Part Studio…, which opens the document picker -> 12-b-done-select-part-studio-which-opens-the-document-pick.png
09:43:54 about to click the Other documents tab in the picker at (692, 124)
09:43:55 clicked the Other documents tab in the picker -> 13-b-done-the-other-documents-tab-in-the-picker.png
09:43:58 about to click the picker's search box at (620, 161)
09:43:58 clicked the picker's search box -> 14-b-done-the-picker-s-search-box.png
09:44:03 about to press Enter to Enter, which is what runs the picker's search
09:44:04 pressed Enter to Enter, which is what runs the picker's search -> 15-b-done-enter-which-is-what-runs-the-picker-s-search.png
09:44:09 about to click the ball-socket-run6p2 document at (607, 195)
09:44:10 clicked the ball-socket-run6p2 document -> 16-b-done-the-ball-socket-run6p2-document.png
09:44:15 the picker reads version ['ball-socket-run6p2-2026-08-15']; wanted 'ball-socket-run6p2-2026-08-15'
09:44:15 about to click Socket body, off ball-socket-run6p2-2026-08-15 at (672, 325)
09:44:16 clicked Socket body, off ball-socket-run6p2-2026-08-15 -> 17-b-done-socket-body-off-ball-socket-run6p2-2026-08-15.png
09:44:19 about to click the X on the picker, which leaves the Derived dialog standing at (753, 93)
09:44:20 clicked the X on the picker, which leaves the Derived dialog standing -> 18-b-done-the-x-on-the-picker-which-leaves-the-derived-dia.png
09:44:22 about to click the green tick, which keeps the Derived at (424, 93)
09:44:23 clicked the green tick, which keeps the Derived -> 20-b-done-the-green-tick-which-keeps-the-derived.png
09:44:28 about to click the Derived 1 row, to rename it at (140, 365)
09:44:29 clicked the Derived 1 row, to rename it -> 21-b-done-the-derived-1-row-to-rename-it.png
09:44:29 about to click Rename in the context menu at (261, 389)
09:44:30 clicked Rename in the context menu -> 22-b-done-rename-in-the-context-menu.png
09:44:31 renamed 'Derived 1' to 'Socket from the joint'
09:44:31 derived Socket body as 'Socket from the joint'
09:44:31 about to click Boolean on the toolbar at (780, 58)
09:44:32 clicked Boolean on the toolbar -> 24-b-done-boolean-on-the-toolbar.png
09:44:35 about to click Socket body in the parts list at (140, 722)
09:44:36 clicked Socket body in the parts list -> 25-b-done-socket-body-in-the-parts-list.png
09:44:38 about to click Foot in the parts list at (140, 696)
09:44:39 clicked Foot in the parts list -> 26-b-done-foot-in-the-parts-list.png
09:44:41 about to click the Keep tools box, to turn it off at (239, 229)
09:44:42 clicked the Keep tools box, to turn it off -> 27-b-done-the-keep-tools-box-to-turn-it-off.png
09:44:43 about to click the green tick, which keeps the union at (424, 93)
09:44:44 clicked the green tick, which keeps the union -> 28-b-done-the-green-tick-which-keeps-the-union.png
09:46:12 the union left two parts: the standard socket does not reach the foot plate
09:46:12 about to click the failed Boolean row, to open its menu at (140, 391)
09:46:13 clicked the failed Boolean row, to open its menu -> 29-b-done-the-failed-boolean-row-to-open-its-menu.png
09:46:14 about to click Delete, which drops the union that did not join at (251, 575)
09:46:15 clicked Delete, which drops the union that did not join -> 30-b-done-delete-which-drops-the-union-that-did-not-join.png
09:46:19 tree after dropping the union: ['Default geometry', 'Origin', 'Top', 'Front', 'Right', 'Foot outline', 'Foot plate', 'Top round', 'Socket from the joint', '', 'Parts (2)', 'Foot', 'Socket body']
09:47:03 about to click the Top face of the view cube at (1508, 141)
09:47:04 clicked the Top face of the view cube -> 32-b-done-the-top-face-of-the-view-cube.png
09:47:06 about to click the View menu at (1563, 232)
09:47:07 clicked the View menu -> 33-b-done-the-view-menu.png
09:47:08 about to click Zoom to fit at (1458, 393)
09:47:09 clicked Zoom to fit -> 34-b-done-zoom-to-fit.png
09:47:11 about to click the plate's top face at (960, 500)
09:47:12 clicked the plate's top face -> 36-b-done-the-plate-s-top-face.png
09:47:14 about to click the Sketch tool at (130, 58)
09:47:14 clicked the Sketch tool -> 38-b-done-the-sketch-tool.png
09:47:48 about to click the circle tool at (306, 58)
09:47:49 clicked the circle tool -> 40-b-done-the-circle-tool.png
09:47:50 about to click the sketch origin, for the circle's centre at (922, 381)
09:47:51 clicked the sketch origin, for the circle's centre -> 41-b-done-the-sketch-origin-for-the-circle-s-centre.png
09:47:52 about to click a point out from the centre, to set the size at (1000, 381)
09:47:53 clicked a point out from the centre, to set the size -> 42-b-done-a-point-out-from-the-centre-to-set-the-size.png
09:47:56 about to click the circle, to dimension it at (1000, 381)
09:47:57 clicked the circle, to dimension it -> 44-b-done-the-circle-to-dimension-it.png
09:47:58 about to click a clear spot to park the number at (1120, 300)
09:47:59 clicked a clear spot to park the number -> 45-b-done-a-clear-spot-to-park-the-number.png
09:48:02 pedestal diameter: 8.73851 mm -> 9.4
09:48:23 about to click the green tick, to close the sketch at (424, 93)
09:48:24 clicked the green tick, to close the sketch -> 47-b-done-the-green-tick-to-close-the-sketch.png
09:48:25 about to click the Sketch 1 row, to rename it at (140, 391)
09:48:26 clicked the Sketch 1 row, to rename it -> 48-b-done-the-sketch-1-row-to-rename-it.png
09:48:26 about to click Rename in the context menu at (263, 415)
09:48:27 clicked Rename in the context menu -> 49-b-done-rename-in-the-context-menu.png
09:48:29 renamed 'Sketch 1' to 'Pedestal circle'
09:48:29 about to click inside the pedestal circle, to pick its region at (922, 381)
09:48:30 clicked inside the pedestal circle, to pick its region -> 52-b-done-inside-the-pedestal-circle-to-pick-its-region.png
09:48:31 about to click Extrude on the toolbar at (219, 58)
09:48:32 clicked Extrude on the toolbar -> 53-b-done-extrude-on-the-toolbar.png
09:49:07 about to click the Pedestal circle row, as the thing to extrude at (140, 391)
09:49:08 clicked the Pedestal circle row, as the thing to extrude -> 55-b-done-the-pedestal-circle-row-as-the-thing-to-extrude.png
09:49:10 about to click Add, so the pedestal joins the foot at (313, 149)
09:49:11 clicked Add, so the pedestal joins the foot -> 56-b-done-add-so-the-pedestal-joins-the-foot.png
09:49:13 about to click the end-condition dropdown, which reads Blind at (345, 213)
09:49:14 clicked the end-condition dropdown, which reads Blind -> 58-b-done-the-end-condition-dropdown-which-reads-blind.png
09:49:34 about to click the arrow on the end-condition dropdown at (430, 231)
09:49:35 clicked the arrow on the end-condition dropdown -> 60-b-done-the-arrow-on-the-end-condition-dropdown.png
09:49:57 about to click Up to part in the end-condition list at (288, 340)
09:49:57 clicked Up to part in the end-condition list -> 62-b-done-up-to-part-in-the-end-condition-list.png
09:50:00 about to click Socket body, the part the pedestal runs up to at (140, 722)
09:50:01 clicked Socket body, the part the pedestal runs up to -> 64-b-done-socket-body-the-part-the-pedestal-runs-up-to.png
09:50:38 about to click the x on Merge scope, to take the socket back out of it at (447, 482)
09:50:39 clicked the x on Merge scope, to take the socket back out of it -> 66-b-done-the-x-on-merge-scope-to-take-the-socket-back-out.png
09:51:13 about to click the Up to surface or part field, to arm it at (355, 264)
09:51:14 clicked the Up to surface or part field, to arm it -> 68-b-done-the-up-to-surface-or-part-field-to-arm-it.png
09:51:15 about to click Socket body, the part the pedestal runs up to at (140, 722)
09:51:16 clicked Socket body, the part the pedestal runs up to -> 69-b-done-socket-body-the-part-the-pedestal-runs-up-to.png
09:52:28 about to click the Merge scope field, to arm it at (356, 482)
09:52:29 clicked the Merge scope field, to arm it -> 70-b-done-the-merge-scope-field-to-arm-it.png
09:52:31 about to click Foot, the part the pedestal joins at (140, 696)
09:52:32 clicked Foot, the part the pedestal joins -> 71-b-done-foot-the-part-the-pedestal-joins.png
09:52:34 about to click the green tick, which keeps the pedestal at (424, 93)
09:52:35 clicked the green tick, which keeps the pedestal -> 73-b-done-the-green-tick-which-keeps-the-pedestal.png
09:52:40 about to click the Extrude 1 row, to rename it at (140, 417)
09:52:41 clicked the Extrude 1 row, to rename it -> 74-b-done-the-extrude-1-row-to-rename-it.png
09:52:41 about to click Rename in the context menu at (279, 441)
09:52:42 clicked Rename in the context menu -> 75-b-done-rename-in-the-context-menu.png
09:52:43 renamed 'Extrude 1' to 'Pedestal up to the socket'
09:53:20 about to click the Direction box, to send the pedestal up to the socket at (269, 341)
09:53:21 clicked the Direction box, to send the pedestal up to the socket -> 79-b-done-the-direction-box-to-send-the-pedestal-up-to-the.png
09:53:24 about to click the green tick, which keeps the pedestal at (424, 93)
09:53:25 clicked the green tick, which keeps the pedestal -> 81-b-done-the-green-tick-which-keeps-the-pedestal.png
09:54:14 about to click the arrow on the end-condition dropdown at (430, 231)
09:54:15 clicked the arrow on the end-condition dropdown -> 83-b-done-the-arrow-on-the-end-condition-dropdown.png
09:54:17 about to click Blind, a plain depth at (273, 262)
09:54:18 clicked Blind, a plain depth -> 84-b-done-blind-a-plain-depth.png
09:54:24 about to click the green tick, which keeps the pedestal at (424, 93)
09:54:25 clicked the green tick, which keeps the pedestal -> 87-b-done-the-green-tick-which-keeps-the-pedestal.png
09:55:10 about to click the Direction box, to leave the pedestal going up at (269, 286)
09:55:11 clicked the Direction box, to leave the pedestal going up -> 90-b-done-the-direction-box-to-leave-the-pedestal-going-up.png
09:55:18 about to click the green tick, which keeps the pedestal at (424, 93)
09:55:19 clicked the green tick, which keeps the pedestal -> 92-b-done-the-green-tick-which-keeps-the-pedestal.png
09:55:57 about to click Boolean on the toolbar at (780, 58)
09:55:58 clicked Boolean on the toolbar -> 94-b-done-boolean-on-the-toolbar.png
09:56:01 about to click Socket body in the parts list at (140, 722)
09:56:02 clicked Socket body in the parts list -> 95-b-done-socket-body-in-the-parts-list.png
09:56:04 about to click Foot in the parts list at (140, 696)
09:56:05 clicked Foot in the parts list -> 96-b-done-foot-in-the-parts-list.png
09:56:07 about to click the Keep tools box, to turn it off at (239, 229)
09:56:08 clicked the Keep tools box, to turn it off -> 97-b-done-the-keep-tools-box-to-turn-it-off.png
09:56:09 about to click the green tick, which keeps the union at (424, 93)
09:56:10 clicked the green tick, which keeps the union -> 98-b-done-the-green-tick-which-keeps-the-union.png
09:56:15 about to click the Boolean 1 row, to rename it at (140, 443)
09:56:16 clicked the Boolean 1 row, to rename it -> 99-b-done-the-boolean-1-row-to-rename-it.png
09:56:16 about to click Rename in the context menu at (251, 467)
09:56:17 clicked Rename in the context menu -> 100-b-done-rename-in-the-context-menu.png
09:56:18 renamed 'Boolean 1' to 'Union the plate and the socket'
09:56:18 about to click the Socket body row, to rename it at (140, 696)
09:56:19 clicked the Socket body row, to rename it -> 102-b-done-the-socket-body-row-to-rename-it.png
09:56:19 about to click Rename in the context menu at (272, 364)
09:56:20 clicked Rename in the context menu -> 103-b-done-rename-in-the-context-menu.png
09:56:22 renamed 'Socket body' to 'Foot'
09:56:22 tree now ['Default geometry', 'Origin', 'Top', 'Front', 'Right', 'Foot outline', 'Foot plate', 'Top round', 'Socket from the joint', 'Pedestal circle', 'Pedestal up to the socket', 'Union the plate and the socket', '', 'Parts (1)', 'Foot']
09:58:14 about to click empty space, to let go of everything at (400, 800)
09:58:15 clicked empty space, to let go of everything -> 106-b-done-empty-space-to-let-go-of-everything.png
09:58:15 about to click the Sketch tool at (130, 58)
09:58:16 clicked the Sketch tool -> 107-b-done-the-sketch-tool.png
09:58:18 about to click the Right plane in the tree, as the sketch plane at (140, 261)
09:58:19 clicked the Right plane in the tree, as the sketch plane -> 108-b-done-the-right-plane-in-the-tree-as-the-sketch-plane.png
09:58:21 about to click the Right face of the view cube at (1440, 166)
09:58:22 clicked the Right face of the view cube -> 109-b-done-the-right-face-of-the-view-cube.png
09:58:24 about to click the View menu at (1563, 232)
09:58:25 clicked the View menu -> 110-b-done-the-view-menu.png
09:58:27 about to click Zoom to fit at (1458, 393)
09:58:27 clicked Zoom to fit -> 111-b-done-zoom-to-fit.png
09:59:09 about to press n to n, which looks straight at the sketch plane
09:59:10 pressed n to n, which looks straight at the sketch plane -> 113-b-done-n-which-looks-straight-at-the-sketch-plane.png
09:59:12 about to click the View menu at (1563, 232)
09:59:13 clicked the View menu -> 114-b-done-the-view-menu.png
09:59:15 about to click Zoom to fit at (1458, 393)
09:59:15 clicked Zoom to fit -> 115-b-done-zoom-to-fit.png
10:00:26 about to click the rectangle tool at (274, 58)
10:00:27 clicked the rectangle tool -> 117-b-done-the-rectangle-tool.png
10:00:28 centre at (1029, 521) for y -8 z -11.5, corner at (986, 451) for y -4 z -9
10:00:28 about to click the middle of the groove at (1029, 521)
10:00:29 clicked the middle of the groove -> 119-b-done-the-middle-of-the-groove.png
10:00:30 about to click a corner, to set a rough size at (986, 451)
10:00:31 clicked a corner, to set a rough size -> 120-b-done-a-corner-to-set-a-rough-size.png
10:01:29 about to click the View menu at (1563, 232)
10:01:30 clicked the View menu -> 123-b-done-the-view-menu.png
10:01:31 about to click Zoom to fit at (1458, 393)
10:01:32 clicked Zoom to fit -> 124-b-done-zoom-to-fit.png
10:01:35 about to click the arrow beside the rectangle tool at (279, 58)
10:01:36 clicked the arrow beside the rectangle tool -> 126-b-done-the-arrow-beside-the-rectangle-tool.png
10:02:08 about to click Center point rectangle in the flyout at (338, 130)
10:02:09 clicked Center point rectangle in the flyout -> 128-b-done-center-point-rectangle-in-the-flyout.png
10:02:11 centre (1029, 521) is y -8 z -11.5; corner (986, 451) is y -4 z -9
10:02:11 about to click the middle of the groove at (1029, 521)
10:02:12 clicked the middle of the groove -> 130-b-done-the-middle-of-the-groove.png
10:02:12 about to click a corner, to set a rough size at (986, 451)
10:02:13 clicked a corner, to set a rough size -> 131-b-done-a-corner-to-set-a-rough-size.png
10:03:20 about to click the groove's top edge, which runs across the sole at (1030, 451)
10:03:21 clicked the groove's top edge, which runs across the sole -> 133-b-done-the-groove-s-top-edge-which-runs-across-the-sole.png
10:03:22 about to click a clear spot to park the number at (1180, 420)
10:03:23 clicked a clear spot to park the number -> 134-b-done-a-clear-spot-to-park-the-number.png
10:03:26 groove depth: 4.84832 mm -> 1
10:03:28 about to click the groove's left edge, which runs along the foot at (988, 521)
10:03:28 clicked the groove's left edge, which runs along the foot -> 136-b-done-the-groove-s-left-edge-which-runs-along-the-foot.png
10:03:29 about to click a clear spot to park the number at (700, 560)
10:03:30 clicked a clear spot to park the number -> 137-b-done-a-clear-spot-to-park-the-number.png
10:07:23 tree before the cut: ['Default geometry', 'Origin', 'Top', 'Front', 'Right', 'Foot outline', 'Foot plate', 'Top round', 'Collar circle', 'Ankle collar', 'Ball profile', 'Ankle ball', 'Ankle cavity from the ball', 'Slit profile', 'Relief slit', 'Four slits', 'Groove profile', 'Sole groove', 'Sole ribs', 'Socket', '', 'Parts (1)', 'Foot']
10:07:23 about to select the Collar circle row, the first feature that re-creates a joint at (140, 365)
10:07:24 selected the Collar circle row, the first feature that re-creates a joint -> 140-a-select-the-collar-circle-row-the-first-feature-that-re-.png
10:07:24 about to click the Four slits row, with Shift, to take the whole tail at (140, 547)
10:07:25 clicked the Four slits row, with Shift, to take the whole tail -> 141-b-done-the-four-slits-row-with-shift-to-take-the-whole-.png
10:07:26 about to click the picked rows, to open their menu at (140, 547)
10:07:27 clicked the picked rows, to open their menu -> 143-b-done-the-picked-rows-to-open-their-menu.png
10:07:29 about to click Delete in the context menu at (270, 773)
10:07:29 clicked Delete in the context menu -> 144-b-done-delete-in-the-context-menu.png
10:07:34 tree after the cut: ['Default geometry', 'Origin', 'Top', 'Front', 'Right', 'Foot outline', 'Foot plate', 'Top round', 'Groove profile', 'Sole groove', 'Sole ribs', 'Socket', '', 'Parts (1)', 'Foot']
10:07:34 about to click the Socket mate connector, to open its menu at (140, 443)
10:07:34 clicked the Socket mate connector, to open its menu -> 145-b-done-the-socket-mate-connector-to-open-its-menu.png
10:07:36 about to click Delete, because the derived socket brings its own connectors at (251, 672)
10:07:37 clicked Delete, because the derived socket brings its own connectors -> 146-b-done-delete-because-the-derived-socket-brings-its-own.png
10:08:22 about to press Alt+c to alt-c, which opens the tool search
10:08:23 pressed Alt+c to alt-c, which opens the tool search -> 148-b-done-alt-c-which-opens-the-tool-search.png
10:08:29 about to click the Derived result, which arms the tool at (1120, 159)
10:08:30 clicked the Derived result, which arms the tool -> 149-b-done-the-derived-result-which-arms-the-tool.png
10:08:33 Derived armed after about 3 s
10:08:33 about to click Select Part Studio…, which opens the document picker at (368, 148)
10:08:34 clicked Select Part Studio…, which opens the document picker -> 150-b-done-select-part-studio-which-opens-the-document-pick.png
10:08:38 about to click the Other documents tab in the picker at (692, 124)
10:08:39 clicked the Other documents tab in the picker -> 151-b-done-the-other-documents-tab-in-the-picker.png
10:08:42 about to click the picker's search box at (620, 161)
10:08:43 clicked the picker's search box -> 152-b-done-the-picker-s-search-box.png
10:08:48 about to press Enter to Enter, which is what runs the picker's search
10:08:49 pressed Enter to Enter, which is what runs the picker's search -> 153-b-done-enter-which-is-what-runs-the-picker-s-search.png
10:08:54 about to click the ball-socket-run6p2 document at (607, 195)
10:08:55 clicked the ball-socket-run6p2 document -> 154-b-done-the-ball-socket-run6p2-document.png
10:09:00 the picker reads version ['ball-socket-run6p2-2026-08-15']; wanted 'ball-socket-run6p2-2026-08-15'
10:09:00 about to click Socket body, off ball-socket-run6p2-2026-08-15 at (672, 325)
10:09:01 clicked Socket body, off ball-socket-run6p2-2026-08-15 -> 155-b-done-socket-body-off-ball-socket-run6p2-2026-08-15.png
10:09:03 about to click the X on the picker, which leaves the Derived dialog standing at (753, 93)
10:09:04 clicked the X on the picker, which leaves the Derived dialog standing -> 156-b-done-the-x-on-the-picker-which-leaves-the-derived-dia.png
10:09:07 about to click the green tick, which keeps the Derived at (424, 93)
10:09:07 clicked the green tick, which keeps the Derived -> 158-b-done-the-green-tick-which-keeps-the-derived.png
10:09:12 about to click the Derived 1 row, to rename it at (140, 443)
10:09:13 clicked the Derived 1 row, to rename it -> 159-b-done-the-derived-1-row-to-rename-it.png
10:09:13 about to click Rename in the context menu at (261, 467)
10:09:14 clicked Rename in the context menu -> 160-b-done-rename-in-the-context-menu.png
10:09:16 renamed 'Derived 1' to 'Socket from the joint'
10:09:16 derived Socket body as 'Socket from the joint'
10:09:16 about to click the Top face of the view cube at (1508, 141)
10:09:17 clicked the Top face of the view cube -> 162-b-done-the-top-face-of-the-view-cube.png
10:09:19 about to click the View menu at (1563, 232)
10:09:20 clicked the View menu -> 163-b-done-the-view-menu.png
10:09:21 about to click Zoom to fit at (1458, 393)
10:09:22 clicked Zoom to fit -> 164-b-done-zoom-to-fit.png
10:09:24 about to click the plate's top face at (960, 500)
10:09:25 clicked the plate's top face -> 166-b-done-the-plate-s-top-face.png
10:09:26 about to click the Sketch tool at (130, 58)
10:09:27 clicked the Sketch tool -> 167-b-done-the-sketch-tool.png
10:09:30 sketch plane is 'Face of Foot plate'
10:09:30 about to click the circle tool at (306, 58)
10:09:31 clicked the circle tool -> 168-b-done-the-circle-tool.png
10:09:32 about to click the sketch origin, for the circle's centre at (922, 381)
10:09:33 clicked the sketch origin, for the circle's centre -> 169-b-done-the-sketch-origin-for-the-circle-s-centre.png
10:09:34 about to click a point out from the centre, to set the size at (1000, 381)
10:09:35 clicked a point out from the centre, to set the size -> 170-b-done-a-point-out-from-the-centre-to-set-the-size.png
10:09:38 about to click the circle, to dimension it at (1000, 381)
10:09:39 clicked the circle, to dimension it -> 171-b-done-the-circle-to-dimension-it.png
10:09:40 about to click a clear spot to park the number at (1120, 300)
10:09:40 clicked a clear spot to park the number -> 172-b-done-a-clear-spot-to-park-the-number.png
10:09:43 pedestal diameter: 8.73851 mm -> 9.4
10:10:24 about to click the green tick, to close the sketch at (424, 93)
10:10:25 clicked the green tick, to close the sketch -> 174-b-done-the-green-tick-to-close-the-sketch.png
10:10:26 about to click the Sketch 1 row, to rename it at (140, 469)
10:10:27 clicked the Sketch 1 row, to rename it -> 175-b-done-the-sketch-1-row-to-rename-it.png
10:10:27 about to click Rename in the context menu at (263, 493)
10:10:28 clicked Rename in the context menu -> 176-b-done-rename-in-the-context-menu.png
10:10:30 renamed 'Sketch 1' to 'Pedestal circle'
10:10:30 about to click the Pedestal circle row, as the thing to extrude at (140, 469)
10:10:31 clicked the Pedestal circle row, as the thing to extrude -> 178-b-done-the-pedestal-circle-row-as-the-thing-to-extrude.png
10:10:32 about to click Extrude on the toolbar at (219, 58)
10:10:33 clicked Extrude on the toolbar -> 179-b-done-extrude-on-the-toolbar.png
10:10:36 about to click Add, so the pedestal joins the foot at (313, 149)
10:10:37 clicked Add, so the pedestal joins the foot -> 180-b-done-add-so-the-pedestal-joins-the-foot.png
10:10:43 about to click the Merge scope field, to arm it at (356, 454)
10:10:44 clicked the Merge scope field, to arm it -> 181-b-done-the-merge-scope-field-to-arm-it.png
10:10:45 about to click Foot, the part the pedestal joins at (140, 696)
10:10:46 clicked Foot, the part the pedestal joins -> 182-b-done-foot-the-part-the-pedestal-joins.png
10:10:49 about to click the green tick, which keeps the pedestal at (424, 93)
10:10:50 clicked the green tick, which keeps the pedestal -> 184-b-done-the-green-tick-which-keeps-the-pedestal.png
10:10:55 about to click the Extrude 1 row, to rename it at (140, 495)
10:10:56 clicked the Extrude 1 row, to rename it -> 185-b-done-the-extrude-1-row-to-rename-it.png
10:10:56 about to click Rename in the context menu at (266, 519)
10:10:57 clicked Rename in the context menu -> 186-b-done-rename-in-the-context-menu.png
10:10:58 renamed 'Extrude 1' to 'Pedestal under the socket'
10:10:58 about to click Boolean on the toolbar at (780, 58)
10:10:59 clicked Boolean on the toolbar -> 188-b-done-boolean-on-the-toolbar.png
10:11:02 about to click Socket body in the parts list at (140, 722)
10:11:03 clicked Socket body in the parts list -> 189-b-done-socket-body-in-the-parts-list.png
10:11:05 about to click Foot in the parts list at (140, 696)
10:11:06 clicked Foot in the parts list -> 190-b-done-foot-in-the-parts-list.png
10:11:07 about to click the Keep tools box, to turn it off at (239, 229)
10:11:08 clicked the Keep tools box, to turn it off -> 191-b-done-the-keep-tools-box-to-turn-it-off.png
10:11:10 about to click the green tick, which keeps the union at (424, 93)
10:11:11 clicked the green tick, which keeps the union -> 192-b-done-the-green-tick-which-keeps-the-union.png
10:11:16 about to click the Boolean 1 row, to rename it at (140, 521)
10:11:17 clicked the Boolean 1 row, to rename it -> 193-b-done-the-boolean-1-row-to-rename-it.png
10:11:17 about to click Rename in the context menu at (251, 545)
10:11:17 clicked Rename in the context menu -> 194-b-done-rename-in-the-context-menu.png
10:11:19 renamed 'Boolean 1' to 'Union the plate and the socket'
10:11:19 about to click the Socket body row, to rename it at (140, 696)
10:11:20 clicked the Socket body row, to rename it -> 196-b-done-the-socket-body-row-to-rename-it.png
10:11:20 about to click Rename in the context menu at (272, 364)
10:11:21 clicked Rename in the context menu -> 197-b-done-rename-in-the-context-menu.png
10:11:22 renamed 'Socket body' to 'Foot'
10:11:22 tree now ['Default geometry', 'Origin', 'Top', 'Front', 'Right', 'Foot outline', 'Foot plate', 'Top round', 'Groove profile', 'Sole groove', 'Sole ribs', 'Socket from the joint', 'Pedestal circle', 'Pedestal under the socket', 'Union the plate and the socket', '', 'Parts (1)', 'Foot']
21:32:04 about to press Control+m to ctrl-m, which opens Mate connector
21:32:05 pressed Control+m to ctrl-m, which opens Mate connector -> 200-b-done-ctrl-m-which-opens-mate-connector.png
21:32:09 about to click the Origin entity field, to arm it at (355, 154)
21:32:10 clicked the Origin entity field, to arm it -> 201-b-done-the-origin-entity-field-to-arm-it.png
21:32:13 about to click the Origin, which the connector starts from at (140, 183)
21:32:14 clicked the Origin, which the connector starts from -> 202-b-done-the-origin-which-the-connector-starts-from.png
21:32:16 about to click the green tick, which keeps the connector at (424, 93)
21:32:17 clicked the green tick, which keeps the connector -> 204-b-done-the-green-tick-which-keeps-the-connector.png
21:32:22 about to click the Mate connector 1 row, to rename it at (140, 547)
21:32:23 clicked the Mate connector 1 row, to rename it -> 205-b-done-the-mate-connector-1-row-to-rename-it.png
21:32:23 about to click Rename in the context menu at (251, 571)
21:32:24 clicked Rename in the context menu -> 206-b-done-rename-in-the-context-menu.png
21:32:26 renamed 'Mate connector 1' to 'Socket'
