10:45:22 about to select the Collar circle row, the first feature that re-creates a joint at (140, 339)
10:45:24 selected the Collar circle row, the first feature that re-creates a joint -> 02-a-select-the-collar-circle-row-the-first-feature-that-re-.png
10:45:24 about to click the Second ear row, with Shift, to take the whole tail at (140, 781)
10:45:24 clicked the Second ear row, with Shift, to take the whole tail -> 03-b-done-the-second-ear-row-with-shift-to-take-the-whole-.png
10:45:26 about to click the picked rows, to open their menu at (140, 781)
10:45:27 clicked the picked rows, to open their menu -> 05-b-done-the-picked-rows-to-open-their-menu.png
10:47:14 about to select the Collar circle row, the first feature that re-creates a joint at (140, 339)
10:47:15 selected the Collar circle row, the first feature that re-creates a joint -> 06-a-select-the-collar-circle-row-the-first-feature-that-re-.png
10:47:16 about to click the Second ear row, with Shift, to take the whole tail at (140, 565)
10:47:17 clicked the Second ear row, with Shift, to take the whole tail -> 07-b-done-the-second-ear-row-with-shift-to-take-the-whole-.png
10:47:18 about to click the picked rows, to open their menu at (140, 565)
10:47:19 clicked the picked rows, to open their menu -> 09-b-done-the-picked-rows-to-open-their-menu.png
10:47:21 about to click Delete in the context menu at (272, 791)
10:47:22 clicked Delete in the context menu -> 10-b-done-delete-in-the-context-menu.png
10:47:26 tree after the cut: ['Default geometry', 'Origin', 'Top', 'Front', 'Right', 'Limb circle', 'Limb stock', 'Hinge', 'Socket', '', 'Parts (1)', 'Upper limb']
10:47:26 about to click the Hinge mate connector, to open its menu at (140, 339)
10:47:27 clicked the Hinge mate connector, to open its menu -> 11-b-done-the-hinge-mate-connector-to-open-its-menu.png
10:47:29 about to click Delete, because Hinge stood on the joint at (269, 613)
10:47:30 clicked Delete, because Hinge stood on the joint -> 12-b-done-delete-because-hinge-stood-on-the-joint.png
10:47:35 about to click the Socket mate connector, to open its menu at (140, 339)
10:47:36 clicked the Socket mate connector, to open its menu -> 13-b-done-the-socket-mate-connector-to-open-its-menu.png
10:47:37 about to click Delete, because Socket stood on the joint at (251, 568)
10:47:38 clicked Delete, because Socket stood on the joint -> 14-b-done-delete-because-socket-stood-on-the-joint.png
10:48:03 about to press Alt+c to alt-c, which opens the tool search
10:48:04 pressed Alt+c to alt-c, which opens the tool search -> 16-b-done-alt-c-which-opens-the-tool-search.png
10:48:10 about to click the Derived result, which arms the tool at (1120, 159)
10:48:11 clicked the Derived result, which arms the tool -> 17-b-done-the-derived-result-which-arms-the-tool.png
10:48:14 Derived armed after about 3 s
10:48:14 about to click Select Part Studio…, which opens the document picker at (368, 148)
10:48:15 clicked Select Part Studio…, which opens the document picker -> 18-b-done-select-part-studio-which-opens-the-document-pick.png
10:48:19 about to click the Other documents tab in the picker at (692, 124)
10:48:20 clicked the Other documents tab in the picker -> 19-b-done-the-other-documents-tab-in-the-picker.png
10:48:23 about to click the picker's search box at (620, 161)
10:48:24 clicked the picker's search box -> 20-b-done-the-picker-s-search-box.png
10:48:29 about to press Enter to Enter, which is what runs the picker's search
10:48:30 pressed Enter to Enter, which is what runs the picker's search -> 21-b-done-enter-which-is-what-runs-the-picker-s-search.png
10:48:35 about to click the ball-socket-run6p2 document at (607, 195)
10:48:36 clicked the ball-socket-run6p2 document -> 22-b-done-the-ball-socket-run6p2-document.png
10:48:41 the picker reads version ['ball-socket-run6p2-2026-08-15']; wanted 'ball-socket-run6p2-2026-08-15'
10:48:41 about to click Socket body, off ball-socket-run6p2-2026-08-15 at (672, 325)
10:48:42 clicked Socket body, off ball-socket-run6p2-2026-08-15 -> 23-b-done-socket-body-off-ball-socket-run6p2-2026-08-15.png
10:48:44 about to click the X on the picker, which leaves the Derived dialog standing at (753, 93)
10:48:45 clicked the X on the picker, which leaves the Derived dialog standing -> 24-b-done-the-x-on-the-picker-which-leaves-the-derived-dia.png
10:48:48 about to click the green tick, which keeps the Derived at (424, 93)
10:48:48 clicked the green tick, which keeps the Derived -> 26-b-done-the-green-tick-which-keeps-the-derived.png
10:48:53 about to click the Derived 1 row, to rename it at (140, 339)
10:48:54 clicked the Derived 1 row, to rename it -> 27-b-done-the-derived-1-row-to-rename-it.png
10:48:54 about to click Rename in the context menu at (261, 363)
10:48:55 clicked Rename in the context menu -> 28-b-done-rename-in-the-context-menu.png
10:48:57 renamed 'Derived 1' to 'Socket from the joint'
10:48:57 derived Socket body as 'Socket from the joint'
10:48:57 about to press Alt+c to alt-c, which opens the tool search
10:48:58 pressed Alt+c to alt-c, which opens the tool search -> 30-b-done-alt-c-which-opens-the-tool-search.png
10:49:04 about to click the Derived result, which arms the tool at (1120, 159)
10:49:05 clicked the Derived result, which arms the tool -> 31-b-done-the-derived-result-which-arms-the-tool.png
10:49:08 Derived armed after about 3 s
10:49:08 about to click Select Part Studio…, which opens the document picker at (368, 148)
10:49:09 clicked Select Part Studio…, which opens the document picker -> 32-b-done-select-part-studio-which-opens-the-document-pick.png
10:49:13 about to click the Other documents tab in the picker at (692, 124)
10:49:13 clicked the Other documents tab in the picker -> 33-b-done-the-other-documents-tab-in-the-picker.png
10:49:16 about to click the picker's search box at (620, 161)
10:49:17 clicked the picker's search box -> 34-b-done-the-picker-s-search-box.png
10:49:22 about to press Enter to Enter, which is what runs the picker's search
10:49:23 pressed Enter to Enter, which is what runs the picker's search -> 35-b-done-enter-which-is-what-runs-the-picker-s-search.png
10:49:28 about to click the hinge-run6p2 document at (588, 195)
10:49:29 clicked the hinge-run6p2 document -> 36-b-done-the-hinge-run6p2-document.png
10:49:34 the picker reads version ['hinge-run6p2-2026-08-15']; wanted 'hinge-run6p2-2026-08-15'
10:49:34 about to click Clevis fork, off hinge-run6p2-2026-08-15 at (672, 284)
10:49:38 clicked Clevis fork, off hinge-run6p2-2026-08-15 -> 37-b-done-clevis-fork-off-hinge-run6p2-2026-08-15.png
10:49:41 about to click the X on the picker, which leaves the Derived dialog standing at (753, 93)
10:49:41 clicked the X on the picker, which leaves the Derived dialog standing -> 38-b-done-the-x-on-the-picker-which-leaves-the-derived-dia.png
10:49:44 about to click the green tick, which keeps the Derived at (424, 93)
10:49:51 clicked the green tick, which keeps the Derived -> 40-b-done-the-green-tick-which-keeps-the-derived.png
10:49:56 about to click the Derived 1 row, to rename it at (140, 365)
10:49:57 clicked the Derived 1 row, to rename it -> 41-b-done-the-derived-1-row-to-rename-it.png
10:49:57 about to click Rename in the context menu at (261, 389)
10:49:57 clicked Rename in the context menu -> 42-b-done-rename-in-the-context-menu.png
10:49:59 renamed 'Derived 1' to 'Fork from the joint'
10:49:59 derived Clevis fork as 'Fork from the joint'
10:50:31 about to click Clevis fork in the parts list, the thing to move at (140, 748)
10:50:32 clicked Clevis fork in the parts list, the thing to move -> 44-b-done-clevis-fork-in-the-parts-list-the-thing-to-move.png
10:50:34 about to press Alt+c to alt-c, which opens the tool search
10:50:35 pressed Alt+c to alt-c, which opens the tool search -> 45-b-done-alt-c-which-opens-the-tool-search.png
10:50:41 about to click the Transform result, which arms the tool at (1120, 159)
10:50:43 clicked the Transform result, which arms the tool -> 46-b-done-the-transform-result-which-arms-the-tool.png
10:50:49 about to click the transformation-type dropdown at (430, 175)
10:50:50 clicked the transformation-type dropdown -> 47-b-done-the-transformation-type-dropdown.png
10:50:52 about to click Translate by XYZ in the list at (350, 258)
10:50:53 clicked Translate by XYZ in the list -> 48-b-done-translate-by-xyz-in-the-list.png
10:50:59 about to click the green tick, which keeps the move at (424, 93)
10:51:01 clicked the green tick, which keeps the move -> 50-b-done-the-green-tick-which-keeps-the-move.png
10:51:06 about to click the Transform 1 row, to rename it at (140, 391)
10:51:06 clicked the Transform 1 row, to rename it -> 51-b-done-the-transform-1-row-to-rename-it.png
10:51:06 about to click Rename in the context menu at (251, 415)
10:51:07 clicked Rename in the context menu -> 52-b-done-rename-in-the-context-menu.png
10:51:09 renamed 'Transform 1' to 'Drop the fork to the elbow'
10:51:28 about to click Boolean on the toolbar at (780, 58)
10:51:29 clicked Boolean on the toolbar -> 54-b-done-boolean-on-the-toolbar.png
10:51:33 about to click Socket body in the parts list at (140, 722)
10:51:34 clicked Socket body in the parts list -> 55-b-done-socket-body-in-the-parts-list.png
10:51:37 about to click Clevis fork in the parts list at (140, 748)
10:51:38 clicked Clevis fork in the parts list -> 56-b-done-clevis-fork-in-the-parts-list.png
10:51:41 about to click Upper limb in the parts list at (140, 696)
10:51:42 clicked Upper limb in the parts list -> 57-b-done-upper-limb-in-the-parts-list.png
10:51:44 about to click the Keep tools box, to turn it off at (239, 253)
10:51:44 clicked the Keep tools box, to turn it off -> 58-b-done-the-keep-tools-box-to-turn-it-off.png
10:51:46 about to click the green tick, which keeps the union at (424, 93)
10:51:47 clicked the green tick, which keeps the union -> 59-b-done-the-green-tick-which-keeps-the-union.png
10:51:52 about to click the Boolean 1 row, to rename it at (140, 417)
10:51:53 clicked the Boolean 1 row, to rename it -> 60-b-done-the-boolean-1-row-to-rename-it.png
10:51:53 about to click Rename in the context menu at (251, 441)
10:51:54 clicked Rename in the context menu -> 61-b-done-rename-in-the-context-menu.png
10:51:55 renamed 'Boolean 1' to 'Union the limb and both joints'
10:51:55 about to click the Socket body row, to rename it at (140, 696)
10:51:56 clicked the Socket body row, to rename it -> 63-b-done-the-socket-body-row-to-rename-it.png
10:51:56 about to click Rename in the context menu at (272, 364)
10:51:57 clicked Rename in the context menu -> 64-b-done-rename-in-the-context-menu.png
10:51:58 renamed 'Socket body' to 'Upper limb'
10:51:59 tree now ['Default geometry', 'Origin', 'Top', 'Front', 'Right', 'Limb circle', 'Limb stock', 'Socket from the joint', 'Fork from the joint', 'Drop the fork to the elbow', 'Union the limb and both joints', '', 'Parts (1)', 'Upper limb']
10:52:42 about to press Control+m to ctrl-m, which opens Mate connector
10:52:43 pressed Control+m to ctrl-m, which opens Mate connector -> 67-b-done-ctrl-m-which-opens-mate-connector.png
10:53:19 about to click the Origin entity field, to arm it at (355, 154)
10:53:20 clicked the Origin entity field, to arm it -> 69-b-done-the-origin-entity-field-to-arm-it.png
10:53:22 about to click the Origin, where the socket's centre sits at (140, 183)
10:53:24 clicked the Origin, where the socket's centre sits -> 70-b-done-the-origin-where-the-socket-s-centre-sits.png
10:53:26 after the origin the dialog reads 'Mate connector 1\nOn entity\nOrigin entity\nVertex of Origin\n×\nRealign\nMove\nOwner entity\nSelect owner entity\nUpper limb\n×\nAttachment\nTo owner'
10:53:26 about to click the Owner entity field, to arm it at (355, 272)
10:53:27 clicked the Owner entity field, to arm it -> 71-b-done-the-owner-entity-field-to-arm-it.png
10:53:29 about to click Upper limb, so the part owns the connector at (140, 696)
10:53:30 clicked Upper limb, so the part owns the connector -> 72-b-done-upper-limb-so-the-part-owns-the-connector.png
10:53:32 after the owner the dialog reads 'Mate connector 1\nOn entity\nOrigin entity\nVertex of Origin\n×\nRealign\nMove\nOwner entity\nSelect owner entity\nAttachment\nNone'
10:53:32 about to click the green tick, which keeps the connector at (424, 93)
10:53:33 clicked the green tick, which keeps the connector -> 74-b-done-the-green-tick-which-keeps-the-connector.png
10:53:37 about to click the Mate connector 1 row, to rename it at (140, 443)
10:53:38 clicked the Mate connector 1 row, to rename it -> 75-b-done-the-mate-connector-1-row-to-rename-it.png
10:53:38 about to click Rename in the context menu at (289, 467)
10:53:39 clicked Rename in the context menu -> 76-b-done-rename-in-the-context-menu.png
10:53:41 renamed 'Mate connector 1' to 'Socket'
10:54:08 about to click the errored Socket connector, to open its menu at (140, 443)
10:54:09 clicked the errored Socket connector, to open its menu -> 78-b-done-the-errored-socket-connector-to-open-its-menu.png
10:54:11 about to click Delete, to make it again with its owner left alone at (272, 649)
10:54:12 clicked Delete, to make it again with its owner left alone -> 79-b-done-delete-to-make-it-again-with-its-owner-left-alon.png
10:54:15 about to press Control+m to ctrl-m, which opens Mate connector
10:54:16 pressed Control+m to ctrl-m, which opens Mate connector -> 80-b-done-ctrl-m-which-opens-mate-connector.png
10:54:20 about to click the Origin entity field, to arm it at (355, 154)
10:54:20 clicked the Origin entity field, to arm it -> 81-b-done-the-origin-entity-field-to-arm-it.png
10:54:23 about to click the Origin, where the socket's centre sits at (140, 183)
10:54:24 clicked the Origin, where the socket's centre sits -> 82-b-done-the-origin-where-the-socket-s-centre-sits.png
10:54:26 the dialog reads 'Mate connector 1\nOn entity\nOrigin entity\nVertex of Origin\n×\nRealign\nMove\nOwner entity\nSelect owner entity\nUpper limb\n×\nAttachment\nTo owner'
10:54:26 about to click the green tick, which keeps the connector at (424, 93)
10:54:27 clicked the green tick, which keeps the connector -> 84-b-done-the-green-tick-which-keeps-the-connector.png
10:54:31 about to click the Mate connector 1 row, to rename it at (140, 443)
10:54:32 clicked the Mate connector 1 row, to rename it -> 85-b-done-the-mate-connector-1-row-to-rename-it.png
10:54:32 about to click Rename in the context menu at (251, 467)
10:54:33 clicked Rename in the context menu -> 86-b-done-rename-in-the-context-menu.png
10:54:34 renamed 'Mate connector 1' to 'Socket'
10:55:04 about to press Control+m to ctrl-m, which opens Mate connector
10:55:05 pressed Control+m to ctrl-m, which opens Mate connector -> 88-b-done-ctrl-m-which-opens-mate-connector.png
10:55:09 about to click the Origin entity field, to arm it at (355, 154)
10:55:10 clicked the Origin entity field, to arm it -> 89-b-done-the-origin-entity-field-to-arm-it.png
10:55:12 about to click the Origin, to start from a known point at (140, 183)
10:55:13 clicked the Origin, to start from a known point -> 90-b-done-the-origin-to-start-from-a-known-point.png
10:55:16 about to click the Move box, to offset the connector down the limb at (252, 231)
10:55:16 clicked the Move box, to offset the connector down the limb -> 91-b-done-the-move-box-to-offset-the-connector-down-the-li.png
10:56:28 about to click the Realign box, to point the connector's axis along y at (252, 204)
10:56:29 clicked the Realign box, to point the connector's axis along y -> 93-b-done-the-realign-box-to-point-the-connector-s-axis-al.png
10:56:54 about to click the Primary axis entity field, to arm it at (356, 235)
10:56:55 clicked the Primary axis entity field, to arm it -> 95-b-done-the-primary-axis-entity-field-to-arm-it.png
10:56:57 about to click the Front plane, whose normal is the hinge axis at (140, 235)
10:56:58 clicked the Front plane, whose normal is the hinge axis -> 96-b-done-the-front-plane-whose-normal-is-the-hinge-axis.png
10:57:00 after the primary axis the dialog reads 'Mate connector 1\nOn entity\nOrigin entity\nVertex of Origin\n×\nRealign\nPrimary axis entity\nFront plane\n×\nSecondary axis entity\nMove\nRotate about Z\nRotation angle\nOwner entity\nSelect owner entity\nFront plane\n×\nAttachment\nNone'
10:57:31 about to click the x on the owner chip, which holds the wrong thing at (447, 525)
10:57:31 clicked the x on the owner chip, which holds the wrong thing -> 98-b-done-the-x-on-the-owner-chip-which-holds-the-wrong-th.png
10:57:33 about to click the limb itself in the viewport, so the part owns the connector at (920, 560)
10:57:35 clicked the limb itself in the viewport, so the part owns the connector -> 99-b-done-the-limb-itself-in-the-viewport-so-the-part-owns.png
10:57:41 the dialog reads 'Mate connector 1\nOn entity\nOrigin entity\nVertex of Origin\n×\nRealign\nPrimary axis entity\nFront plane\n×\nSecondary axis entity\nMove\nRotate about Z\nRotation angle\nOwner entity\nSelect owner entity\nUpper limb\n×\nAttachment\nTo owner'
10:57:41 about to click the green tick, which keeps the connector at (424, 93)
10:57:42 clicked the green tick, which keeps the connector -> 101-b-done-the-green-tick-which-keeps-the-connector.png
10:57:46 about to click the Mate connector 1 row, to rename it at (140, 469)
10:57:47 clicked the Mate connector 1 row, to rename it -> 102-b-done-the-mate-connector-1-row-to-rename-it.png
10:57:47 about to click Rename in the context menu at (260, 493)
10:57:47 clicked Rename in the context menu -> 103-b-done-rename-in-the-context-menu.png
10:57:49 renamed 'Mate connector 1' to 'Hinge'
10:59:30 opened the Hinge connector to edit it
10:59:34 the offsets read [['0 mm', 356, 343], ['0 mm', 356, 369], ['-24 mm', 356, 395]]
10:59:41 about to click the green tick, which keeps the connector at (424, 93)
10:59:42 clicked the green tick, which keeps the connector -> 106-b-done-the-green-tick-which-keeps-the-connector.png
11:02:42 about to click the green tick, which keeps the change at (424, 93)
11:02:43 clicked the green tick, which keeps the change -> 109-b-done-the-green-tick-which-keeps-the-change.png
