2026-08-13T00:26:28  census BEFORE stamp: 15 pages
2026-08-13T00:26:28    page name='BALLSOCK_POLL' url=https://cad.onshape.com/signin
2026-08-13T00:26:28    page name='HEAD_RUN3_7Q4XZ' url=https://cad.onshape.com/documents/e4e890de0530e1c4df67aada/w/e4eb5c7ebf1862e98cdfb525/e/e6
2026-08-13T00:26:28    page name='HINGE_RUN3' url=https://cad.onshape.com/documents/2bb91052915f54a3e21ef499/w/20fb402b8792662ff0ddcc35/e/88
2026-08-13T00:26:28    page name='LESSON_RUN3' url=https://cad.onshape.com/signin
2026-08-13T00:26:28    page name='BALLSOCK_RUN3' url=https://cad-usw2.onshape.com/signin
2026-08-13T00:26:28    page name='' url=https://cad.onshape.com/documents?resourceType=resourcecompanyowner&nodeId=689a03e87981876
2026-08-13T00:26:28    page name='ORCH_VERIFY_HINGE_7x2' url=https://cad.onshape.com/documents?resourceType=resourcecompanyowner&nodeId=689a03e87981876
2026-08-13T00:26:28    page name='FOOT_RUN3_NVS79W' url=https://cad.onshape.com/documents/40483ab1a6a310e833b3be41/w/bee74bfd1c5780e11aac4ea9/e/f0
2026-08-13T00:26:28    page name='HAND_RUN3_UK3WMB' url=https://cad.onshape.com/documents/1bb0da3ec390097ada708b8c/w/496593f76caf867c13606b66/e/8b
2026-08-13T00:26:28    page name='BALLSOCK_RUN3' url=https://cad.onshape.com/signin
2026-08-13T00:26:28    page name='BALLSOCK_RUN3_B2' url=https://cad.onshape.com/documents/c440cc33212eb2d5e01d2312/w/cc55e05877256cf7b8e2ce84/e/72
2026-08-13T00:26:28    page name='' url=about:blank
2026-08-13T00:26:28    page name='LIMBSC_RUN3_9f4a1c' url=https://cad.onshape.com/documents/82547630224dea5fd5a9c17a/w/8f6e261ecbb5303be2f84287/e/f2
2026-08-13T00:26:28    page name='LESSON_RUN3_MSTITT_A' url=https://cad.onshape.com/documents/17723bb5b4f85b74849e355b/w/6da3ae6be1961c300552cd9d/e/c7
2026-08-13T00:26:28    page name='TORSO_RUN3_OA4SRWBU' url=https://cad.onshape.com/documents/dfd743765a001160f1f78751/w/0935e4f7a86ee713cade9beb/e/bc
2026-08-13T00:26:28  stamped my new page with LIMBBB_RUN3_cfca2a
2026-08-13T00:26:28  stamp verified unique: LIMBBB_RUN3_cfca2a
2026-08-13T00:26:33  sessioninfo status=200 has_roles=True
2026-08-13T00:26:33    signed in as Mike Stitt
2026-08-13T00:26:52  about to create document; search for existing 'limb-blade-ball-run3' found []
2026-08-13T00:26:52  about to click Create at {'x': 35, 'y': 49, 'width': 150, 'height': 33.5}
2026-08-13T00:26:55  typed name, box reads 'limb-blade-ball-run3'
2026-08-13T00:27:02  after Create, url=https://cad.onshape.com/documents/8844e1331199cc35de25a417/w/b5995fc863d4643895b80f15/e/e70b20b1b40fabbcf35f2956
2026-08-13T00:27:02  document created did=8844e1331199cc35de25a417 wid=b5995fc863d4643895b80f15 eid=e70b20b1b40fabbcf35f2956
2026-08-13T00:27:15  viewport=None url=https://cad.onshape.com/documents/8844e1331199cc35de25a417/w/b5995fc863d4643895b
2026-08-13T00:27:15  about to open the document hamburger menu
2026-08-13T00:27:37  about to click the document hamburger at (155,21) and pick Workspace units
2026-08-13T00:27:39  Workspace units count=1 box={'x': 140, 'y': 222.1875, 'width': 224.640625, 'height': 27}
2026-08-13T00:27:41  dialog box={'x': 246, 'y': 79, 'width': 338, 'height': 777.78125}
2026-08-13T00:27:41    select[0] value='2: inch' box={'x': 257, 'y': 166.59375, 'width': 209, 'height': 26}
2026-08-13T00:27:41    select[1] value='3: 3' box={'x': 475, 'y': 166.59375, 'width': 99, 'height': 26}
2026-08-13T00:27:41    select[2] value='1: inchPerSecondSquared' box={'x': 257, 'y': 225.59375, 'width': 209, 'height': 26}
2026-08-13T00:27:41    select[3] value='3: 3' box={'x': 475, 'y': 225.59375, 'width': 99, 'height': 26}
2026-08-13T00:27:41    select[4] value='0: degree' box={'x': 257, 'y': 321.1875, 'width': 209, 'height': 26}
2026-08-13T00:27:41    select[5] value='3: 3' box={'x': 475, 'y': 321.1875, 'width': 99, 'height': 26}
2026-08-13T00:27:41    select[6] value='0: degreePerSecond' box={'x': 257, 'y': 380.1875, 'width': 209, 'height': 26}
2026-08-13T00:27:41    select[7] value='3: 3' box={'x': 475, 'y': 380.1875, 'width': 99, 'height': 26}
2026-08-13T00:27:41    select[8] value='3: pound' box={'x': 257, 'y': 475.78125, 'width': 209, 'height': 26}
2026-08-13T00:27:41    select[9] value='3: 3' box={'x': 475, 'y': 475.78125, 'width': 99, 'height': 26}
2026-08-13T00:27:41    select[10] value='5: poundPerCubicInch' box={'x': 257, 'y': 534.78125, 'width': 209, 'height': 26}
2026-08-13T00:27:41    select[11] value='3: 3' box={'x': 475, 'y': 534.78125, 'width': 99, 'height': 26}
2026-08-13T00:27:41    select[12] value='2: poundForce' box={'x': 257, 'y': 593.78125, 'width': 209, 'height': 26}
2026-08-13T00:27:41    select[13] value='3: 3' box={'x': 475, 'y': 593.78125, 'width': 99, 'height': 26}
2026-08-13T00:27:41    select[14] value='0: hertz' box={'x': 257, 'y': 652.78125, 'width': 209, 'height': 26}
2026-08-13T00:27:41    select[15] value='3: 3' box={'x': 475, 'y': 652.78125, 'width': 99, 'height': 26}
2026-08-13T00:27:41    select[16] value='1: inchPound' box={'x': 257, 'y': 711.78125, 'width': 209, 'height': 26}
2026-08-13T00:27:41    select[17] value='3: 3' box={'x': 475, 'y': 711.78125, 'width': 99, 'height': 26}
2026-08-13T00:27:41    select[18] value='5: poundPerSquareInch' box={'x': 257, 'y': 770.78125, 'width': 209, 'height': 26}
2026-08-13T00:27:41    select[19] value='3: 3' box={'x': 475, 'y': 770.78125, 'width': 99, 'height': 26}
2026-08-13T00:27:41    select[20] value='0: footPoundForce' box={'x': 257, 'y': 829.78125, 'width': 209, 'height': 26}
2026-08-13T00:27:41    select[21] value='3: 3' box={'x': 475, 'y': 829.78125, 'width': 99, 'height': 26}
2026-08-13T00:28:00  about to set length unit = Millimeter and decimals = 0.12345
2026-08-13T00:28:00  result: length='4: millimeter' decimals='5: 5'
2026-08-13T00:28:19  about to click the green tick at (543,93) to accept workspace units
2026-08-13T00:28:25  units accepted (screenshot 03-d)
2026-08-13T00:28:25  toolbar command-ids: [{'id': 'UNDO_A_CHANGE', 'x': 58, 'y': 58, 'w': 32}, {'id': 'REDO_A_CHANGE', 'x': 92, 'y': 58, 'w': 32}, {'id': 'newSketch', 'x': 155, 'y': 58, 'w': 83}, {'id': 'extrude', 'x': 219, 'y': 58, 'w': 32}, {'id': 'revolve', 'x': 253, 'y': 58, 'w': 32}, {'id': 'sweep', 'x': 287, 'y': 58, 'w': 32}, {'id': 'loft', 'x': 321, 'y': 58, 'w': 32}, {'id': 'thicken', 'x': 355, 'y': 58, 'w': 32}, {'id': 'fillet', 'x': 411, 'y': 58, 'w': 32}, {'id': 'chamfer', 'x': 463, 'y': 58, 'w': 32}, {'id': 'draft', 'x': 497, 'y': 58, 'w': 32}, {'id': 'rib', 'x': 549, 'y': 58, 'w': 32}, {'id': 'shell', 'x': 583, 'y': 58, 'w': 32}, {'id': 'hole', 'x': 617, 'y': 58, 'w': 32}, {'id': 'externalThread', 'x': 651, 'y': 58, 'w': 32}, {'id': 'linearPattern', 'x': 689, 'y': 58, 'w': 32}, {'id': 'mirror', 'x': 741, 'y': 58, 'w': 32}, {'id': 'booleanBodies', 'x': 779, 'y': 58, 'w': 32}, {'id': 'splitPart', 'x': 813, 'y': 58, 'w': 32}, {'id': 'transform', 'x': 847, 'y': 58, 'w': 32}, {'id': 'deleteBodies', 'x': 899, 'y': 58, 'w': 32}, {'id': 'modifyFillet', 'x': 937, 'y': 58, 'w': 32}, {'id': 'deleteFace', 'x': 971, 'y': 58, 'w': 32}, {'id': 'moveFace', 'x': 1005, 'y': 58, 'w': 32}, {'id': 'replaceFace', 'x': 1039, 'y': 58, 'w': 32}, {'id': 'cPlane', 'x': 1077, 'y': 58, 'w': 32}, {'id': 'frame', 'x': 1133, 'y': 58, 'w': 32}, {'id': 'sheetMetalStart', 'x': 1189, 'y': 58, 'w': 32}, {'id': 'USER_FEATURES', 'x': 1245, 'y': 58, 'w': 32}]
2026-08-13T00:29:03  about to click Sketch (command-id=newSketch)
2026-08-13T00:29:05  about to click Front in the feature tree as the sketch plane
2026-08-13T00:29:05  Front row box={'x': 85, 'y': 224.5, 'width': 145, 'height': 19.984375}
2026-08-13T00:29:07  about to press n for view normal to
2026-08-13T00:29:10  pressed n; see 04-c for the view cube
2026-08-13T00:29:37  about to draw a circle centred on the origin with the c shortcut
2026-08-13T00:29:41  about to dimension the circle (d), picking the circle then placing the label
2026-08-13T00:29:45  visible inputs: 2
2026-08-13T00:29:45    input[0] value='' box={'x': 79, 'y': 84, 'width': 158, 'height': 30}
2026-08-13T00:29:45    input[1] value='70.70809 mm' box={'x': 1115, 'y': 323.5, 'width': 100, 'height': 26}
2026-08-13T00:30:00  about to fill the diameter box (currently '70.70809 mm') with 11.62
2026-08-13T00:30:00  box now reads '11.62'; pressing Enter
2026-08-13T00:30:02  about to zoom to fit (keyboard: f is Zoom to fit in Onshape)
2026-08-13T00:30:39  about to zoom in centred on the origin
2026-08-13T00:30:44  zoomed; see 04-h
2026-08-13T00:31:15  about to draw a corner rectangle (g) below the circle, clear of it
2026-08-13T00:31:20  rectangle drawn; see 05-a
2026-08-13T00:32:00  about to select the rectangle's left side (850,678) then shift-click the circle (876,477)
2026-08-13T00:32:04  about to press t for Tangent
2026-08-13T00:32:32  about to select the rectangle's right side (1005,678) then shift-click the circle (877,569)
2026-08-13T00:32:35  about to press t for Tangent
2026-08-13T00:33:02  about to select the rectangle top edge (880,638) and the X axis (1250,523), then press i
2026-08-13T00:33:09  coincident applied; see 05-h
2026-08-13T00:33:39  about to dimension the rectangle's left side length to 6.11
2026-08-13T00:33:45    input[0] value='' box={'x': 79, 'y': 84, 'width': 158, 'height': 30}
2026-08-13T00:33:45    input[1] value='17.45185 mm' box={'x': 722, 'y': 641.5, 'width': 100, 'height': 26}
2026-08-13T00:33:46  pre-filled '17.45185 mm' -> box now '6.11'; pressing Enter
2026-08-13T00:34:10  ok-button count=1 box={'x': 410, 'y': 81.453125, 'width': 28, 'height': 24}
2026-08-13T00:34:10  about to accept the sketch
2026-08-13T00:34:13  about to rename Sketch 1 -> Blade profile; row box={'x': 66, 'y': 276.5, 'width': 164, 'height': 19.984375}
2026-08-13T00:34:14  Rename item count=1 box={'x': 159, 'y': 299, 'width': 196, 'height': 22}
2026-08-13T00:34:41  rename box reads 'Blade profile'
2026-08-13T00:34:44  tree names: []
2026-08-13T00:35:40  about to clear the tree filter box and rename Sketch 1
2026-08-13T00:35:44  renamed 'Sketch 1' -> 'Blade profile' (box read back 'Blade profile')
2026-08-13T00:36:03  about to preselect 'Blade profile' in the tree and open Extrude
2026-08-13T00:36:07    param {'id': 'bodyType', 'x': 246, 'y': 108, 'w': 220, 'h': 28, 't': 'Solid | Surface | Thin'}
2026-08-13T00:36:07    param {'id': 'bodyType', 'x': 246, 'y': 108, 'w': 220, 'h': 26, 't': 'Solid | Surface | Thin'}
2026-08-13T00:36:07    param {'id': 'operationType', 'x': 246, 'y': 136, 'w': 220, 'h': 28, 't': 'New | Add | Remove | Intersect'}
2026-08-13T00:36:07    param {'id': 'operationType', 'x': 246, 'y': 136, 'w': 220, 'h': 26, 't': 'New | Add | Remove | Intersect'}
2026-08-13T00:36:07    param {'id': 'entities', 'x': 249, 'y': 169, 'w': 214, 'h': 44, 't': 'Faces and sketch regions to extrude | Faces of Blade profile | ×'}
2026-08-13T00:36:07    param {'id': 'entities', 'x': 249, 'y': 169, 'w': 214, 'h': 44, 't': 'Faces and sketch regions to extrude | Faces of Blade profile | ×'}
2026-08-13T00:36:07    param {'id': 'endBound', 'x': 246, 'y': 218, 'w': 194, 'h': 28, 't': 'Blind'}
2026-08-13T00:36:07    param {'id': 'endBound', 'x': 246, 'y': 218, 'w': 194, 'h': 25, 't': 'Blind'}
2026-08-13T00:36:07    param {'id': 'oppositeDirection', 'x': 440, 'y': 218, 'w': 26, 'h': 28, 't': ''}
2026-08-13T00:36:07    param {'id': 'oppositeDirection', 'x': 440, 'y': 218, 'w': 26, 'h': 26, 't': ''}
2026-08-13T00:36:07    param {'id': 'depth', 'x': 246, 'y': 246, 'w': 194, 'h': 26, 't': 'Depth'}
2026-08-13T00:36:07    param {'id': 'depth', 'x': 246, 'y': 246, 'w': 194, 'h': 26, 't': 'Depth'}
2026-08-13T00:36:07    param {'id': 'hasExtrudeDirection', 'x': 266, 'y': 272, 'w': 175, 'h': 27, 't': 'Direction'}
2026-08-13T00:36:07    param {'id': 'hasExtrudeDirection', 'x': 266, 'y': 272, 'w': 175, 'h': 27, 't': 'Direction'}
2026-08-13T00:36:07    param {'id': 'startOffset', 'x': 266, 'y': 299, 'w': 175, 'h': 27, 't': 'Starting offset'}
2026-08-13T00:36:07    param {'id': 'startOffset', 'x': 266, 'y': 299, 'w': 175, 'h': 27, 't': 'Starting offset'}
2026-08-13T00:36:07    param {'id': 'symmetric', 'x': 246, 'y': 327, 'w': 194, 'h': 27, 't': 'Symmetric'}
2026-08-13T00:36:07    param {'id': 'symmetric', 'x': 246, 'y': 327, 'w': 194, 'h': 27, 't': 'Symmetric'}
2026-08-13T00:36:07    param {'id': 'hasDraft', 'x': 246, 'y': 354, 'w': 54, 'h': 27, 't': 'Draft'}
2026-08-13T00:36:07    param {'id': 'hasDraft', 'x': 246, 'y': 354, 'w': 54, 'h': 27, 't': 'Draft'}
2026-08-13T00:36:07    param {'id': 'hasSecondDirection', 'x': 266, 'y': 381, 'w': 175, 'h': 27, 't': 'Second end position'}
2026-08-13T00:36:07    param {'id': 'hasSecondDirection', 'x': 266, 'y': 381, 'w': 175, 'h': 27, 't': 'Second end position'}
2026-08-13T00:36:39  about to tick Symmetric by clicking its label text
2026-08-13T00:36:40  about to set Depth = 3
2026-08-13T00:36:41  depth box pre-filled '25 mm'
2026-08-13T00:36:41  depth box now '3'
2026-08-13T00:36:59  about to accept the extrude
2026-08-13T00:37:55  ok-button count=0
2026-08-13T00:37:55  dialogs: 0
2026-08-13T00:38:38  about to reopen Extrude with Blade profile preselected
2026-08-13T00:38:43  depth reads '3'
2026-08-13T00:38:43  entities='Faces and sketch regions to extrude | Faces of Blade profile | ×' operationType row='New | Add | Remove | Intersect'
2026-08-13T00:38:44  about to accept the extrude (tick may need two clicks)
2026-08-13T00:38:48    dialog closed after 2 tick click(s)
2026-08-13T00:38:50  bbox mm: (-5.810000000000001, -1.5, -6.110000000000001) .. (5.810000000000001, 1.5, 5.810000000000001) | 
2026-08-13T00:39:39  renamed 'Extrude 1' -> 'Blade blank' (box read back 'Blade blank')
2026-08-13T00:39:39  Blade blank volume = 372.066474 mm3 (closed form 372.05040)
2026-08-13T00:39:59  about to open a sketch on the Top plane
2026-08-13T00:40:06  sketch open on Top and oriented; see 07-a
2026-08-13T00:40:40  about to draw a circle on the origin and dimension it Ø12
2026-08-13T00:40:52  pre-filled '19.68341 mm'
2026-08-13T00:40:53  box now '12'
2026-08-13T00:41:13  about to accept the Top-plane sketch
2026-08-13T00:41:15    dialog closed after 1 tick click(s)
2026-08-13T00:41:20  renamed 'Sketch 1' -> 'Limb section' (box read back 'Limb section')
2026-08-13T00:41:37  about to open Extrude on 'Limb section' and switch to Intersect
2026-08-13T00:41:42    param {'id': 'bodyType', 'x': 246, 'y': 108, 'w': 220, 't': 'Solid | Surface | Thin'}
2026-08-13T00:41:42    param {'id': 'operationType', 'x': 246, 'y': 136, 'w': 220, 't': 'New | Add | Remove | Intersect'}
2026-08-13T00:41:42    param {'id': 'entities', 'x': 249, 'y': 169, 'w': 214, 't': 'Faces and sketch regions to extrude | Faces of Limb section | ×'}
2026-08-13T00:41:42    param {'id': 'endBound', 'x': 246, 'y': 218, 'w': 194, 't': 'Blind'}
2026-08-13T00:41:42    param {'id': 'oppositeDirection', 'x': 440, 'y': 218, 'w': 26, 't': ''}
2026-08-13T00:41:42    param {'id': 'depth', 'x': 246, 'y': 246, 'w': 194, 't': 'Depth'}
2026-08-13T00:41:42    param {'id': 'hasExtrudeDirection', 'x': 266, 'y': 272, 'w': 175, 't': 'Direction'}
2026-08-13T00:41:42    param {'id': 'startOffset', 'x': 266, 'y': 299, 'w': 175, 't': 'Starting offset'}
2026-08-13T00:41:42    param {'id': 'symmetric', 'x': 246, 'y': 327, 'w': 194, 't': 'Symmetric'}
2026-08-13T00:41:42    param {'id': 'hasDraft', 'x': 246, 'y': 354, 'w': 54, 't': 'Draft'}
2026-08-13T00:41:42    param {'id': 'hasSecondDirection', 'x': 266, 'y': 381, 'w': 175, 't': 'Second end position'}
2026-08-13T00:41:42    param {'id': 'defaultScope', 'x': 246, 'y': 409, 'w': 194, 't': 'Merge with all'}
2026-08-13T00:41:42    param {'id': 'booleanScope', 'x': 249, 'y': 441, 'w': 214, 't': 'Merge scope | Part 1 | ×'}
2026-08-13T00:42:02  volume before the trim = 372.066474 mm3
2026-08-13T00:42:02  about to tick Symmetric and set depth 60
2026-08-13T00:42:04  depth='60' booleanScope='Merge scope | Part 1 | ×'
2026-08-13T00:42:08    dialog closed after 2 tick click(s)
2026-08-13T00:42:11  volume after the trim = 372.066461 mm3, removed 0.000013 mm3
2026-08-13T00:42:36  renamed 'Extrude 1' -> 'Trim blade to limb' (box read back 'Trim blade to limb')
2026-08-13T00:43:03  renamed 'Part 1' -> 'Forearm and shin' (box read back 'Forearm and shin')
2026-08-13T00:43:05  parts now: [('Forearm and shin', 'JHD')]
2026-08-13T00:43:44  about to open Extrude on 'Limb section' for the limb body
2026-08-13T00:43:50    param {'id': 'bodyType', 'x': 246, 'y': 108, 'w': 220, 't': 'Solid | Surface | Thin'}
2026-08-13T00:43:50    param {'id': 'operationType', 'x': 246, 'y': 136, 'w': 220, 't': 'New | Add | Remove | Intersect'}
2026-08-13T00:43:50    param {'id': 'entities', 'x': 249, 'y': 169, 'w': 214, 't': 'Faces and sketch regions to extrude | Faces of Limb section | ×'}
2026-08-13T00:43:50    param {'id': 'endBound', 'x': 246, 'y': 218, 'w': 194, 't': 'Blind'}
2026-08-13T00:43:50    param {'id': 'oppositeDirection', 'x': 440, 'y': 218, 'w': 26, 't': ''}
2026-08-13T00:43:50    param {'id': 'depth', 'x': 246, 'y': 246, 'w': 194, 't': 'Depth'}
2026-08-13T00:43:50    param {'id': 'hasExtrudeDirection', 'x': 266, 'y': 272, 'w': 175, 't': 'Direction'}
2026-08-13T00:43:50    param {'id': 'startOffset', 'x': 266, 'y': 299, 'w': 175, 't': 'Starting offset'}
2026-08-13T00:43:50    param {'id': 'startOffsetBound', 'x': 266, 'y': 327, 'w': 174, 't': 'Blind'}
2026-08-13T00:43:50    param {'id': 'startOffsetDistance', 'x': 266, 'y': 355, 'w': 174, 't': 'Depth'}
2026-08-13T00:43:50    param {'id': 'startOffsetOppositeDirection', 'x': 440, 'y': 355, 'w': 26, 't': ''}
2026-08-13T00:43:50    param {'id': 'symmetric', 'x': 246, 'y': 381, 'w': 194, 't': 'Symmetric'}
2026-08-13T00:43:50    param {'id': 'hasDraft', 'x': 246, 'y': 408, 'w': 54, 't': 'Draft'}
2026-08-13T00:43:50    param {'id': 'hasSecondDirection', 'x': 266, 'y': 435, 'w': 175, 't': 'Second end position'}
2026-08-13T00:44:15  operationType classes before: ['New:option os-param-form-item os-active', 'Add:option os-param-form-item', 'Remove:option os-param-form-item', 'Intersect:option os-param-form-item']
2026-08-13T00:44:15  about to click Add at (315,149)
2026-08-13T00:44:16  operationType classes after: ['New:option os-param-form-item', 'Add:option os-param-form-item os-active', 'Remove:option os-param-form-item', 'Intersect:option os-param-form-item']
2026-08-13T00:44:51    param bodyType: y=108 t='Solid | Surface | Thin'
2026-08-13T00:44:51    param operationType: y=136 t='New | Add | Remove | Intersect'
2026-08-13T00:44:51    param entities: y=169 t='Faces and sketch regions to extrude | Faces of Limb section | ×'
2026-08-13T00:44:51    param endBound: y=218 t='Blind'
2026-08-13T00:44:51    param oppositeDirection: y=218 t=''
2026-08-13T00:44:51    param depth: y=246 t='Depth'
2026-08-13T00:44:51    param hasExtrudeDirection: y=272 t='Direction'
2026-08-13T00:44:51    param startOffset: y=299 t='Starting offset'
2026-08-13T00:44:51    param startOffsetBound: y=327 t='Blind'
2026-08-13T00:44:51    param startOffsetDistance: y=355 t='Depth'
2026-08-13T00:44:51    param startOffsetOppositeDirection: y=355 t=''
2026-08-13T00:44:51    param symmetric: y=381 t='Symmetric'
2026-08-13T00:44:51    param hasDraft: y=408 t='Draft'
2026-08-13T00:44:51    param hasSecondDirection: y=435 t='Second end position'
2026-08-13T00:44:51    param defaultScope: y=463 t='Merge with all'
2026-08-13T00:44:51    param booleanScope: y=495 t='Merge scope'
2026-08-13T00:44:51  operation = None
2026-08-13T00:44:51  about to set depth 13.89 and starting offset 6.11
2026-08-13T00:44:52    depth: '25 mm' -> '13.89'
2026-08-13T00:44:53    startOffsetDistance: '25 mm' -> '6.11'
2026-08-13T00:45:24  operation = Add
2026-08-13T00:45:24  about to click into the Merge scope field at y=495, then pick the part row
2026-08-13T00:45:24  part row box={'x': 85, 'y': 685.5, 'width': 145, 'height': 19.984375}
2026-08-13T00:45:25  booleanScope now 'Merge scope | Forearm and shin | ×'
2026-08-13T00:45:48  about to click oppositeDirection at (453, 232)
2026-08-13T00:45:49  about to click startOffsetOppositeDirection at (453, 368)
2026-08-13T00:45:50  depth row 'Depth' offset row 'Depth' scope 'Merge scope | Forearm and shin | ×'
2026-08-13T00:45:52    dialog closed after 1 tick click(s)
2026-08-13T00:45:55  bbox mm: (-5.999999999999999, -5.999999999999999, -20.000000000000004) .. (5.999999999999999, 5.999999999999999, 5.810000000000001) | 
2026-08-13T00:45:55  stored parameters of Extrude 1: {'domain': 'MODEL', 'bodyType': 'SOLID', 'operationType': 'ADD', 'surfaceOperationType': 'NEW', 'flatOperationType': 'REMOVE', 'entities': None, 'surfaceEntities': None, 'wallShape': None, 'midplane': False, 'thickness1': 0, 'flipWall': False, 'thickness2': 0, 'thickness': 0, 'endBound': 'BLIND', 'oppositeDirection': True, 'depth': 0, 'endBoundEntityFace': None, 'endBoundEntityBody': None, 'endBoundEntityVertex': None, 'hasOffset': False, 'offsetDistance': 0, 'offsetOppositeDirection': False, 'hasExtrudeDirection': False, 'extrudeDirection': None, 'startOffset': True, 'startOffsetBound': 'BLIND', 'startOffsetDistance': 0, 'startOffsetOppositeDirection': True, 'startOffsetEntity': None, 'symmetric': False, 'hasDraft': False, 'draftAngle': 0, 'draftPullDirection': False, 'hasSecondDirection': False, 'secondDirectionBound': 'BLIND', 'secondDirectionOppositeDirection': True, 'secondDirectionDepth': 0, 'secondDirectionBoundEntityFace': None, 'secondDirectionBoundEntityBody': None, 'secondDirectionBoundEntityVertex': None, 'hasSecondDirectionOffset': False, 'secondDirectionOffsetDistance': 0, 'secondDirectionOffsetOppositeDirection': False, 'hasSecondDirectionDraft': False, 'secondDirectionDraftAngle': 0, 'secondDirectionDraftPullDirection': False, 'defaultScope': False, 'booleanScope': None, 'defaultSurfaceScope': True, 'booleanSurfaceScope': None}
2026-08-13T00:46:26  renamed 'Extrude 1' -> 'Limb' (box read back 'Limb')
2026-08-13T00:46:27  volume after Limb = 1942.98845 mm3 (blade 372.06646 + cylinder 1570.85841 = 1942.92487)
2026-08-13T00:46:29  rendered render-stage1-isometric.png
2026-08-13T00:46:30  rendered render-stage1-front.png
2026-08-13T00:47:21  about to open a sketch on Front for the ball stud profile
2026-08-13T00:47:28  sketch toolbar: [{'id': 'UNDO_A_CHANGE', 'x': 58, 'y': 58}, {'id': 'REDO_A_CHANGE', 'x': 92, 'y': 58}, {'id': 'extrude', 'x': 130, 'y': 58}, {'id': 'revolve', 'x': 164, 'y': 58}, {'id': 'LINESEGMENT', 'x': 202, 'y': 58}, {'id': 'RECTANGLE_TWO_CORNERS', 'x': 254, 'y': 58}, {'id': 'CIRCLE_CENTER_RADIUS', 'x': 306, 'y': 58}, {'id': 'ARC_START_END_RADIUS', 'x': 358, 'y': 58}, {'id': 'INSCRIBED_POLYGON', 'x': 410, 'y': 58}, {'id': 'SPLINE', 'x': 462, 'y': 58}, {'id': 'POINT', 'x': 514, 'y': 58}, {'id': 'TEXT_RECTANGLE_TWO_CORNERS', 'x': 548, 'y': 58}, {'id': 'USE', 'x': 582, 'y': 58}, {'id': 'TOGGLE_CONSTRUCTION', 'x': 634, 'y': 58}, {'id': 'FILLET', 'x': 672, 'y': 58}, {'id': 'TRIM', 'x': 724, 'y': 58}, {'id': 'OFFSET', 'x': 776, 'y': 58}, {'id': 'SKETCHMIRROR', 'x': 828, 'y': 58}, {'id': 'SKETCHLPATTERN', 'x': 862, 'y': 58}, {'id': 'INSERT_DXFDWG', 'x': 914, 'y': 58}, {'id': 'DIMENSION', 'x': 970, 'y': 58}, {'id': 'COINCIDENT', 'x': 1008, 'y': 58}]
2026-08-13T00:49:05  about to open the view menu (cube caret, bottom right of the view cube)
2026-08-13T00:49:07  Isometric item count=1 box={'x': 1430.375, 'y': 249, 'width': 49.59375, 'height': 18}
2026-08-13T00:49:48  about to zoom in centred on the ball station
2026-08-13T00:50:42  about to zoom 8 more notches about the ball centre (922,570)
2026-08-13T00:51:32  about to open the arc flyout and pick Center point arc
2026-08-13T00:51:33  Center point arc item box={'x': 373, 'y': 151.5, 'width': 136, 'height': 20}
2026-08-13T00:51:34  about to click arc centre (922, 580), start (922, 636), then sweep right and end at 45deg
2026-08-13T00:52:02  about to draw the closing lines with the line tool (l)
2026-08-13T00:53:01  about to dimension the ball arc radius = 3
2026-08-13T00:53:50  about to dimension the ball arc radius = 3
2026-08-13T00:53:56    dim 10-h-done-radius-3: pre-filled '3.06563 mm', typed '3'
2026-08-13T00:54:14  about to dimension the arc centre 24 below the X axis
2026-08-13T00:55:11  about to cancel the angle dimension that the pick produced
2026-08-13T00:55:48  about to dimension arc centre (921,569) to the X axis, 24
2026-08-13T00:55:58    dim 10-i-done-segment-24: pre-filled '23.88632 mm', typed '24'
2026-08-13T00:56:23  about to dimension the stalk side to the axis line = 1.5
2026-08-13T00:56:30    dim 10-j-done-stalk-1p5: pre-filled '2.14944 mm', typed '1.5'
2026-08-13T03:40:48  === LIMBBB2 picks up the build; predecessor's log above is its own ===
2026-08-13T03:40:48  census BEFORE stamp: 19 pages
2026-08-13T03:40:48     page name='BALLSOCK_POLL' url=https://cad.onshape.com/signin
2026-08-13T03:40:48     page name='HEAD_RUN3_7Q4XZ' url=https://cad.onshape.com/documents/e4e890de0530e1c4df67aada/w/e4eb5c7ebf1862e98cdfb525/e/e6f35e31
2026-08-13T03:40:48     page name='LIMBBB_RUN3_cfca2a' url=https://cad.onshape.com/documents/8844e1331199cc35de25a417/w/b5995fc863d4643895b80f15/e/e70b20b1
2026-08-13T03:40:48     page name='HINGE_RUN3' url=https://cad.onshape.com/documents/2bb91052915f54a3e21ef499/w/20fb402b8792662ff0ddcc35/e/8857827e
2026-08-13T03:40:48     page name='LESSON_RUN3' url=https://cad.onshape.com/signin
2026-08-13T03:40:48     page name='BALLSOCK_RUN3' url=https://cad-usw2.onshape.com/signin
2026-08-13T03:40:48     page name='' url=https://cad.onshape.com/documents?resourceType=resourcecompanyowner&nodeId=689a03e87981876cf8ea4
2026-08-13T03:40:48     page name='ORCH_VERIFY_HINGE_7x2' url=https://cad.onshape.com/documents?resourceType=resourcecompanyowner&nodeId=689a03e87981876cf8ea4
2026-08-13T03:40:48     page name='HEAD2_RUN3_9C2F41' url=https://cad.onshape.com/documents/e4e890de0530e1c4df67aada/w/e4eb5c7ebf1862e98cdfb525/e/e6f35e31
2026-08-13T03:40:48     page name='FOOT_RUN3_NVS79W' url=https://cad.onshape.com/documents/40483ab1a6a310e833b3be41/w/bee74bfd1c5780e11aac4ea9/e/f0566c84
2026-08-13T03:40:48     page name='HAND_RUN3_UK3WMB' url=https://cad.onshape.com/documents/1bb0da3ec390097ada708b8c/w/496593f76caf867c13606b66/e/8bcb46f7
2026-08-13T03:40:48     page name='BALLSOCK_RUN3' url=https://cad.onshape.com/signin
2026-08-13T03:40:48     page name='BALLSOCK_RUN3_B2' url=https://cad.onshape.com/documents/c440cc33212eb2d5e01d2312/w/cc55e05877256cf7b8e2ce84/e/728bf1bc
2026-08-13T03:40:48     page name='' url=about:blank
2026-08-13T03:40:48     page name='LIMBSC2_RUN3_c31d7e' url=https://cad.onshape.com/documents/82547630224dea5fd5a9c17a/w/8f6e261ecbb5303be2f84287/e/f2a096a4
2026-08-13T03:40:48     page name='LIMBSC_RUN3_9f4a1c' url=https://cad.onshape.com/documents/82547630224dea5fd5a9c17a/w/8f6e261ecbb5303be2f84287/e/f2a096a4
2026-08-13T03:40:48     page name='ORCH_INVENTORY_7x2' url=https://cad.onshape.com/documents?resourceType=resourcecompanyowner&nodeId=689a03e87981876cf8ea4
2026-08-13T03:40:48     page name='LESSON_RUN3_MSTITT_A' url=https://cad.onshape.com/documents/17723bb5b4f85b74849e355b/w/6da3ae6be1961c300552cd9d/e/c797d0e3
2026-08-13T03:40:48     page name='TORSO_RUN3_OA4SRWBU' url=https://cad.onshape.com/documents/dfd743765a001160f1f78751/w/0935e4f7a86ee713cade9beb/e/bcddfc5e
2026-08-13T03:40:58  stamped my new page LIMBBB2_RUN3_3b7e91; verified unique (1 of 20 pages)
2026-08-13T03:40:59  sessioninfo status=200 has_roles=True
2026-08-13T03:40:59     signed in as Mike Stitt
2026-08-13T03:40:59  page url now https://cad.onshape.com/documents/8844e1331199cc35de25a417/w/b5995fc863d4643895b80f15/e/e70b20b1b40fabbcf35f29
2026-08-13T03:40:59  page title 'limb-blade-ball-run3 | Part Studio 1'
2026-08-13T03:41:22  about to verify the inherited state through read-only REST
2026-08-13T03:41:35  about to verify the inherited state through read-only REST
2026-08-13T03:41:35  features: 6
2026-08-13T03:41:35     newSketch    'Blade profile' id=F873FaBxOctxCfY_0 state={"type": 1688, "typeName": "BTFeatureState", "message": {"featureStatus": "OK", "inactive": false}}
2026-08-13T03:41:35     extrude      'Blade blank' id=FjvQprSwF4MHWaV_0 state={"type": 1688, "typeName": "BTFeatureState", "message": {"featureStatus": "OK", "inactive": false}}
2026-08-13T03:41:35     newSketch    'Limb section' id=FiSUnlaeu2t21BS_1 state={"type": 1688, "typeName": "BTFeatureState", "message": {"featureStatus": "OK", "inactive": false}}
2026-08-13T03:41:35     extrude      'Trim blade to limb' id=FiLRoaMIPk3k2uF_1 state={"type": 1688, "typeName": "BTFeatureState", "message": {"featureStatus": "OK", "inactive": false}}
2026-08-13T03:41:35     extrude      'Limb' id=F1vtZ3caOzKYEBY_1 state={"type": 1688, "typeName": "BTFeatureState", "message": {"featureStatus": "OK", "inactive": false}}
2026-08-13T03:41:35     newSketch    'Sketch 1' id=Fc9ZbTeRDNtLtpk_1 state={"type": 1688, "typeName": "BTFeatureState", "message": {"featureStatus": "OK", "inactive": false}}
2026-08-13T03:41:36  part 'Forearm and shin' partId=JHD
2026-08-13T03:41:36  bbox mm: (-6.0000, -6.0000, -20.0000) .. (6.0000, 6.0000, 5.8100)
2026-08-13T03:41:36  bbox spans X=12.0000 Y=12.0000 Z=25.8100
2026-08-13T03:43:23  about to open the inherited 'Sketch 1' for edit (double-click its tree row)
2026-08-13T03:43:23  Sketch 1 row box={'x': 66, 'y': 406.5, 'width': 164, 'height': 19.984375}
2026-08-13T03:43:25  opened; pressing n for view-normal-to, then f for zoom to fit
2026-08-13T03:43:30  screenshots 11-a / 11-b taken
2026-08-13T03:44:03  about to zoom 22 notches about (923,600)
2026-08-13T03:44:07  zoomed; screenshot 11-c-zoomed.png
2026-08-13T03:45:43  about to zoom 6 notches about (923,520)
2026-08-13T03:45:45  zoomed; screenshot 11-d-zoomed2.png
2026-08-13T03:46:23  about to dimension the stalk's top edge to the X axis = 19 (the one free DOF the inherited sketch had left)
2026-08-13T03:46:33  visible inputs: 2
2026-08-13T03:46:33     input[0] value='' box={'x': 79, 'y': 84, 'width': 158, 'height': 30}
2026-08-13T03:46:33     input[1] value='18.90418 mm' box={'x': 1142, 'y': 481.5, 'width': 100, 'height': 26}
2026-08-13T03:46:33  dimension box now '19'; pressing Enter
2026-08-13T03:46:36  dimension entered; see 12-b
2026-08-13T03:47:26  about to zoom -8 notches about (923,500)
2026-08-13T03:47:28  zoomed; screenshot 12-c-sketch-colors.png
2026-08-13T03:47:56  cropped screenshot 12-d-sketch-curves-black.png at (860,660) 200x200
2026-08-13T03:48:42  about to accept the ball stud profile sketch
2026-08-13T03:48:43     dialog closed after 1 tick click(s)
2026-08-13T03:48:50  about to rename 'Sketch 1' -> 'Ball stud profile'; row box={'x': 66, 'y': 406.5, 'width': 164, 'height': 19.984375}
2026-08-13T03:48:55  renamed 'Sketch 1' -> 'Ball stud profile' (box read back 'Ball stud profile')
2026-08-13T03:48:58  volume now 1942.98845 mm3 (unchanged by a sketch)
2026-08-13T03:49:34  about to preselect the ball-stud profile region and open Revolve
2026-08-13T03:49:38     param bodyType: y=108 t='Solid | Surface | Thin'
2026-08-13T03:49:38     param bodyType: y=108 t='Solid | Surface | Thin'
2026-08-13T03:49:38     param operationType: y=136 t='New | Add | Remove | Intersect'
2026-08-13T03:49:38     param operationType: y=136 t='New | Add | Remove | Intersect'
2026-08-13T03:49:38     param entities: y=169 t='Faces and sketch regions to revolve | Face of Sketch 1 | ×'
2026-08-13T03:49:38     param entities: y=169 t='Faces and sketch regions to revolve | Face of Sketch 1 | ×'
2026-08-13T03:49:38     param axis: y=218 t='Revolve axis'
2026-08-13T03:49:38     param axis: y=218 t='Revolve axis'
2026-08-13T03:49:38     param fullRevolve: y=249 t='Full revolve'
2026-08-13T03:49:38     param fullRevolve: y=249 t='Full revolve'
2026-08-13T03:50:37  tree filter box currently 'Ball stud profile' — clearing it
2026-08-13T03:50:38  about to click Add in the Revolve dialog
2026-08-13T03:50:40     operationType row now 'New | Add | Remove | Intersect'
2026-08-13T03:50:40     operation classes: ['New:-', 'Add:ACTIVE', 'Remove:-', 'Intersect:-']
2026-08-13T03:50:40  about to click into the Revolve axis field at {'x': 249, 'y': 218, 'width': 214, 'height': 26}
2026-08-13T03:50:42     axis field now 'Revolve axis | Edge of Sketch 1 | ×'
2026-08-13T03:50:42     param bodyType: y=108 t='Solid | Surface | Thin'
2026-08-13T03:50:42     param bodyType: y=108 t='Solid | Surface | Thin'
2026-08-13T03:50:42     param operationType: y=136 t='New | Add | Remove | Intersect'
2026-08-13T03:50:42     param operationType: y=136 t='New | Add | Remove | Intersect'
2026-08-13T03:50:42     param entities: y=169 t='Faces and sketch regions to revolve | Face of Sketch 1 | ×'
2026-08-13T03:50:42     param entities: y=169 t='Faces and sketch regions to revolve | Face of Sketch 1 | ×'
2026-08-13T03:50:42     param axis: y=218 t='Revolve axis | Edge of Sketch 1 | ×'
2026-08-13T03:50:42     param axis: y=218 t='Revolve axis | Edge of Sketch 1 | ×'
2026-08-13T03:50:42     param fullRevolve: y=267 t='Full revolve'
2026-08-13T03:50:42     param fullRevolve: y=267 t='Full revolve'
2026-08-13T03:50:42     param defaultScope: y=294.3125 t='Merge with all'
2026-08-13T03:50:42     param defaultScope: y=294.3125 t='Merge with all'
2026-08-13T03:50:42     param booleanScope: y=326.625 t='Merge scope | Forearm and shin | ×'
2026-08-13T03:50:42     param booleanScope: y=326.625 t='Merge scope | Forearm and shin | ×'
2026-08-13T03:51:05  volume before the revolve = 1942.98845 mm3; scope='Merge scope | Forearm and shin | ×'
2026-08-13T03:51:05  about to accept the Revolve
2026-08-13T03:51:06     dialog closed after 1 tick click(s)
2026-08-13T03:51:08  volume after the revolve = 2064.54089 mm3, added 121.55244 (predicted 121.5510)
2026-08-13T03:51:08  bbox mm: (-6.0000, -6.0000, -27.0000) .. (6.0000, 6.0000, 5.8100)
2026-08-13T03:51:08  about to rename 'Revolve 1' -> 'Ball stud'; row box={'x': 66, 'y': 432.5, 'width': 164, 'height': 19.984375}
2026-08-13T03:51:10     rename edit box at {'x': 62, 'y': 431, 'width': 178, 'height': 24}
2026-08-13T03:51:11  renamed 'Revolve 1' -> 'Ball stud' (box read back 'Ball stud')
2026-08-13T03:51:13  about to rename 'Sketch 1' -> 'Ball stud profile'; row box={'x': 66, 'y': 406.5, 'width': 164, 'height': 19.984375}
2026-08-13T03:51:15     rename edit box at {'x': 62, 'y': 405, 'width': 178, 'height': 24}
2026-08-13T03:51:16  renamed 'Sketch 1' -> 'Ball stud profile' (box read back 'Ball stud profile')
2026-08-13T03:51:17  tree now: Blade profile, Blade blank, Limb section, Trim blade to limb, Limb, Ball stud profile, Ball stud
2026-08-13T03:51:37  rendered render-stage2-isometric.png (part 'Forearm and shin' alone)
2026-08-13T03:51:38  rendered render-stage2-front.png (part 'Forearm and shin' alone)
2026-08-13T03:51:39  rendered render-stage2-right.png (part 'Forearm and shin' alone)
2026-08-13T03:52:24  about to make an offset plane 1.5 from Front for the blade's face
2026-08-13T03:52:30     param entities: y=113 t='Entities | Front plane | ×'
2026-08-13T03:52:30     param entities: y=113 t='Entities | Front plane | ×'
2026-08-13T03:52:30     param cplaneType: y=162 t='Offset'
2026-08-13T03:52:30     param cplaneType: y=162 t='Offset'
2026-08-13T03:52:30     param offset: y=190 t='Offset distance'
2026-08-13T03:52:30     param offset: y=190 t='Offset distance'
2026-08-13T03:52:30     param oppositeDirection: y=190 t=''
2026-08-13T03:52:30     param oppositeDirection: y=190 t=''
2026-08-13T03:52:30     param flipNormal: y=216 t='Flip normal'
2026-08-13T03:52:30     param flipNormal: y=216 t='Flip normal'
2026-08-13T03:52:53  offset box pre-filled '25 mm'; setting 1.5
2026-08-13T03:52:53  offset box now '1.5'
2026-08-13T03:52:59     dialog closed after 2 tick click(s)
2026-08-13T03:53:00  about to rename 'Plane 1' -> 'Blade face plane'; row box={'x': 66, 'y': 458.5, 'width': 164, 'height': 19.984375}
2026-08-13T03:53:02     rename edit box at {'x': 62, 'y': 457, 'width': 178, 'height': 24}
2026-08-13T03:53:03  renamed 'Plane 1' -> 'Blade face plane' (box read back 'Blade face plane')
2026-08-13T03:53:03  tree now: Blade profile, Blade blank, Limb section, Trim blade to limb, Limb, Ball stud profile, Ball stud, Blade face plane
2026-08-13T03:53:31  about to open a sketch on 'Blade face plane'
2026-08-13T03:53:34     sketch plane field: 'Sketch plane | Blade face plane | ×'
2026-08-13T03:53:38  sketch open and oriented; see 15-a-sketch-on-blade-face.png
2026-08-13T03:54:32  view cube read 'Back' after n — a mirrored view; both circles here are on the vertical axis so handedness cannot bite, but noting it
2026-08-13T03:54:32  about to draw the pocket circle centred on the origin
2026-08-13T03:54:39  about to dimension the pocket circle to 2.2
2026-08-13T03:54:44     dimension box pre-filled '5.00917 mm'
2026-08-13T03:54:44     box now '2.2'; Enter
2026-08-13T03:55:04  cropped screenshot 15-d-pocket-circle-crop.png at (800,220) 400x300
2026-08-13T03:55:37  about to accept the pocket-circle sketch
2026-08-13T03:55:38     dialog closed after 1 tick click(s)
2026-08-13T03:55:40  about to rename 'Sketch 1' -> 'Pocket circle'; row box={'x': 66, 'y': 484.5, 'width': 164, 'height': 19.984375}
2026-08-13T03:55:42     rename edit box at {'x': 62, 'y': 483, 'width': 178, 'height': 24}
2026-08-13T03:55:42  renamed 'Sketch 1' -> 'Pocket circle' (box read back 'Pocket circle')
2026-08-13T03:55:42  about to preselect 'Pocket circle' in the tree and open Extrude
2026-08-13T03:55:45     param bodyType: y=108 t='Solid | Surface | Thin'
2026-08-13T03:55:45     param bodyType: y=108 t='Solid | Surface | Thin'
2026-08-13T03:55:45     param operationType: y=136 t='New | Add | Remove | Intersect'
2026-08-13T03:55:45     param operationType: y=136 t='New | Add | Remove | Intersect'
2026-08-13T03:55:45     param entities: y=169 t='Faces and sketch regions to extrude | Faces of Pocket circle | ×'
2026-08-13T03:55:45     param entities: y=169 t='Faces and sketch regions to extrude | Faces of Pocket circle | ×'
2026-08-13T03:55:45     param endBound: y=218 t='Blind'
2026-08-13T03:55:45     param endBound: y=218 t='Blind'
2026-08-13T03:55:45     param oppositeDirection: y=218 t=''
2026-08-13T03:55:45     param oppositeDirection: y=218 t=''
2026-08-13T03:55:45     param depth: y=246 t='Depth'
2026-08-13T03:55:45     param depth: y=246 t='Depth'
2026-08-13T03:55:45     param hasExtrudeDirection: y=272 t='Direction'
2026-08-13T03:55:45     param hasExtrudeDirection: y=272 t='Direction'
2026-08-13T03:55:45     param startOffset: y=299.3125 t='Starting offset'
2026-08-13T03:55:45     param startOffset: y=299.3125 t='Starting offset'
2026-08-13T03:55:45     param symmetric: y=326.625 t='Symmetric'
2026-08-13T03:55:45     param symmetric: y=326.625 t='Symmetric'
2026-08-13T03:55:45     param hasDraft: y=353.9375 t='Draft'
2026-08-13T03:55:45     param hasDraft: y=353.9375 t='Draft'
2026-08-13T03:55:45     param hasSecondDirection: y=381.25 t='Second end position'
2026-08-13T03:55:45     param hasSecondDirection: y=381.25 t='Second end position'
2026-08-13T03:55:45     param defaultScope: y=408.5625 t='Merge with all'
2026-08-13T03:55:45     param defaultScope: y=408.5625 t='Merge with all'
2026-08-13T03:55:45     param booleanScope: y=440.875 t='Merge scope | Forearm and shin | ×'
2026-08-13T03:55:45     param booleanScope: y=440.875 t='Merge scope | Forearm and shin | ×'
2026-08-13T03:56:26  about to set the extrude to Remove, depth 1.0
2026-08-13T03:56:27     operation classes: ['New:-', 'Add:-', 'Remove:ACTIVE', 'Intersect:-']
2026-08-13T03:56:27     depth pre-filled '25 mm'
2026-08-13T03:56:27     depth now '1.0'
2026-08-13T03:56:28     merge scope reads 'Merge scope | Forearm and shin | ×'
2026-08-13T03:56:31     dialog closed after 2 tick click(s)
2026-08-13T03:56:33  volume 2064.54089 -> 2060.73956, removed 3.80133 mm3 (predicted 3.80133)
2026-08-13T03:56:33     stored 'Extrude 1': operationType=REMOVE oppositeDirection=True depth=0.0
2026-08-13T03:56:33     feature states: ['OK']
2026-08-13T03:56:34  about to rename 'Extrude 1' -> 'Pocket'; row box={'x': 66, 'y': 510.5, 'width': 164, 'height': 19.984375}
2026-08-13T03:56:36     rename edit box at {'x': 62, 'y': 509, 'width': 178, 'height': 24}
2026-08-13T03:56:37  renamed 'Extrude 1' -> 'Pocket' (box read back 'Pocket')
2026-08-13T03:57:07  about to open a sketch on 'Blade face plane'
2026-08-13T03:57:11     sketch plane field: 'Sketch plane | Blade face plane | ×'
2026-08-13T03:57:13  sketch open and oriented; see 17-a-sketch-for-valley.png
2026-08-13T03:57:38  about to draw the detent valley circle on the vertical axis at (923,254) = 4.8 mm above the hinge axis, toward the blade's round end
2026-08-13T03:57:45  about to dimension the valley circle to 1.0
2026-08-13T03:57:49     dimension box pre-filled '3.22348 mm'
2026-08-13T03:57:51     diameter set to 1.0
2026-08-13T03:58:24  about to dimension the valley circle's centre to the horizontal axis = 4.8
2026-08-13T03:59:13  retry: the valley circle's centre is at (921,313), not where I first clicked — the diameter dimension moved it. Dimensioning centre to the horizontal axis = 4.8
2026-08-13T03:59:20     dimension box pre-filled '1.52163 mm'
2026-08-13T03:59:20     box now '4.8'; Enter
2026-08-13T03:59:35  cropped screenshot 17-f-valley-circle-defined.png at (820,200) 320x220
2026-08-13T04:00:02  about to accept the sketch and rename it 'Detent valley circle'
2026-08-13T04:00:04     dialog closed after 1 tick click(s)
2026-08-13T04:00:05  about to rename 'Sketch 1' -> 'Detent valley circle'; row box={'x': 66, 'y': 536.5, 'width': 164, 'height': 19.984375}
2026-08-13T04:00:07     rename edit box at {'x': 62, 'y': 535, 'width': 178, 'height': 24}
2026-08-13T04:00:08  renamed 'Sketch 1' -> 'Detent valley circle' (box read back 'Detent valley circle')
2026-08-13T04:00:08     entity {"radius": 0.0005, "xCenter": -0.0, "yCenter": 0.0048, "xDir": 1.0, "yDir": 0.0, "clockwise": 0}
2026-08-13T04:00:08     constraints: VERTICAL, DIAMETER, DISTANCE
2026-08-13T04:00:08  about to preselect 'Detent valley circle' and open Extrude
2026-08-13T04:00:11     entities: 'Faces and sketch regions to extrude | Faces of Detent valley circle | ×'
2026-08-13T04:00:12     scope: 'Merge scope | Forearm and shin | ×'
2026-08-13T04:00:23  about to set the extrude to Remove, depth 0.45
2026-08-13T04:00:24     operation classes: ['New:-', 'Add:-', 'Remove:ACTIVE', 'Intersect:-']
2026-08-13T04:00:24     depth pre-filled '25 mm'
2026-08-13T04:00:24     depth now '0.45'
2026-08-13T04:00:25     merge scope reads 'Merge scope | Forearm and shin | ×'
2026-08-13T04:00:30     dialog closed after 2 tick click(s)
2026-08-13T04:00:31  volume 2060.73956 -> 2060.38613, removed 0.35343 mm3 (predicted 0.35343)
2026-08-13T04:00:31     stored 'Extrude 1': operationType=REMOVE oppositeDirection=True depth=0.0
2026-08-13T04:00:31     feature states: ['OK']
2026-08-13T04:00:32  about to rename 'Extrude 1' -> 'Detent valley'; row box={'x': 66, 'y': 562.5, 'width': 164, 'height': 19.984375}
2026-08-13T04:00:34     rename edit box at {'x': 62, 'y': 561, 'width': 178, 'height': 24}
2026-08-13T04:00:35  renamed 'Extrude 1' -> 'Detent valley' (box read back 'Detent valley')
2026-08-13T04:00:55  about to zoom 27 notches about (921,255)
2026-08-13T04:01:01  zoomed; screenshot 19-a-valley-zoom.png
2026-08-13T04:01:39  about to break the valley's rim: select the EDGE (not the bore face) and Fillet r0.1
2026-08-13T04:01:52     param filletType: t='Edge | Full round'
2026-08-13T04:01:52     param filletType: t='Edge | Full round'
2026-08-13T04:01:52     param entities: t='Entities to fillet | Face of Blade blank | × | Edge of Detent valley | ×'
2026-08-13T04:01:52     param entities: t='Entities to fillet | Face of Blade blank | × | Edge of Detent valley | ×'
2026-08-13T04:01:52     param tangentPropagation: t='Tangent propagation'
2026-08-13T04:01:52     param tangentPropagation: t='Tangent propagation'
2026-08-13T04:01:52     param blendControlType: t='Measurement | Radius'
2026-08-13T04:01:52     param blendControlType: t='Radius'
2026-08-13T04:01:52     param crossSection: t='Control | Distance'
2026-08-13T04:01:52     param crossSection: t='Distance'
2026-08-13T04:01:52     param radius: t='Radius'
2026-08-13T04:01:52     param radius: t='Radius'
2026-08-13T04:01:52     param isAsymmetric: t='Asymmetric'
2026-08-13T04:01:52     param isAsymmetric: t='Asymmetric'
2026-08-13T04:01:52     param isPartial: t='Partial fillet'
2026-08-13T04:01:52     param isPartial: t='Partial fillet'
2026-08-13T04:01:52     param isVariable: t='Variable fillet'
2026-08-13T04:01:52     param isVariable: t='Variable fillet'
2026-08-13T04:01:52     param allowEdgeOverflow: t='Allow edge overflow'
2026-08-13T04:01:52     param allowEdgeOverflow: t='Allow edge overflow'
2026-08-13T04:01:52     param smoothCorners: t='Smooth fillet corners'
2026-08-13T04:01:52     param smoothCorners: t='Smooth fillet corners'
2026-08-13T04:02:31  cancelling that Fillet: its entity list had picked up 'Face of Blade blank' from the click I used to clear the selection — at this zoom the blade fills the canvas
2026-08-13T04:02:41     fillet entities: 'Entities to fillet | Edge of Detent valley | ×'
2026-08-13T04:02:41     radius pre-filled '3 mm'
2026-08-13T04:02:41     radius now '0.1'
2026-08-13T04:02:44     dialog closed after 2 tick click(s)
2026-08-13T04:02:46  volume 2060.38613 -> 2060.37909, removed 0.00704 mm3 (run 3's hinge measured 0.00706 for the same break)
2026-08-13T04:02:46     last feature: Fillet 1
2026-08-13T04:02:46  about to rename 'Fillet 1' -> 'Break the valley rim'; row box={'x': 66, 'y': 588.5, 'width': 164, 'height': 19.984375}
2026-08-13T04:02:48     rename edit box at {'x': 62, 'y': 587, 'width': 178, 'height': 24}
2026-08-13T04:02:49  renamed 'Fillet 1' -> 'Break the valley rim' (box read back 'Break the valley rim')
2026-08-13T04:03:17  about to open Circular pattern through the Search tools box
2026-08-13T04:04:14  Search-tools box does not resolve as an input; using the pattern split-button's flyout
2026-08-13T04:04:14     toolbar: [{'id': 'linearPattern', 'x': 673, 'y': 42, 'w': 32}, {'id': 'mirror', 'x': 725, 'y': 42, 'w': 32}]
2026-08-13T04:04:14  about to click the pattern flyout caret at (714, 58)
2026-08-13T04:04:16     'Circular pattern' items visible: [{'x': 703.515625, 'y': 116, 'width': 136, 'height': 20}]
2026-08-13T04:04:18     param patternType: y=108 t='Part pattern'
2026-08-13T04:04:18     param patternType: y=108 t='Part pattern'
2026-08-13T04:04:18     param operationType: y=136 t='New | Add | Remove | Intersect'
2026-08-13T04:04:18     param operationType: y=136 t='New | Add | Remove | Intersect'
2026-08-13T04:04:18     param entities: y=169 t='Entities to pattern'
2026-08-13T04:04:18     param entities: y=169 t='Entities to pattern'
2026-08-13T04:04:18     param axis: y=200 t='Axis of pattern'
2026-08-13T04:04:18     param axis: y=200 t='Axis of pattern'
2026-08-13T04:04:18     param angle: y=231 t='Angle'
2026-08-13T04:04:18     param angle: y=231 t='Angle'
2026-08-13T04:04:18     param instanceCount: y=257 t='Instance count'
2026-08-13T04:04:18     param instanceCount: y=257 t='Instance count'
2026-08-13T04:04:18     param oppositeDirection: y=257 t=''
2026-08-13T04:04:18     param oppositeDirection: y=257 t=''
2026-08-13T04:04:18     param equalSpace: y=283 t='Equal spacing'
2026-08-13T04:04:18     param equalSpace: y=283 t='Equal spacing'
2026-08-13T04:04:18     param isCentered: y=310.3125 t='Centered'
2026-08-13T04:04:18     param isCentered: y=310.3125 t='Centered'
2026-08-13T04:04:18     param skipInstances: y=337.625 t='Skip instances'
2026-08-13T04:04:18     param skipInstances: y=337.625 t='Skip instances'
2026-08-13T04:04:44  about to switch the pattern type from Part pattern to Feature pattern; row {'x': 246, 'y': 108, 'width': 194, 'height': 28}
2026-08-13T04:04:45     'Feature pattern' items: [{'x': 257, 'y': 168.1875, 'width': 96.109375, 'height': 20}]
2026-08-13T04:04:47     patternType now 'Feature pattern'
2026-08-13T04:04:47     param patternType: y=108 t='Feature pattern'
2026-08-13T04:04:47     param patternType: y=108 t='Feature pattern'
2026-08-13T04:04:47     param operationType: y=136 t='New | Add | Remove | Intersect'
2026-08-13T04:04:47     param operationType: y=136 t='New | Add | Remove | Intersect'
2026-08-13T04:04:47     param entities: y=169 t='Entities to pattern'
2026-08-13T04:04:47     param entities: y=169 t='Entities to pattern'
2026-08-13T04:04:47     param axis: y=200 t='Axis of pattern'
2026-08-13T04:04:47     param axis: y=200 t='Axis of pattern'
2026-08-13T04:04:47     param angle: y=231 t='Angle'
2026-08-13T04:04:47     param angle: y=231 t='Angle'
2026-08-13T04:04:47     param instanceCount: y=257 t='Instance count'
2026-08-13T04:04:47     param instanceCount: y=257 t='Instance count'
2026-08-13T04:04:47     param oppositeDirection: y=257 t=''
2026-08-13T04:04:47     param oppositeDirection: y=257 t=''
2026-08-13T04:04:47     param equalSpace: y=283 t='Equal spacing'
2026-08-13T04:04:47     param equalSpace: y=283 t='Equal spacing'
2026-08-13T04:04:47     param isCentered: y=310.3125 t='Centered'
2026-08-13T04:04:47     param isCentered: y=310.3125 t='Centered'
2026-08-13T04:04:47     param skipInstances: y=337.625 t='Skip instances'
2026-08-13T04:04:47     param skipInstances: y=337.625 t='Skip instances'
2026-08-13T04:05:09  cropped screenshot 20-e-pattern-dialog-crop.png at (240,80) 340x320
2026-08-13T04:05:44  about to put 'Detent valley' and 'Break the valley rim' into Features to pattern
2026-08-13T04:06:14     clicked 'Detent valley'; entities field now '<none>'
2026-08-13T04:06:45     clicked 'Break the valley rim'; entities field now '<none>'
2026-08-13T04:06:45  about to click into 'Axis of pattern' at {'x': 249, 'y': 214, 'width': 214, 'height': 26} then pick the Pocket's rim edge
2026-08-13T04:06:48     axis field now 'Axis of pattern | Edge of Pocket | ×'
2026-08-13T04:07:00  cropped screenshot 20-g-pattern-filled-crop.png at (240,80) 340x340
2026-08-13T04:07:28  instance count pre-filled '4'; setting 24 (angle stays 360 — Equal spacing makes it the total sweep)
2026-08-13T04:07:28     instance count now '24'
2026-08-13T04:07:28     angle reads '360 deg'
2026-08-13T04:07:28  about to tick 'Reapply features' by clicking its label at {'x': 266, 'y': 369.625, 'width': 103.40625, 'height': 27.3125}
2026-08-13T04:07:33     dialog closed after 1 tick click(s)
2026-08-13T04:07:36  volume 2060.37909 -> 2052.08823, removed 8.29086 mm3 (predicted 23 x one valley plus its break = 8.29079)
2026-08-13T04:07:36     feature states: ['OK']
2026-08-13T04:07:36     last feature: Circular pattern 1
2026-08-13T04:07:37  about to rename 'Circular pattern 1' -> '24 detent valleys'; row box={'x': 66, 'y': 614.5, 'width': 164, 'height': 19.984375}
2026-08-13T04:07:39     rename edit box at {'x': 62, 'y': 613, 'width': 178, 'height': 24}
2026-08-13T04:07:39  renamed 'Circular pattern 1' -> '24 detent valleys' (box read back '24 detent valleys')
2026-08-13T04:08:06  stored '24 detent valleys': {"patternType": "FEATURE", "angle": 0.0, "instanceCount": 0.0, "equalSpace": true, "isCentered": false}
2026-08-13T04:08:06  about to open Mirror
2026-08-13T04:08:09     param patternType: y=108 t='Part mirror'
2026-08-13T04:08:09     param patternType: y=108 t='Part mirror'
2026-08-13T04:08:09     param operationType: y=136 t='New | Add | Remove | Intersect'
2026-08-13T04:08:09     param operationType: y=136 t='New | Add | Remove | Intersect'
2026-08-13T04:08:09     param entities: y=169 t='Entities to mirror'
2026-08-13T04:08:09     param entities: y=169 t='Entities to mirror'
2026-08-13T04:08:09     param mirrorPlane: y=200 t='Mirror plane'
2026-08-13T04:08:09     param mirrorPlane: y=200 t='Mirror plane'
2026-08-13T04:08:35  about to switch Mirror to 'Feature mirror'
2026-08-13T04:09:26  Mirror's patternType is not a <select>; clicking the row at {'x': 246, 'y': 108, 'width': 194, 'height': 28} to open its menu
2026-08-13T04:09:27     'Feature mirror' items: [{'x': 257, 'y': 168.1875, 'width': 90.203125, 'height': 20}]
2026-08-13T04:09:29     patternType now 'Feature mirror'
2026-08-13T04:09:43  about to add the four blade features to 'Features to mirror'
2026-08-13T04:09:49  about to click into 'Mirror plane' at {'x': 249, 'y': 262, 'width': 214, 'height': 26} then pick Front from the tree
2026-08-13T04:09:50     mirror plane field now 'Mirror plane | Front plane | ×'
2026-08-13T04:09:53  about to tick 'Reapply features' at {'x': 266, 'y': 311, 'width': 103.40625, 'height': 27.3125}
2026-08-13T04:10:18  about to accept the Mirror (Feature mirror, 4 features, Front plane, Reapply features on)
2026-08-13T04:10:21     dialog closed after 1 tick click(s)
2026-08-13T04:10:25  volume 2052.08823 -> 2039.63557, removed 12.45266 mm3 (predicted 12.45266)
2026-08-13T04:10:46  GET /features is 429ing (rate limit, per-endpoint); renaming through the GUI only
2026-08-13T04:10:47  about to rename 'Mirror 1' -> 'Mirror the blade features'; row box={'x': 66, 'y': 619.5, 'width': 164, 'height': 19.984375}
2026-08-13T04:10:49     rename edit box at {'x': 62, 'y': 618, 'width': 178, 'height': 24}
2026-08-13T04:10:50  renamed 'Mirror 1' -> 'Mirror the blade features' (box read back 'Mirror the blade features')
2026-08-13T04:10:52  tree rows read from the DOM: 
2026-08-13T04:11:52  about to measure the finished part with read-only FeatureScript (face census)
2026-08-13T04:12:21  about to measure the finished part with read-only FeatureScript (face census)
2026-08-13T04:13:48  about to take the face census of the finished part
2026-08-13T04:13:48     face kinds: {}
2026-08-13T04:13:48     cylinder radii: {}
2026-08-13T04:13:48     planes with a Y normal, at y = {}
2026-08-13T04:13:48     planes with a Z normal, at z = {}
2026-08-13T04:14:13  about to take the face census of the finished part
2026-08-13T04:15:40  about to take the face census of the finished part
2026-08-13T04:15:40     face kinds: {'PLANE': 70, 'CYL': 53, 'SPHERE': 1, 'TORUS': 48, 'BOX': 1, 'BODIES': 1}
2026-08-13T04:15:40     SPHERE r=3.000000 centre=(-0.000000, 0.000000, -24.000000)
2026-08-13T04:15:40     BODY BOX  x -6.00000..6.00000  y -6.00000..6.00000  z -27.00000..5.81000
2026-08-13T04:15:40     BODY SPAN x 12.00000  y 12.00000  z 32.81000
2026-08-13T04:15:40     solid bodies = 1
2026-08-13T04:15:40     cylinder radii: {0.5: 48, 1.1: 2, 1.5: 1, 5.81: 1, 6.0: 1}
2026-08-13T04:19:23  about to measure walls: face planes, the Ø12 face's extent, and the land between neighbouring valley rims
2026-08-13T04:19:23     bodyfaces 161
2026-08-13T04:19:23     BIGCYL r 5.810000000000001 box -5.810000000000001 -1.5 0 5.810000000000001 1.5 5.810000000000001
2026-08-13T04:19:23     BIGCYL r 5.999999999999999 box -5.999999999999999 -5.999999999999999 -20.000000000000004 5.999999999999999 5.999999999999999 0.07810249675928267
2026-08-13T04:19:23     REF TORUS centre -4.3368086899420177e-16 -1.4 4.8 major 0.6000000000000001
2026-08-13T04:19:23     LAND 0.05305144531249531
2026-08-13T04:19:23     REF TORUS box 4.2 5.3999999999999995
2026-08-13T04:20:29  rendered render-final-isometric.png (part 'Forearm and shin' alone)
2026-08-13T04:20:31  rendered render-final-front.png (part 'Forearm and shin' alone)
2026-08-13T04:20:32  rendered render-final-right.png (part 'Forearm and shin' alone)
2026-08-13T04:20:33  rendered render-final-top.png (part 'Forearm and shin' alone)
2026-08-13T04:23:06  ACCEPTANCE (all from read-only FeatureScript on the finished part, plus mass properties):
2026-08-13T04:23:06    blade thickness: planar faces with a Y normal at y=-1.50000 and y=+1.50000 -> 3.000
2026-08-13T04:23:06    blade half-width at the face: those two faces span x -5.80948..+5.80948 -> 11.61895 wide, which is sqrt(12^2/4 - 1.5^2)*2 exactly: the corners lie ON the 12 mm cylinder
2026-08-13T04:23:06    blade side faces (planes at x=+/-5.81) span y -1.49797..+1.49797, not +/-1.5: the last 0.002 mm of each side is cylinder, i.e. the trim left the corners on the round stock
2026-08-13T04:23:06    round stock: cylindrical face r 6.00000, z -20.000..+0.078; body box x -6.000..+6.000, y -6.000..+6.000 -> 12.000 across X and 12.000 across Y over the whole length
2026-08-13T04:23:06    joint centres: hinge axis cylinder r5.81 through z=0; sphere r 3.000000 centred (0, 0, -24) -> 24.000 between centres
2026-08-13T04:23:06    ball: one sphere face, r 3.000000 -> dia 6.000
2026-08-13T04:23:06    pocket: floors are planes at y=-0.5 and y=+0.5, each spanning x -1.1..1.1, z -1.1..1.1 -> dia 2.200, depth 1.000 per side, web 1.000 between the floors
2026-08-13T04:23:06    detent valleys: 24 planar floors at y=-1.05 and 24 at y=+1.05 -> depth 0.450, 48 total
2026-08-13T04:23:06    valley ring reach: rim torus box z 4.200..5.400 -> outer reach 5.400, so the land between the ring and the blade edge (5.81) is 0.410
2026-08-13T04:23:06    LAND BETWEEN NEIGHBOURING VALLEYS: evDistance from the 0 deg rim torus to every other torus = 0.05305 mm (the hinge run measured 0.053 - the same number on round stock)
2026-08-13T04:23:06    thinnest wall in the part = that 0.053 mm land, on the blade faces between neighbouring valleys; next thinnest is the 0.410 rim, then the 1.000 web
2026-08-13T04:23:06    final volume 2039.63557 mm3, 1 solid body, 161 faces on the body
2026-08-13T04:23:06  rendered the finished part alone: render-final-{isometric,front,right,top}.png, and looked at all four
2026-08-13T04:23:06    front render silhouette measured in pixels: limb band 402 px wide, blade band 388 px wide, part 1098 px tall -> 12.00 / 11.58 / 32.78 mm at 33.5 px/mm (drawing 32.81 tall)
2026-08-13T04:23:06    the width step is at z = -6.11, the set-back: round stock runs -6.11 down to -20, the blade occupies everything above it. The limb is NOT round stock for its full 24 mm.
2026-08-13T04:23:06    top render: the blade band's two ends touch the 12 mm circle exactly; nothing proud
2026-08-13T04:23:42  about to re-check every feature's name and state before publishing a version
2026-08-13T04:23:42     GET /features -> 200
2026-08-13T04:23:56  about to re-check every feature's name and state before publishing a version
2026-08-13T04:23:56     GET /features -> 200
2026-08-13T04:23:56     15 features: ['Blade profile', 'Blade blank', 'Limb section', 'Trim blade to limb', 'Limb', 'Ball stud profile', 'Ball stud', 'Blade face plane', 'Pocket circle', 'Pocket', 'Detent valley circle', 'Detent valley', 'Break the valley rim', '24 detent valleys', 'Mirror the blade features']
2026-08-13T04:23:56     states: ['OK']
2026-08-13T04:23:56     parts: [('Forearm and shin', 'JHD')]
2026-08-13T04:23:56     volume now 2039.63557 mm3
2026-08-13T04:24:16  about to hover the left-rail icon at (20,93) and read its tooltip before clicking
2026-08-13T04:24:17     tooltip: ['Create version…']
2026-08-13T04:24:19     visible inputs after the click: [({'x': 381.328125, 'y': 83.5, 'width': 300, 'height': 34}, 'V1'), ({'x': 79, 'y': 84, 'width': 158, 'height': 30}, '')]
2026-08-13T04:24:40  about to create version 'run3-limb-blade-ball-complete'; name box reads 'run3-limb-blade-ball-complete'
2026-08-13T04:24:45     version 'Start' id=e4d823ffe9d231b78ec17049 created=2026-08-13T04:26:55.949+00:00
2026-08-13T04:24:45     version 'run3-limb-blade-ball-complete' id=d05d157b5a04360a06b7e8a7 created=2026-08-13T08:24:40.951+00:00
2026-08-13T04:24:45  VERSION run3-limb-blade-ball-complete = d05d157b5a04360a06b7e8a7
2026-08-13T04:24:45     version link: https://cad.onshape.com/documents/8844e1331199cc35de25a417/v/d05d157b5a04360a06b7e8a7/e/e70b20b1b40fabbcf35f2956
2026-08-13T04:25:01  about to open the version link in my own page to prove it resolves
2026-08-13T04:25:11     version page title 'limb-blade-ball-run3 | Part Studio 1' url https://cad.onshape.com/documents/8844e1331199cc35de25a417/v/d05d157b5a04360a06b7e8a7/e/e70b20b1b40fabbcf35f2956
2026-08-13T04:25:14  about to go back to the live workspace
2026-08-13T04:25:24     workspace page title 'limb-blade-ball-run3 | Part Studio 1' url https://cad.onshape.com/documents/8844e1331199cc35de25a417/w/b5995fc863d4643895b80f15/e/e70b20b1b40fabbcf35f2956
2026-08-13T04:25:24     pages carrying LIMBBB2_RUN3_3b7e91: 1
2026-08-13T04:30:04  VERSION run3-limb-blade-ball-complete = d05d157b5a04360a06b7e8a7; both links opened and resolved
2026-08-13T04:30:04  wrote build-notes.md (where the work is, click path, acceptance measurements, what did not work, what the brief never said, four-limbs-two-parts, retrospective)
2026-08-13T04:30:04  did NOT commit: five other agents are writing into this same working tree tonight, and a commit here would sweep up their unfinished files. Nothing was staged.
2026-08-13T04:30:04  RUN COMPLETE - stamp LIMBBB2_RUN3_3b7e91; page left open on the live workspace, never closed, never brought to front
